[2026-05-27T03:20:19Z] [info] inspirational_post | ✨ Breathe — you're allowed to pause.
[2026-05-27T03:20:19Z] [info] quote_posted | Breathe — you're allowed to pause.
[2026-05-27T07:20:19Z] [info] inspirational_post | ✨ Let the noise settle. You can hear yourself again.
[2026-05-27T07:20:19Z] [info] quote_posted | Let the noise settle. You can hear yourself again.
[2026-05-27T10:59:47Z] [info] garth_tool | resume_voice_session {"": {}}
[2026-05-27T10:59:51Z] [info] ambient_pick | local:relaxing-piano-clavier.mp3
[2026-05-27T10:59:51Z] [info] ambient_now_playing | relaxing piano clavier
[2026-05-27T11:02:03Z] [info] ambient_pick | local:ambient_fallback.mp3
[2026-05-27T11:02:03Z] [info] ambient_now_playing | ambient fallback
[2026-05-27T11:07:24Z] [info] ambient_pick | local:mushroom-temple-drift.mp3
[2026-05-27T11:07:24Z] [info] ambient_now_playing | mushroom temple drift
[2026-05-27T11:15:27Z] [info] ambient_pick | local:spiritual-meditation-mountain.mp3
[2026-05-27T11:15:28Z] [info] ambient_now_playing | spiritual meditation mountain
[2026-05-27T11:20:20Z] [info] inspirational_post | ✨ Trust the pace your nervous system asks for.
[2026-05-27T11:20:20Z] [info] quote_posted | Trust the pace your nervous system asks for.
[2026-05-27T11:20:58Z] [info] ambient_pick | local:meditation-leberch.mp3
[2026-05-27T11:20:58Z] [info] ambient_now_playing | meditation leberch
[2026-05-27T11:23:56Z] [info] ambient_pick | local:ambient_fallback.mp3
[2026-05-27T11:23:56Z] [info] ambient_now_playing | ambient fallback
[2026-05-27T11:29:16Z] [info] ambient_pick | local:mushroom-temple-drift.mp3
[2026-05-27T11:29:16Z] [info] ambient_now_playing | mushroom temple drift
[2026-05-27T11:37:20Z] [info] ambient_pick | local:ambient_fallback.mp3
[2026-05-27T11:37:20Z] [info] ambient_now_playing | ambient fallback
[2026-05-27T11:42:41Z] [info] ambient_pick | local:relaxation-sleep-jean-angius.mp3
[2026-05-27T11:42:41Z] [info] ambient_now_playing | relaxation sleep jean angius
[2026-05-27T11:45:18Z] [info] ambient_pick | local:meditation-leberch.mp3
[2026-05-27T11:45:18Z] [info] ambient_now_playing | meditation leberch
[2026-05-27T11:46:39Z] [info] garth_tool | pause_voice_session {"": {}}
[2026-05-27T12:02:22Z] [info] garth_tool | resume_voice_session {"": {}}
[2026-05-27T12:04:00Z] [info] ambient_pick | local:ambient_fallback.mp3
[2026-05-27T12:04:00Z] [info] ambient_now_playing | ambient fallback
[2026-05-27T12:09:21Z] [info] ambient_pick | local:spiritual-meditation-mountain.mp3
[2026-05-27T12:09:21Z] [info] ambient_now_playing | spiritual meditation mountain
[2026-05-27T12:09:48Z] [info] garth_tool | pause_voice_session {"": {}}
[2026-05-27T15:20:20Z] [info] inspirational_post | ✨ Progress isn't always loud.
[2026-05-27T15:20:20Z] [info] quote_posted | Progress isn't always loud.
[2026-05-27T19:20:20Z] [info] inspirational_post | ✨ You are allowed to rest without earning it.
[2026-05-27T19:20:20Z] [info] quote_posted | You are allowed to rest without earning it.
