[2026-05-31T00:05:55Z] [info] ambient_pick | local:ambient_fallback.mp3
[2026-05-31T00:05:55Z] [info] ambient_now_playing | ambient fallback
[2026-05-31T00:11:16Z] [info] ambient_pick | local:zen-instrumental-ambient.mp3
[2026-05-31T00:11:16Z] [info] ambient_now_playing | zen instrumental ambient
[2026-05-31T00:16:46Z] [info] ambient_pick | local:meditation-leberch.mp3
[2026-05-31T00:16:46Z] [info] ambient_now_playing | meditation leberch
[2026-05-31T00:19:44Z] [info] ambient_pick | local:calm-my-mind.mp3
[2026-05-31T00:19:44Z] [info] ambient_now_playing | calm my mind
[2026-05-31T00:22:44Z] [info] ambient_pick | local:relaxing-piano-clavier.mp3
[2026-05-31T00:22:44Z] [info] ambient_now_playing | relaxing piano clavier
[2026-05-31T00:24:55Z] [info] ambient_pick | local:dreamcatcher-calm-ambient.mp3
[2026-05-31T00:24:55Z] [info] ambient_now_playing | dreamcatcher calm ambient
[2026-05-31T00:29:12Z] [info] ambient_pick | local:violet-orbit.mp3
[2026-05-31T00:29:12Z] [info] ambient_now_playing | violet orbit
[2026-05-31T00:34:53Z] [info] ambient_pick | local:peaceful-background-calm.mp3
[2026-05-31T00:34:53Z] [info] ambient_now_playing | peaceful background calm
[2026-05-31T00:36:58Z] [info] ambient_pick | local:positive-mood-ambient.mp3
[2026-05-31T00:36:58Z] [info] ambient_now_playing | positive mood ambient
[2026-05-31T00:42:13Z] [info] ambient_pick | local:five-minute-royalty-calm.mp3
[2026-05-31T00:42:13Z] [info] ambient_now_playing | five minute royalty calm
[2026-05-31T00:47:35Z] [info] ambient_pick | local:relaxation-sleep-jean-angius.mp3
[2026-05-31T00:47:35Z] [info] ambient_now_playing | relaxation sleep jean angius
[2026-05-31T00:50:12Z] [info] ambient_pick | local:five-minute-relaxing-calm.mp3
[2026-05-31T00:50:12Z] [info] ambient_now_playing | five minute relaxing calm
[2026-05-31T00:56:51Z] [info] ambient_pick | local:spiritual-meditation-mountain.mp3
[2026-05-31T00:56:51Z] [info] ambient_now_playing | spiritual meditation mountain
[2026-05-31T01:02:21Z] [info] ambient_pick | local:lost-ambient-pads.mp3
[2026-05-31T01:02:21Z] [info] ambient_now_playing | lost ambient pads
[2026-05-31T01:05:41Z] [info] ambient_pick | local:zen-instrumental-ambient.mp3
[2026-05-31T01:05:41Z] [info] ambient_now_playing | zen instrumental ambient
[2026-05-31T01:11:11Z] [info] ambient_pick | local:relax-five-minute-calm.mp3
[2026-05-31T01:11:11Z] [info] ambient_now_playing | relax five minute calm
[2026-05-31T01:16:28Z] [info] ambient_pick | local:calm-my-mind.mp3
[2026-05-31T01:16:28Z] [info] ambient_now_playing | calm my mind
[2026-05-31T01:19:28Z] [info] ambient_pick | local:ambient_fallback.mp3
[2026-05-31T01:19:28Z] [info] ambient_now_playing | ambient fallback
[2026-05-31T01:24:49Z] [info] ambient_pick | local:dreamcatcher-calm-ambient.mp3
[2026-05-31T01:24:49Z] [info] ambient_now_playing | dreamcatcher calm ambient
[2026-05-31T01:29:06Z] [info] ambient_pick | local:violet-orbit.mp3
[2026-05-31T01:29:06Z] [info] ambient_now_playing | violet orbit
[2026-05-31T01:34:46Z] [info] ambient_pick | local:meditation-leberch.mp3
[2026-05-31T01:34:46Z] [info] ambient_now_playing | meditation leberch
[2026-05-31T01:37:44Z] [info] ambient_pick | local:free-ambient-meditation.mp3
[2026-05-31T01:37:44Z] [info] ambient_now_playing | free ambient meditation
[2026-05-31T01:42:31Z] [info] inspirational_post | ✨ You are allowed to rest without earning it.
[2026-05-31T01:42:31Z] [info] quote_posted | You are allowed to rest without earning it.
[2026-05-31T01:49:00Z] [info] ambient_pick | local:fragments-aerhead-ambient.mp3
[2026-05-31T01:49:00Z] [info] ambient_now_playing | fragments aerhead ambient
[2026-05-31T01:54:34Z] [info] ambient_pick | local:positive-mood-ambient.mp3
[2026-05-31T01:54:34Z] [info] ambient_now_playing | positive mood ambient
[2026-05-31T01:59:49Z] [info] ambient_pick | local:relaxing-piano-clavier.mp3
[2026-05-31T01:59:49Z] [info] ambient_now_playing | relaxing piano clavier
[2026-05-31T02:02:01Z] [info] ambient_pick | local:mushroom-temple-drift.mp3
[2026-05-31T02:02:01Z] [info] ambient_now_playing | mushroom temple drift
[2026-05-31T02:10:05Z] [info] ambient_pick | local:relaxation-sleep-jean-angius.mp3
[2026-05-31T02:10:05Z] [info] ambient_now_playing | relaxation sleep jean angius
[2026-05-31T02:12:42Z] [info] ambient_pick | local:zen-instrumental-ambient.mp3
[2026-05-31T02:12:42Z] [info] ambient_now_playing | zen instrumental ambient
[2026-05-31T02:18:12Z] [info] ambient_pick | local:five-minute-relaxing-calm.mp3
[2026-05-31T02:18:12Z] [info] ambient_now_playing | five minute relaxing calm
[2026-05-31T02:24:50Z] [info] ambient_pick | local:calm-my-mind.mp3
[2026-05-31T02:24:50Z] [info] ambient_now_playing | calm my mind
[2026-05-31T02:27:49Z] [info] ambient_pick | local:peaceful-background-calm.mp3
[2026-05-31T02:27:49Z] [info] ambient_now_playing | peaceful background calm
[2026-05-31T02:29:55Z] [info] ambient_pick | local:relax-five-minute-calm.mp3
[2026-05-31T02:29:55Z] [info] ambient_now_playing | relax five minute calm
[2026-05-31T02:35:12Z] [info] ambient_pick | local:five-minute-royalty-calm.mp3
[2026-05-31T02:35:12Z] [info] ambient_now_playing | five minute royalty calm
[2026-05-31T02:40:34Z] [info] ambient_pick | local:meditation-leberch.mp3
[2026-05-31T02:40:34Z] [info] ambient_now_playing | meditation leberch
[2026-05-31T02:43:32Z] [info] ambient_pick | local:lost-ambient-pads.mp3
[2026-05-31T02:43:32Z] [info] ambient_now_playing | lost ambient pads
[2026-05-31T02:46:53Z] [info] ambient_pick | local:dreamcatcher-calm-ambient.mp3
[2026-05-31T02:46:53Z] [info] ambient_now_playing | dreamcatcher calm ambient
[2026-05-31T02:51:10Z] [info] ambient_pick | local:spiritual-meditation-mountain.mp3
[2026-05-31T02:51:10Z] [info] ambient_now_playing | spiritual meditation mountain
[2026-05-31T02:56:40Z] [info] ambient_pick | local:positive-mood-ambient.mp3
[2026-05-31T02:56:40Z] [info] ambient_now_playing | positive mood ambient
[2026-05-31T03:01:55Z] [info] ambient_pick | local:relaxing-piano-clavier.mp3
[2026-05-31T03:01:55Z] [info] ambient_now_playing | relaxing piano clavier
[2026-05-31T03:04:07Z] [info] ambient_pick | local:violet-orbit.mp3
[2026-05-31T03:04:07Z] [info] ambient_now_playing | violet orbit
[2026-05-31T03:09:47Z] [info] ambient_pick | local:mushroom-temple-drift.mp3
[2026-05-31T03:09:47Z] [info] ambient_now_playing | mushroom temple drift
[2026-05-31T03:17:51Z] [info] ambient_pick | local:five-minute-relaxing-calm.mp3
[2026-05-31T03:17:51Z] [info] ambient_now_playing | five minute relaxing calm
[2026-05-31T03:24:29Z] [info] ambient_pick | local:zen-instrumental-ambient.mp3
[2026-05-31T03:24:29Z] [info] ambient_now_playing | zen instrumental ambient
[2026-05-31T03:29:59Z] [info] ambient_pick | local:ambient_fallback.mp3
[2026-05-31T03:29:59Z] [info] ambient_now_playing | ambient fallback
[2026-05-31T03:35:20Z] [info] ambient_pick | local:free-ambient-meditation.mp3
[2026-05-31T03:35:20Z] [info] ambient_now_playing | free ambient meditation
[2026-05-31T03:46:36Z] [info] ambient_pick | local:calm-my-mind.mp3
[2026-05-31T03:46:36Z] [info] ambient_now_playing | calm my mind
[2026-05-31T03:49:35Z] [info] ambient_pick | local:five-minute-royalty-calm.mp3
[2026-05-31T03:49:35Z] [info] ambient_now_playing | five minute royalty calm
[2026-05-31T03:54:57Z] [info] ambient_pick | local:relax-five-minute-calm.mp3
[2026-05-31T03:54:57Z] [info] ambient_now_playing | relax five minute calm
[2026-05-31T04:00:15Z] [info] ambient_pick | local:relaxation-sleep-jean-angius.mp3
[2026-05-31T04:00:15Z] [info] ambient_now_playing | relaxation sleep jean angius
[2026-05-31T04:02:52Z] [info] ambient_pick | local:peaceful-background-calm.mp3
[2026-05-31T04:02:52Z] [info] ambient_now_playing | peaceful background calm
[2026-05-31T04:04:57Z] [info] ambient_pick | local:lost-ambient-pads.mp3
[2026-05-31T04:04:58Z] [info] ambient_now_playing | lost ambient pads
[2026-05-31T04:08:18Z] [info] ambient_pick | local:positive-mood-ambient.mp3
[2026-05-31T04:08:18Z] [info] ambient_now_playing | positive mood ambient
[2026-05-31T04:13:33Z] [info] ambient_pick | local:fragments-aerhead-ambient.mp3
[2026-05-31T04:13:33Z] [info] ambient_now_playing | fragments aerhead ambient
[2026-05-31T04:19:07Z] [info] ambient_pick | local:relaxing-piano-clavier.mp3
[2026-05-31T04:19:07Z] [info] ambient_now_playing | relaxing piano clavier
[2026-05-31T04:21:18Z] [info] ambient_pick | local:meditation-leberch.mp3
[2026-05-31T04:21:18Z] [info] ambient_now_playing | meditation leberch
[2026-05-31T04:24:16Z] [info] ambient_pick | local:spiritual-meditation-mountain.mp3
[2026-05-31T04:24:16Z] [info] ambient_now_playing | spiritual meditation mountain
[2026-05-31T04:29:46Z] [info] ambient_pick | local:ambient_fallback.mp3
[2026-05-31T04:29:46Z] [info] ambient_now_playing | ambient fallback
[2026-05-31T04:35:07Z] [info] ambient_pick | local:free-ambient-meditation.mp3
[2026-05-31T04:35:07Z] [info] ambient_now_playing | free ambient meditation
[2026-05-31T04:46:23Z] [info] ambient_pick | local:mushroom-temple-drift.mp3
[2026-05-31T04:46:23Z] [info] ambient_now_playing | mushroom temple drift
[2026-05-31T04:54:27Z] [info] ambient_pick | local:zen-instrumental-ambient.mp3
[2026-05-31T04:54:27Z] [info] ambient_now_playing | zen instrumental ambient
[2026-05-31T04:59:57Z] [info] ambient_pick | local:dreamcatcher-calm-ambient.mp3
[2026-05-31T04:59:57Z] [info] ambient_now_playing | dreamcatcher calm ambient
[2026-05-31T05:04:14Z] [info] ambient_pick | local:five-minute-royalty-calm.mp3
[2026-05-31T05:04:14Z] [info] ambient_now_playing | five minute royalty calm
[2026-05-31T05:09:36Z] [info] ambient_pick | local:relax-five-minute-calm.mp3
[2026-05-31T05:09:36Z] [info] ambient_now_playing | relax five minute calm
[2026-05-31T05:14:54Z] [info] ambient_pick | local:peaceful-background-calm.mp3
[2026-05-31T05:14:54Z] [info] ambient_now_playing | peaceful background calm
[2026-05-31T05:16:59Z] [info] ambient_pick | local:relaxation-sleep-jean-angius.mp3
[2026-05-31T05:16:59Z] [info] ambient_now_playing | relaxation sleep jean angius
[2026-05-31T05:19:37Z] [info] ambient_pick | local:calm-my-mind.mp3
[2026-05-31T05:19:37Z] [info] ambient_now_playing | calm my mind
[2026-05-31T05:22:36Z] [info] ambient_pick | local:violet-orbit.mp3
[2026-05-31T05:22:36Z] [info] ambient_now_playing | violet orbit
[2026-05-31T05:28:16Z] [info] ambient_pick | local:five-minute-relaxing-calm.mp3
[2026-05-31T05:28:16Z] [info] ambient_now_playing | five minute relaxing calm
[2026-05-31T05:34:55Z] [info] ambient_pick | local:relaxing-piano-clavier.mp3
[2026-05-31T05:34:55Z] [info] ambient_now_playing | relaxing piano clavier
[2026-05-31T05:37:06Z] [info] ambient_pick | local:positive-mood-ambient.mp3
[2026-05-31T05:37:06Z] [info] ambient_now_playing | positive mood ambient
[2026-05-31T05:42:21Z] [info] ambient_pick | local:spiritual-meditation-mountain.mp3
[2026-05-31T05:42:21Z] [info] ambient_now_playing | spiritual meditation mountain
[2026-05-31T05:42:31Z] [info] inspirational_post | ✨ Your effort today is enough for today.
[2026-05-31T05:42:31Z] [info] quote_posted | Your effort today is enough for today.
[2026-05-31T05:47:51Z] [info] ambient_pick | local:mushroom-temple-drift.mp3
[2026-05-31T05:47:51Z] [info] ambient_now_playing | mushroom temple drift
[2026-05-31T05:55:55Z] [info] ambient_pick | local:zen-instrumental-ambient.mp3
[2026-05-31T05:55:55Z] [info] ambient_now_playing | zen instrumental ambient
[2026-05-31T06:01:25Z] [info] ambient_pick | local:fragments-aerhead-ambient.mp3
[2026-05-31T06:01:25Z] [info] ambient_now_playing | fragments aerhead ambient
[2026-05-31T06:06:59Z] [info] ambient_pick | local:ambient_fallback.mp3
[2026-05-31T06:06:59Z] [info] ambient_now_playing | ambient fallback
[2026-05-31T06:12:19Z] [info] ambient_pick | local:dreamcatcher-calm-ambient.mp3
[2026-05-31T06:12:19Z] [info] ambient_now_playing | dreamcatcher calm ambient
[2026-05-31T06:16:37Z] [info] ambient_pick | local:meditation-leberch.mp3
[2026-05-31T06:16:37Z] [info] ambient_now_playing | meditation leberch
[2026-05-31T06:19:35Z] [info] ambient_pick | local:five-minute-royalty-calm.mp3
[2026-05-31T06:19:35Z] [info] ambient_now_playing | five minute royalty calm
[2026-05-31T06:24:57Z] [info] ambient_pick | local:peaceful-background-calm.mp3
[2026-05-31T06:24:57Z] [info] ambient_now_playing | peaceful background calm
[2026-05-31T06:27:02Z] [info] ambient_pick | local:free-ambient-meditation.mp3
[2026-05-31T06:27:02Z] [info] ambient_now_playing | free ambient meditation
[2026-05-31T06:38:19Z] [info] ambient_pick | local:five-minute-relaxing-calm.mp3
[2026-05-31T06:38:19Z] [info] ambient_now_playing | five minute relaxing calm
[2026-05-31T06:44:57Z] [info] ambient_pick | local:relax-five-minute-calm.mp3
[2026-05-31T06:44:57Z] [info] ambient_now_playing | relax five minute calm
[2026-05-31T06:50:14Z] [info] ambient_pick | local:calm-my-mind.mp3
[2026-05-31T06:50:14Z] [info] ambient_now_playing | calm my mind
[2026-05-31T06:53:14Z] [info] ambient_pick | local:spiritual-meditation-mountain.mp3
[2026-05-31T06:53:14Z] [info] ambient_now_playing | spiritual meditation mountain
[2026-05-31T06:58:44Z] [info] ambient_pick | local:positive-mood-ambient.mp3
[2026-05-31T06:58:44Z] [info] ambient_now_playing | positive mood ambient
[2026-05-31T07:03:59Z] [info] ambient_pick | local:lost-ambient-pads.mp3
[2026-05-31T07:03:59Z] [info] ambient_now_playing | lost ambient pads
[2026-05-31T07:07:19Z] [info] ambient_pick | local:relaxing-piano-clavier.mp3
[2026-05-31T07:07:19Z] [info] ambient_now_playing | relaxing piano clavier
[2026-05-31T07:09:30Z] [info] ambient_pick | local:violet-orbit.mp3
[2026-05-31T07:09:30Z] [info] ambient_now_playing | violet orbit
[2026-05-31T07:15:11Z] [info] ambient_pick | local:mushroom-temple-drift.mp3
[2026-05-31T07:15:11Z] [info] ambient_now_playing | mushroom temple drift
[2026-05-31T07:23:15Z] [info] ambient_pick | local:ambient_fallback.mp3
[2026-05-31T07:23:15Z] [info] ambient_now_playing | ambient fallback
[2026-05-31T07:28:36Z] [info] ambient_pick | local:fragments-aerhead-ambient.mp3
[2026-05-31T07:28:36Z] [info] ambient_now_playing | fragments aerhead ambient
[2026-05-31T07:34:09Z] [info] ambient_pick | local:peaceful-background-calm.mp3
[2026-05-31T07:34:09Z] [info] ambient_now_playing | peaceful background calm
[2026-05-31T07:36:15Z] [info] ambient_pick | local:meditation-leberch.mp3
[2026-05-31T07:36:15Z] [info] ambient_now_playing | meditation leberch
[2026-05-31T07:39:13Z] [info] ambient_pick | local:dreamcatcher-calm-ambient.mp3
[2026-05-31T07:39:13Z] [info] ambient_now_playing | dreamcatcher calm ambient
[2026-05-31T07:43:30Z] [info] ambient_pick | local:relax-five-minute-calm.mp3
[2026-05-31T07:43:30Z] [info] ambient_now_playing | relax five minute calm
[2026-05-31T07:48:48Z] [info] ambient_pick | local:free-ambient-meditation.mp3
[2026-05-31T07:48:48Z] [info] ambient_now_playing | free ambient meditation
[2026-05-31T08:00:05Z] [info] ambient_pick | local:relaxation-sleep-jean-angius.mp3
[2026-05-31T08:00:05Z] [info] ambient_now_playing | relaxation sleep jean angius
[2026-05-31T08:02:42Z] [info] ambient_pick | local:positive-mood-ambient.mp3
[2026-05-31T08:02:42Z] [info] ambient_now_playing | positive mood ambient
[2026-05-31T08:07:57Z] [info] ambient_pick | local:zen-instrumental-ambient.mp3
[2026-05-31T08:07:57Z] [info] ambient_now_playing | zen instrumental ambient
[2026-05-31T08:13:27Z] [info] ambient_pick | local:relaxing-piano-clavier.mp3
[2026-05-31T08:13:27Z] [info] ambient_now_playing | relaxing piano clavier
[2026-05-31T08:15:38Z] [info] ambient_pick | local:spiritual-meditation-mountain.mp3
[2026-05-31T08:15:38Z] [info] ambient_now_playing | spiritual meditation mountain
[2026-05-31T08:21:08Z] [info] ambient_pick | local:calm-my-mind.mp3
[2026-05-31T08:21:08Z] [info] ambient_now_playing | calm my mind
[2026-05-31T08:24:08Z] [info] ambient_pick | local:five-minute-royalty-calm.mp3
[2026-05-31T08:24:08Z] [info] ambient_now_playing | five minute royalty calm
[2026-05-31T08:29:30Z] [info] ambient_pick | local:five-minute-relaxing-calm.mp3
[2026-05-31T08:29:30Z] [info] ambient_now_playing | five minute relaxing calm
[2026-05-31T08:36:08Z] [info] ambient_pick | local:violet-orbit.mp3
[2026-05-31T08:36:08Z] [info] ambient_now_playing | violet orbit
[2026-05-31T08:41:48Z] [info] ambient_pick | local:fragments-aerhead-ambient.mp3
[2026-05-31T08:41:48Z] [info] ambient_now_playing | fragments aerhead ambient
[2026-05-31T08:47:22Z] [info] ambient_pick | local:mushroom-temple-drift.mp3
[2026-05-31T08:47:22Z] [info] ambient_now_playing | mushroom temple drift
[2026-05-31T08:55:26Z] [info] ambient_pick | local:peaceful-background-calm.mp3
[2026-05-31T08:55:26Z] [info] ambient_now_playing | peaceful background calm
[2026-05-31T08:57:31Z] [info] ambient_pick | local:ambient_fallback.mp3
[2026-05-31T08:57:31Z] [info] ambient_now_playing | ambient fallback
[2026-05-31T09:02:52Z] [info] ambient_pick | local:relax-five-minute-calm.mp3
[2026-05-31T09:02:52Z] [info] ambient_now_playing | relax five minute calm
[2026-05-31T09:08:10Z] [info] ambient_pick | local:relaxation-sleep-jean-angius.mp3
[2026-05-31T09:08:10Z] [info] ambient_now_playing | relaxation sleep jean angius
[2026-05-31T09:10:47Z] [info] ambient_pick | local:lost-ambient-pads.mp3
[2026-05-31T09:10:47Z] [info] ambient_now_playing | lost ambient pads
[2026-05-31T09:14:07Z] [info] ambient_pick | local:free-ambient-meditation.mp3
[2026-05-31T09:14:07Z] [info] ambient_now_playing | free ambient meditation
[2026-05-31T09:25:24Z] [info] ambient_pick | local:relaxing-piano-clavier.mp3
[2026-05-31T09:25:24Z] [info] ambient_now_playing | relaxing piano clavier
[2026-05-31T09:27:35Z] [info] ambient_pick | local:calm-my-mind.mp3
[2026-05-31T09:27:35Z] [info] ambient_now_playing | calm my mind
[2026-05-31T09:30:34Z] [info] ambient_pick | local:zen-instrumental-ambient.mp3
[2026-05-31T09:30:34Z] [info] ambient_now_playing | zen instrumental ambient
[2026-05-31T09:36:04Z] [info] ambient_pick | local:five-minute-relaxing-calm.mp3
[2026-05-31T09:36:04Z] [info] ambient_now_playing | five minute relaxing calm
[2026-05-31T09:42:32Z] [info] inspirational_post | ✨ Calm is a skill you can practice.
[2026-05-31T09:42:32Z] [info] quote_posted | Calm is a skill you can practice.
[2026-05-31T09:42:42Z] [info] ambient_pick | local:violet-orbit.mp3
[2026-05-31T09:42:42Z] [info] ambient_now_playing | violet orbit
[2026-05-31T09:48:23Z] [info] ambient_pick | local:meditation-leberch.mp3
[2026-05-31T09:48:23Z] [info] ambient_now_playing | meditation leberch
[2026-05-31T09:51:21Z] [info] ambient_pick | local:five-minute-royalty-calm.mp3
[2026-05-31T09:51:21Z] [info] ambient_now_playing | five minute royalty calm
[2026-05-31T09:56:43Z] [info] ambient_pick | local:fragments-aerhead-ambient.mp3
[2026-05-31T09:56:43Z] [info] ambient_now_playing | fragments aerhead ambient
[2026-05-31T10:02:17Z] [info] ambient_pick | local:peaceful-background-calm.mp3
[2026-05-31T10:02:17Z] [info] ambient_now_playing | peaceful background calm
[2026-05-31T10:04:22Z] [info] ambient_pick | local:spiritual-meditation-mountain.mp3
[2026-05-31T10:04:22Z] [info] ambient_now_playing | spiritual meditation mountain
[2026-05-31T10:09:52Z] [info] ambient_pick | local:relax-five-minute-calm.mp3
[2026-05-31T10:09:52Z] [info] ambient_now_playing | relax five minute calm
[2026-05-31T10:15:10Z] [info] ambient_pick | local:relaxation-sleep-jean-angius.mp3
[2026-05-31T10:15:10Z] [info] ambient_now_playing | relaxation sleep jean angius
[2026-05-31T10:17:47Z] [info] ambient_pick | local:mushroom-temple-drift.mp3
[2026-05-31T10:17:47Z] [info] ambient_now_playing | mushroom temple drift
[2026-05-31T10:25:51Z] [info] ambient_pick | local:free-ambient-meditation.mp3
[2026-05-31T10:25:51Z] [info] ambient_now_playing | free ambient meditation
[2026-05-31T10:37:07Z] [info] ambient_pick | local:lost-ambient-pads.mp3
[2026-05-31T10:37:07Z] [info] ambient_now_playing | lost ambient pads
[2026-05-31T10:40:27Z] [info] ambient_pick | local:positive-mood-ambient.mp3
[2026-05-31T10:40:27Z] [info] ambient_now_playing | positive mood ambient
[2026-05-31T10:45:42Z] [info] ambient_pick | local:dreamcatcher-calm-ambient.mp3
[2026-05-31T10:45:42Z] [info] ambient_now_playing | dreamcatcher calm ambient
[2026-05-31T10:50:00Z] [info] ambient_pick | local:zen-instrumental-ambient.mp3
[2026-05-31T10:50:00Z] [info] ambient_now_playing | zen instrumental ambient
[2026-05-31T10:55:30Z] [info] ambient_pick | local:relaxing-piano-clavier.mp3
[2026-05-31T10:55:30Z] [info] ambient_now_playing | relaxing piano clavier
[2026-05-31T10:57:41Z] [info] ambient_pick | local:meditation-leberch.mp3
[2026-05-31T10:57:41Z] [info] ambient_now_playing | meditation leberch
[2026-05-31T11:00:39Z] [info] ambient_pick | local:calm-my-mind.mp3
[2026-05-31T11:00:39Z] [info] ambient_now_playing | calm my mind
[2026-05-31T11:03:38Z] [info] ambient_pick | local:fragments-aerhead-ambient.mp3
[2026-05-31T11:03:38Z] [info] ambient_now_playing | fragments aerhead ambient
[2026-05-31T11:09:12Z] [info] ambient_pick | local:five-minute-royalty-calm.mp3
[2026-05-31T11:09:12Z] [info] ambient_now_playing | five minute royalty calm
[2026-05-31T11:14:34Z] [info] ambient_pick | local:spiritual-meditation-mountain.mp3
[2026-05-31T11:14:34Z] [info] ambient_now_playing | spiritual meditation mountain
[2026-05-31T11:20:04Z] [info] ambient_pick | local:ambient_fallback.mp3
[2026-05-31T11:20:04Z] [info] ambient_now_playing | ambient fallback
[2026-05-31T11:25:25Z] [info] ambient_pick | local:relaxation-sleep-jean-angius.mp3
[2026-05-31T11:25:25Z] [info] ambient_now_playing | relaxation sleep jean angius
[2026-05-31T11:28:02Z] [info] ambient_pick | local:free-ambient-meditation.mp3
[2026-05-31T11:28:02Z] [info] ambient_now_playing | free ambient meditation
[2026-05-31T11:39:19Z] [info] ambient_pick | local:violet-orbit.mp3
[2026-05-31T11:39:19Z] [info] ambient_now_playing | violet orbit
[2026-05-31T11:44:59Z] [info] ambient_pick | local:positive-mood-ambient.mp3
[2026-05-31T11:44:59Z] [info] ambient_now_playing | positive mood ambient
[2026-05-31T11:50:14Z] [info] ambient_pick | local:peaceful-background-calm.mp3
[2026-05-31T11:50:14Z] [info] ambient_now_playing | peaceful background calm
[2026-05-31T11:52:19Z] [info] ambient_pick | local:zen-instrumental-ambient.mp3
[2026-05-31T11:52:19Z] [info] ambient_now_playing | zen instrumental ambient
[2026-05-31T11:57:49Z] [info] ambient_pick | local:mushroom-temple-drift.mp3
[2026-05-31T11:57:49Z] [info] ambient_now_playing | mushroom temple drift
[2026-05-31T12:05:53Z] [info] ambient_pick | local:relaxing-piano-clavier.mp3
[2026-05-31T12:05:53Z] [info] ambient_now_playing | relaxing piano clavier
[2026-05-31T12:08:05Z] [info] ambient_pick | local:calm-my-mind.mp3
[2026-05-31T12:08:05Z] [info] ambient_now_playing | calm my mind
[2026-05-31T12:11:04Z] [info] ambient_pick | local:fragments-aerhead-ambient.mp3
[2026-05-31T12:11:04Z] [info] ambient_now_playing | fragments aerhead ambient
[2026-05-31T12:16:38Z] [info] ambient_pick | local:five-minute-royalty-calm.mp3
[2026-05-31T12:16:38Z] [info] ambient_now_playing | five minute royalty calm
[2026-05-31T12:22:00Z] [info] ambient_pick | local:spiritual-meditation-mountain.mp3
[2026-05-31T12:22:00Z] [info] ambient_now_playing | spiritual meditation mountain
[2026-05-31T12:27:30Z] [info] ambient_pick | local:dreamcatcher-calm-ambient.mp3
[2026-05-31T12:27:30Z] [info] ambient_now_playing | dreamcatcher calm ambient
[2026-05-31T12:31:47Z] [info] ambient_pick | local:ambient_fallback.mp3
[2026-05-31T12:31:47Z] [info] ambient_now_playing | ambient fallback
[2026-05-31T12:37:08Z] [info] ambient_pick | local:lost-ambient-pads.mp3
[2026-05-31T12:37:08Z] [info] ambient_now_playing | lost ambient pads
[2026-05-31T12:40:29Z] [info] ambient_pick | local:free-ambient-meditation.mp3
[2026-05-31T12:40:29Z] [info] ambient_now_playing | free ambient meditation
[2026-05-31T12:51:45Z] [info] ambient_pick | local:relaxation-sleep-jean-angius.mp3
[2026-05-31T12:51:45Z] [info] ambient_now_playing | relaxation sleep jean angius
[2026-05-31T12:54:22Z] [info] ambient_pick | local:five-minute-relaxing-calm.mp3
[2026-05-31T12:54:22Z] [info] ambient_now_playing | five minute relaxing calm
[2026-05-31T13:01:00Z] [info] ambient_pick | local:relax-five-minute-calm.mp3
[2026-05-31T13:01:00Z] [info] ambient_now_playing | relax five minute calm
[2026-05-31T13:06:18Z] [info] ambient_pick | local:meditation-leberch.mp3
[2026-05-31T13:06:18Z] [info] ambient_now_playing | meditation leberch
[2026-05-31T13:09:16Z] [info] ambient_pick | local:relaxing-piano-clavier.mp3
[2026-05-31T13:09:16Z] [info] ambient_now_playing | relaxing piano clavier
[2026-05-31T13:11:27Z] [info] ambient_pick | local:mushroom-temple-drift.mp3
[2026-05-31T13:11:27Z] [info] ambient_now_playing | mushroom temple drift
[2026-05-31T13:19:31Z] [info] ambient_pick | local:calm-my-mind.mp3
[2026-05-31T13:19:31Z] [info] ambient_now_playing | calm my mind
[2026-05-31T13:22:30Z] [info] ambient_pick | local:violet-orbit.mp3
[2026-05-31T13:22:30Z] [info] ambient_now_playing | violet orbit
[2026-05-31T13:28:11Z] [info] ambient_pick | local:five-minute-royalty-calm.mp3
[2026-05-31T13:28:11Z] [info] ambient_now_playing | five minute royalty calm
[2026-05-31T13:33:33Z] [info] ambient_pick | local:spiritual-meditation-mountain.mp3
[2026-05-31T13:33:33Z] [info] ambient_now_playing | spiritual meditation mountain
[2026-05-31T13:39:03Z] [info] ambient_pick | local:positive-mood-ambient.mp3
[2026-05-31T13:39:03Z] [info] ambient_now_playing | positive mood ambient
[2026-05-31T13:42:32Z] [info] inspirational_post | ✨ Stillness is not laziness — it's repair.
[2026-05-31T13:42:32Z] [info] quote_posted | Stillness is not laziness — it's repair.
[2026-05-31T13:44:18Z] [info] ambient_pick | local:ambient_fallback.mp3
[2026-05-31T13:44:18Z] [info] ambient_now_playing | ambient fallback
[2026-05-31T13:49:39Z] [info] ambient_pick | local:lost-ambient-pads.mp3
[2026-05-31T13:49:39Z] [info] ambient_now_playing | lost ambient pads
[2026-05-31T13:52:59Z] [info] ambient_pick | local:relaxation-sleep-jean-angius.mp3
[2026-05-31T13:52:59Z] [info] ambient_now_playing | relaxation sleep jean angius
[2026-05-31T13:55:36Z] [info] ambient_pick | local:peaceful-background-calm.mp3
[2026-05-31T13:55:36Z] [info] ambient_now_playing | peaceful background calm
[2026-05-31T13:57:42Z] [info] ambient_pick | local:fragments-aerhead-ambient.mp3
[2026-05-31T13:57:42Z] [info] ambient_now_playing | fragments aerhead ambient
[2026-05-31T14:03:15Z] [info] ambient_pick | local:free-ambient-meditation.mp3
[2026-05-31T14:03:15Z] [info] ambient_now_playing | free ambient meditation
[2026-05-31T14:14:32Z] [info] ambient_pick | local:meditation-leberch.mp3
[2026-05-31T14:14:32Z] [info] ambient_now_playing | meditation leberch
[2026-05-31T14:17:30Z] [info] ambient_pick | local:mushroom-temple-drift.mp3
[2026-05-31T14:17:30Z] [info] ambient_now_playing | mushroom temple drift
[2026-05-31T14:25:34Z] [info] ambient_pick | local:relax-five-minute-calm.mp3
[2026-05-31T14:25:34Z] [info] ambient_now_playing | relax five minute calm
[2026-05-31T14:30:51Z] [info] ambient_pick | local:violet-orbit.mp3
[2026-05-31T14:30:51Z] [info] ambient_now_playing | violet orbit
[2026-05-31T14:36:31Z] [info] ambient_pick | local:five-minute-relaxing-calm.mp3
[2026-05-31T14:36:31Z] [info] ambient_now_playing | five minute relaxing calm
[2026-05-31T14:43:10Z] [info] ambient_pick | local:relaxing-piano-clavier.mp3
[2026-05-31T14:43:10Z] [info] ambient_now_playing | relaxing piano clavier
[2026-05-31T14:45:21Z] [info] ambient_pick | local:five-minute-royalty-calm.mp3
[2026-05-31T14:45:21Z] [info] ambient_now_playing | five minute royalty calm
[2026-05-31T14:50:43Z] [info] ambient_pick | local:calm-my-mind.mp3
[2026-05-31T14:50:43Z] [info] ambient_now_playing | calm my mind
[2026-05-31T14:53:42Z] [info] ambient_pick | local:spiritual-meditation-mountain.mp3
[2026-05-31T14:53:42Z] [info] ambient_now_playing | spiritual meditation mountain
[2026-05-31T14:59:12Z] [info] ambient_pick | local:relaxation-sleep-jean-angius.mp3
[2026-05-31T14:59:12Z] [info] ambient_now_playing | relaxation sleep jean angius
[2026-05-31T15:01:50Z] [info] ambient_pick | local:positive-mood-ambient.mp3
[2026-05-31T15:01:50Z] [info] ambient_now_playing | positive mood ambient
[2026-05-31T15:07:05Z] [info] ambient_pick | local:dreamcatcher-calm-ambient.mp3
[2026-05-31T15:07:05Z] [info] ambient_now_playing | dreamcatcher calm ambient
[2026-05-31T15:11:22Z] [info] ambient_pick | local:zen-instrumental-ambient.mp3
[2026-05-31T15:11:22Z] [info] ambient_now_playing | zen instrumental ambient
[2026-05-31T15:16:52Z] [info] ambient_pick | local:fragments-aerhead-ambient.mp3
[2026-05-31T15:16:52Z] [info] ambient_now_playing | fragments aerhead ambient
[2026-05-31T15:22:26Z] [info] ambient_pick | local:lost-ambient-pads.mp3
[2026-05-31T15:22:26Z] [info] ambient_now_playing | lost ambient pads
[2026-05-31T15:25:46Z] [info] ambient_pick | local:mushroom-temple-drift.mp3
[2026-05-31T15:25:46Z] [info] ambient_now_playing | mushroom temple drift
[2026-05-31T15:33:50Z] [info] ambient_pick | local:peaceful-background-calm.mp3
[2026-05-31T15:33:50Z] [info] ambient_now_playing | peaceful background calm
[2026-05-31T15:35:56Z] [info] ambient_pick | local:ambient_fallback.mp3
[2026-05-31T15:35:56Z] [info] ambient_now_playing | ambient fallback
[2026-05-31T15:41:16Z] [info] ambient_pick | local:relaxing-piano-clavier.mp3
[2026-05-31T15:41:17Z] [info] ambient_now_playing | relaxing piano clavier
[2026-05-31T15:43:28Z] [info] ambient_pick | local:violet-orbit.mp3
[2026-05-31T15:43:28Z] [info] ambient_now_playing | violet orbit
[2026-05-31T15:49:08Z] [info] ambient_pick | local:free-ambient-meditation.mp3
[2026-05-31T15:49:08Z] [info] ambient_now_playing | free ambient meditation
[2026-05-31T16:00:24Z] [info] ambient_pick | local:calm-my-mind.mp3
[2026-05-31T16:00:24Z] [info] ambient_now_playing | calm my mind
[2026-05-31T16:03:24Z] [info] ambient_pick | local:five-minute-relaxing-calm.mp3
[2026-05-31T16:03:24Z] [info] ambient_now_playing | five minute relaxing calm
[2026-05-31T16:10:02Z] [info] ambient_pick | local:meditation-leberch.mp3
[2026-05-31T16:10:02Z] [info] ambient_now_playing | meditation leberch
[2026-05-31T16:13:00Z] [info] ambient_pick | local:relaxation-sleep-jean-angius.mp3
[2026-05-31T16:13:00Z] [info] ambient_now_playing | relaxation sleep jean angius
[2026-05-31T16:15:37Z] [info] ambient_pick | local:zen-instrumental-ambient.mp3
[2026-05-31T16:15:37Z] [info] ambient_now_playing | zen instrumental ambient
[2026-05-31T16:21:07Z] [info] ambient_pick | local:dreamcatcher-calm-ambient.mp3
[2026-05-31T16:21:07Z] [info] ambient_now_playing | dreamcatcher calm ambient
[2026-05-31T16:25:24Z] [info] ambient_pick | local:lost-ambient-pads.mp3
[2026-05-31T16:25:25Z] [info] ambient_now_playing | lost ambient pads
[2026-05-31T16:28:45Z] [info] ambient_pick | local:five-minute-royalty-calm.mp3
[2026-05-31T16:28:45Z] [info] ambient_now_playing | five minute royalty calm
[2026-05-31T16:34:07Z] [info] ambient_pick | local:spiritual-meditation-mountain.mp3
[2026-05-31T16:34:07Z] [info] ambient_now_playing | spiritual meditation mountain
[2026-05-31T16:39:37Z] [info] ambient_pick | local:positive-mood-ambient.mp3
[2026-05-31T16:39:37Z] [info] ambient_now_playing | positive mood ambient
[2026-05-31T16:44:52Z] [info] ambient_pick | local:relax-five-minute-calm.mp3
[2026-05-31T16:44:52Z] [info] ambient_now_playing | relax five minute calm
[2026-05-31T16:50:10Z] [info] ambient_pick | local:ambient_fallback.mp3
[2026-05-31T16:50:10Z] [info] ambient_now_playing | ambient fallback
[2026-05-31T16:55:30Z] [info] ambient_pick | local:mushroom-temple-drift.mp3
[2026-05-31T16:55:30Z] [info] ambient_now_playing | mushroom temple drift
[2026-05-31T17:03:34Z] [info] ambient_pick | local:calm-my-mind.mp3
[2026-05-31T17:03:34Z] [info] ambient_now_playing | calm my mind
[2026-05-31T17:06:34Z] [info] ambient_pick | local:relaxing-piano-clavier.mp3
[2026-05-31T17:06:34Z] [info] ambient_now_playing | relaxing piano clavier
[2026-05-31T17:08:45Z] [info] ambient_pick | local:fragments-aerhead-ambient.mp3
[2026-05-31T17:08:45Z] [info] ambient_now_playing | fragments aerhead ambient
[2026-05-31T17:14:19Z] [info] ambient_pick | local:violet-orbit.mp3
[2026-05-31T17:14:19Z] [info] ambient_now_playing | violet orbit
[2026-05-31T17:19:59Z] [info] ambient_pick | local:peaceful-background-calm.mp3
[2026-05-31T17:19:59Z] [info] ambient_now_playing | peaceful background calm
[2026-05-31T17:22:05Z] [info] ambient_pick | local:dreamcatcher-calm-ambient.mp3
[2026-05-31T17:22:05Z] [info] ambient_now_playing | dreamcatcher calm ambient
[2026-05-31T17:26:22Z] [info] ambient_pick | local:free-ambient-meditation.mp3
[2026-05-31T17:26:22Z] [info] ambient_now_playing | free ambient meditation
[2026-05-31T17:37:38Z] [info] ambient_pick | local:meditation-leberch.mp3
[2026-05-31T17:37:38Z] [info] ambient_now_playing | meditation leberch
[2026-05-31T17:40:36Z] [info] ambient_pick | local:zen-instrumental-ambient.mp3
[2026-05-31T17:40:36Z] [info] ambient_now_playing | zen instrumental ambient
[2026-05-31T17:42:33Z] [info] inspirational_post | ✨ Let the noise settle. You can hear yourself again.
[2026-05-31T17:42:33Z] [info] quote_posted | Let the noise settle. You can hear yourself again.
[2026-05-31T17:46:06Z] [info] ambient_pick | local:relaxation-sleep-jean-angius.mp3
[2026-05-31T17:46:06Z] [info] ambient_now_playing | relaxation sleep jean angius
[2026-05-31T17:48:43Z] [info] ambient_pick | local:five-minute-relaxing-calm.mp3
[2026-05-31T17:48:43Z] [info] ambient_now_playing | five minute relaxing calm
[2026-05-31T17:55:22Z] [info] ambient_pick | local:ambient_fallback.mp3
[2026-05-31T17:55:22Z] [info] ambient_now_playing | ambient fallback
[2026-05-31T18:00:42Z] [info] ambient_pick | local:lost-ambient-pads.mp3
[2026-05-31T18:00:42Z] [info] ambient_now_playing | lost ambient pads
[2026-05-31T18:04:03Z] [info] ambient_pick | local:calm-my-mind.mp3
[2026-05-31T18:04:03Z] [info] ambient_now_playing | calm my mind
[2026-05-31T18:07:02Z] [info] ambient_pick | local:positive-mood-ambient.mp3
[2026-05-31T18:07:02Z] [info] ambient_now_playing | positive mood ambient
[2026-05-31T18:12:17Z] [info] ambient_pick | local:fragments-aerhead-ambient.mp3
[2026-05-31T18:12:17Z] [info] ambient_now_playing | fragments aerhead ambient
[2026-05-31T18:17:51Z] [info] ambient_pick | local:relax-five-minute-calm.mp3
[2026-05-31T18:17:51Z] [info] ambient_now_playing | relax five minute calm
[2026-05-31T18:23:09Z] [info] ambient_pick | local:peaceful-background-calm.mp3
[2026-05-31T18:23:09Z] [info] ambient_now_playing | peaceful background calm
[2026-05-31T18:25:14Z] [info] ambient_pick | local:five-minute-royalty-calm.mp3
[2026-05-31T18:25:14Z] [info] ambient_now_playing | five minute royalty calm
[2026-05-31T18:30:36Z] [info] ambient_pick | local:relaxing-piano-clavier.mp3
[2026-05-31T18:30:36Z] [info] ambient_now_playing | relaxing piano clavier
[2026-05-31T18:32:47Z] [info] ambient_pick | local:mushroom-temple-drift.mp3
[2026-05-31T18:32:47Z] [info] ambient_now_playing | mushroom temple drift
[2026-05-31T18:40:51Z] [info] ambient_pick | local:meditation-leberch.mp3
[2026-05-31T18:40:51Z] [info] ambient_now_playing | meditation leberch
[2026-05-31T18:43:49Z] [info] ambient_pick | local:dreamcatcher-calm-ambient.mp3
[2026-05-31T18:43:49Z] [info] ambient_now_playing | dreamcatcher calm ambient
[2026-05-31T18:48:07Z] [info] ambient_pick | local:five-minute-relaxing-calm.mp3
[2026-05-31T18:48:07Z] [info] ambient_now_playing | five minute relaxing calm
[2026-05-31T18:54:45Z] [info] ambient_pick | local:zen-instrumental-ambient.mp3
[2026-05-31T18:54:45Z] [info] ambient_now_playing | zen instrumental ambient
[2026-05-31T19:00:15Z] [info] ambient_pick | local:relaxation-sleep-jean-angius.mp3
[2026-05-31T19:00:15Z] [info] ambient_now_playing | relaxation sleep jean angius
[2026-05-31T19:02:52Z] [info] ambient_pick | local:spiritual-meditation-mountain.mp3
[2026-05-31T19:02:52Z] [info] ambient_now_playing | spiritual meditation mountain
[2026-05-31T19:08:22Z] [info] ambient_pick | local:lost-ambient-pads.mp3
[2026-05-31T19:08:22Z] [info] ambient_now_playing | lost ambient pads
[2026-05-31T19:11:43Z] [info] ambient_pick | local:ambient_fallback.mp3
[2026-05-31T19:11:43Z] [info] ambient_now_playing | ambient fallback
[2026-05-31T19:17:04Z] [info] ambient_pick | local:violet-orbit.mp3
[2026-05-31T19:17:04Z] [info] ambient_now_playing | violet orbit
[2026-05-31T19:22:44Z] [info] ambient_pick | local:peaceful-background-calm.mp3
[2026-05-31T19:22:44Z] [info] ambient_now_playing | peaceful background calm
[2026-05-31T19:24:49Z] [info] ambient_pick | local:fragments-aerhead-ambient.mp3
[2026-05-31T19:24:49Z] [info] ambient_now_playing | fragments aerhead ambient
[2026-05-31T19:30:23Z] [info] ambient_pick | local:relaxing-piano-clavier.mp3
[2026-05-31T19:30:23Z] [info] ambient_now_playing | relaxing piano clavier
[2026-05-31T19:32:34Z] [info] ambient_pick | local:relax-five-minute-calm.mp3
[2026-05-31T19:32:34Z] [info] ambient_now_playing | relax five minute calm
[2026-05-31T19:37:52Z] [info] ambient_pick | local:free-ambient-meditation.mp3
[2026-05-31T19:37:52Z] [info] ambient_now_playing | free ambient meditation
[2026-05-31T19:49:08Z] [info] ambient_pick | local:calm-my-mind.mp3
[2026-05-31T19:49:08Z] [info] ambient_now_playing | calm my mind
[2026-05-31T19:52:07Z] [info] ambient_pick | local:meditation-leberch.mp3
[2026-05-31T19:52:07Z] [info] ambient_now_playing | meditation leberch
[2026-05-31T19:55:05Z] [info] ambient_pick | local:five-minute-royalty-calm.mp3
[2026-05-31T19:55:05Z] [info] ambient_now_playing | five minute royalty calm
[2026-05-31T20:00:27Z] [info] ambient_pick | local:dreamcatcher-calm-ambient.mp3
[2026-05-31T20:00:27Z] [info] ambient_now_playing | dreamcatcher calm ambient
[2026-05-31T20:04:45Z] [info] ambient_pick | local:zen-instrumental-ambient.mp3
[2026-05-31T20:04:45Z] [info] ambient_now_playing | zen instrumental ambient
[2026-05-31T20:10:15Z] [info] ambient_pick | local:five-minute-relaxing-calm.mp3
[2026-05-31T20:10:15Z] [info] ambient_now_playing | five minute relaxing calm
[2026-05-31T20:16:53Z] [info] ambient_pick | local:spiritual-meditation-mountain.mp3
[2026-05-31T20:16:53Z] [info] ambient_now_playing | spiritual meditation mountain
[2026-05-31T20:22:23Z] [info] ambient_pick | local:relaxation-sleep-jean-angius.mp3
[2026-05-31T20:22:23Z] [info] ambient_now_playing | relaxation sleep jean angius
[2026-05-31T20:25:00Z] [info] ambient_pick | local:lost-ambient-pads.mp3
[2026-05-31T20:25:00Z] [info] ambient_now_playing | lost ambient pads
[2026-05-31T20:28:21Z] [info] ambient_pick | local:peaceful-background-calm.mp3
[2026-05-31T20:28:21Z] [info] ambient_now_playing | peaceful background calm
[2026-05-31T20:30:26Z] [info] ambient_pick | local:ambient_fallback.mp3
[2026-05-31T20:30:26Z] [info] ambient_now_playing | ambient fallback
[2026-05-31T20:35:47Z] [info] ambient_pick | local:relax-five-minute-calm.mp3
[2026-05-31T20:35:47Z] [info] ambient_now_playing | relax five minute calm
[2026-05-31T20:41:05Z] [info] ambient_pick | local:violet-orbit.mp3
[2026-05-31T20:41:05Z] [info] ambient_now_playing | violet orbit
[2026-05-31T20:46:45Z] [info] ambient_pick | local:relaxing-piano-clavier.mp3
[2026-05-31T20:46:45Z] [info] ambient_now_playing | relaxing piano clavier
[2026-05-31T20:48:56Z] [info] ambient_pick | local:positive-mood-ambient.mp3
[2026-05-31T20:48:56Z] [info] ambient_now_playing | positive mood ambient
[2026-05-31T20:54:11Z] [info] ambient_pick | local:mushroom-temple-drift.mp3
[2026-05-31T20:54:11Z] [info] ambient_now_playing | mushroom temple drift
[2026-05-31T21:02:15Z] [info] ambient_pick | local:five-minute-royalty-calm.mp3
[2026-05-31T21:02:15Z] [info] ambient_now_playing | five minute royalty calm
[2026-05-31T21:07:37Z] [info] ambient_pick | local:zen-instrumental-ambient.mp3
[2026-05-31T21:07:37Z] [info] ambient_now_playing | zen instrumental ambient
[2026-05-31T21:13:07Z] [info] ambient_pick | local:free-ambient-meditation.mp3
[2026-05-31T21:13:07Z] [info] ambient_now_playing | free ambient meditation
[2026-05-31T21:24:23Z] [info] ambient_pick | local:meditation-leberch.mp3
[2026-05-31T21:24:23Z] [info] ambient_now_playing | meditation leberch
[2026-05-31T21:27:21Z] [info] ambient_pick | local:relaxation-sleep-jean-angius.mp3
[2026-05-31T21:27:21Z] [info] ambient_now_playing | relaxation sleep jean angius
[2026-05-31T21:29:59Z] [info] ambient_pick | local:lost-ambient-pads.mp3
[2026-05-31T21:29:59Z] [info] ambient_now_playing | lost ambient pads
[2026-05-31T21:33:19Z] [info] ambient_pick | local:calm-my-mind.mp3
[2026-05-31T21:33:19Z] [info] ambient_now_playing | calm my mind
[2026-05-31T21:36:18Z] [info] ambient_pick | local:dreamcatcher-calm-ambient.mp3
[2026-05-31T21:36:18Z] [info] ambient_now_playing | dreamcatcher calm ambient
[2026-05-31T21:40:36Z] [info] ambient_pick | local:spiritual-meditation-mountain.mp3
[2026-05-31T21:40:36Z] [info] ambient_now_playing | spiritual meditation mountain
[2026-05-31T21:42:33Z] [info] inspirational_post | ✨ The present moment is enough to stand in.
[2026-05-31T21:42:33Z] [info] quote_posted | The present moment is enough to stand in.
[2026-05-31T21:46:06Z] [info] ambient_pick | local:five-minute-relaxing-calm.mp3
[2026-05-31T21:46:06Z] [info] ambient_now_playing | five minute relaxing calm
[2026-05-31T21:52:44Z] [info] ambient_pick | local:relaxing-piano-clavier.mp3
[2026-05-31T21:52:44Z] [info] ambient_now_playing | relaxing piano clavier
[2026-05-31T21:54:55Z] [info] ambient_pick | local:fragments-aerhead-ambient.mp3
[2026-05-31T21:54:55Z] [info] ambient_now_playing | fragments aerhead ambient
[2026-05-31T22:00:29Z] [info] ambient_pick | local:ambient_fallback.mp3
[2026-05-31T22:00:29Z] [info] ambient_now_playing | ambient fallback
[2026-05-31T22:05:50Z] [info] ambient_pick | local:relax-five-minute-calm.mp3
[2026-05-31T22:05:50Z] [info] ambient_now_playing | relax five minute calm
[2026-05-31T22:11:08Z] [info] ambient_pick | local:zen-instrumental-ambient.mp3
[2026-05-31T22:11:08Z] [info] ambient_now_playing | zen instrumental ambient
[2026-05-31T22:16:38Z] [info] ambient_pick | local:peaceful-background-calm.mp3
[2026-05-31T22:16:38Z] [info] ambient_now_playing | peaceful background calm
[2026-05-31T22:18:43Z] [info] ambient_pick | local:five-minute-royalty-calm.mp3
[2026-05-31T22:18:43Z] [info] ambient_now_playing | five minute royalty calm
[2026-05-31T22:24:05Z] [info] ambient_pick | local:meditation-leberch.mp3
[2026-05-31T22:24:05Z] [info] ambient_now_playing | meditation leberch
[2026-05-31T22:27:03Z] [info] ambient_pick | local:relaxation-sleep-jean-angius.mp3
[2026-05-31T22:27:03Z] [info] ambient_now_playing | relaxation sleep jean angius
[2026-05-31T22:29:40Z] [info] ambient_pick | local:lost-ambient-pads.mp3
[2026-05-31T22:29:40Z] [info] ambient_now_playing | lost ambient pads
[2026-05-31T22:33:01Z] [info] ambient_pick | local:free-ambient-meditation.mp3
[2026-05-31T22:33:01Z] [info] ambient_now_playing | free ambient meditation
[2026-05-31T22:44:17Z] [info] ambient_pick | local:positive-mood-ambient.mp3
[2026-05-31T22:44:17Z] [info] ambient_now_playing | positive mood ambient
[2026-05-31T22:49:32Z] [info] ambient_pick | local:dreamcatcher-calm-ambient.mp3
[2026-05-31T22:49:32Z] [info] ambient_now_playing | dreamcatcher calm ambient
[2026-05-31T22:53:49Z] [info] ambient_pick | local:calm-my-mind.mp3
[2026-05-31T22:53:49Z] [info] ambient_now_playing | calm my mind
[2026-05-31T22:56:49Z] [info] ambient_pick | local:fragments-aerhead-ambient.mp3
[2026-05-31T22:56:49Z] [info] ambient_now_playing | fragments aerhead ambient
[2026-05-31T23:02:22Z] [info] ambient_pick | local:violet-orbit.mp3
[2026-05-31T23:02:22Z] [info] ambient_now_playing | violet orbit
[2026-05-31T23:08:03Z] [info] ambient_pick | local:relax-five-minute-calm.mp3
[2026-05-31T23:08:03Z] [info] ambient_now_playing | relax five minute calm
[2026-05-31T23:13:20Z] [info] ambient_pick | local:zen-instrumental-ambient.mp3
[2026-05-31T23:13:20Z] [info] ambient_now_playing | zen instrumental ambient
[2026-05-31T23:18:50Z] [info] ambient_pick | local:ambient_fallback.mp3
[2026-05-31T23:18:50Z] [info] ambient_now_playing | ambient fallback
[2026-05-31T23:24:11Z] [info] ambient_pick | local:mushroom-temple-drift.mp3
[2026-05-31T23:24:11Z] [info] ambient_now_playing | mushroom temple drift
[2026-05-31T23:32:15Z] [info] ambient_pick | local:five-minute-royalty-calm.mp3
[2026-05-31T23:32:15Z] [info] ambient_now_playing | five minute royalty calm
[2026-05-31T23:37:37Z] [info] ambient_pick | local:relaxation-sleep-jean-angius.mp3
[2026-05-31T23:37:37Z] [info] ambient_now_playing | relaxation sleep jean angius
[2026-05-31T23:40:14Z] [info] ambient_pick | local:peaceful-background-calm.mp3
[2026-05-31T23:40:14Z] [info] ambient_now_playing | peaceful background calm
[2026-05-31T23:42:20Z] [info] ambient_pick | local:five-minute-relaxing-calm.mp3
[2026-05-31T23:42:20Z] [info] ambient_now_playing | five minute relaxing calm
[2026-05-31T23:48:58Z] [info] ambient_pick | local:spiritual-meditation-mountain.mp3
[2026-05-31T23:48:58Z] [info] ambient_now_playing | spiritual meditation mountain
[2026-05-31T23:54:28Z] [info] ambient_pick | local:lost-ambient-pads.mp3
[2026-05-31T23:54:28Z] [info] ambient_now_playing | lost ambient pads
[2026-05-31T23:57:48Z] [info] ambient_pick | local:free-ambient-meditation.mp3
[2026-05-31T23:57:48Z] [info] ambient_now_playing | free ambient meditation
