[2026-06-22T00:02:25Z] [info] ambient_pick | local:positive-mood-ambient.mp3
[2026-06-22T00:02:25Z] [info] ambient_now_playing | positive mood ambient
[2026-06-22T00:04:37Z] [info] inspirational_post | ✨ You are allowed to rest without earning it.
[2026-06-22T00:04:37Z] [info] quote_posted | You are allowed to rest without earning it.
[2026-06-22T00:07:40Z] [info] ambient_pick | local:five-minute-royalty-calm.mp3
[2026-06-22T00:07:40Z] [info] ambient_now_playing | five minute royalty calm
[2026-06-22T00:13:02Z] [info] ambient_pick | local:relax-five-minute-calm.mp3
[2026-06-22T00:13:02Z] [info] ambient_now_playing | relax five minute calm
[2026-06-22T00:18:20Z] [info] ambient_pick | local:dreamcatcher-calm-ambient.mp3
[2026-06-22T00:18:20Z] [info] ambient_now_playing | dreamcatcher calm ambient
[2026-06-22T00:22:37Z] [info] ambient_pick | local:violet-orbit.mp3
[2026-06-22T00:22:37Z] [info] ambient_now_playing | violet orbit
[2026-06-22T00:28:18Z] [info] ambient_pick | local:five-minute-relaxing-calm.mp3
[2026-06-22T00:28:18Z] [info] ambient_now_playing | five minute relaxing calm
[2026-06-22T00:34:56Z] [info] ambient_pick | local:peaceful-background-calm.mp3
[2026-06-22T00:34:56Z] [info] ambient_now_playing | peaceful background calm
[2026-06-22T00:37:01Z] [info] ambient_pick | local:zen-instrumental-ambient.mp3
[2026-06-22T00:37:01Z] [info] ambient_now_playing | zen instrumental ambient
[2026-06-22T00:42:31Z] [info] ambient_pick | local:relaxing-piano-clavier.mp3
[2026-06-22T00:42:31Z] [info] ambient_now_playing | relaxing piano clavier
[2026-06-22T00:44:43Z] [info] ambient_pick | local:calm-my-mind.mp3
[2026-06-22T00:44:43Z] [info] ambient_now_playing | calm my mind
[2026-06-22T00:47:42Z] [info] ambient_pick | local:relaxation-sleep-jean-angius.mp3
[2026-06-22T00:47:42Z] [info] ambient_now_playing | relaxation sleep jean angius
[2026-06-22T00:50:19Z] [info] ambient_pick | local:fragments-aerhead-ambient.mp3
[2026-06-22T00:50:19Z] [info] ambient_now_playing | fragments aerhead ambient
[2026-06-22T00:55:53Z] [info] ambient_pick | local:meditation-leberch.mp3
[2026-06-22T00:55:53Z] [info] ambient_now_playing | meditation leberch
[2026-06-22T00:58:51Z] [info] ambient_pick | local:mushroom-temple-drift.mp3
[2026-06-22T00:58:51Z] [info] ambient_now_playing | mushroom temple drift
[2026-06-22T01:06:55Z] [info] ambient_pick | local:spiritual-meditation-mountain.mp3
[2026-06-22T01:06:55Z] [info] ambient_now_playing | spiritual meditation mountain
[2026-06-22T01:12:25Z] [info] ambient_pick | local:lost-ambient-pads.mp3
[2026-06-22T01:12:25Z] [info] ambient_now_playing | lost ambient pads
[2026-06-22T01:15:45Z] [info] ambient_pick | local:dreamcatcher-calm-ambient.mp3
[2026-06-22T01:15:45Z] [info] ambient_now_playing | dreamcatcher calm ambient
[2026-06-22T01:20:03Z] [info] ambient_pick | local:violet-orbit.mp3
[2026-06-22T01:20:03Z] [info] ambient_now_playing | violet orbit
[2026-06-22T01:25:43Z] [info] ambient_pick | local:five-minute-relaxing-calm.mp3
[2026-06-22T01:25:43Z] [info] ambient_now_playing | five minute relaxing calm
[2026-06-22T01:32:22Z] [info] ambient_pick | local:ambient_fallback.mp3
[2026-06-22T01:32:22Z] [info] ambient_now_playing | ambient fallback
[2026-06-22T01:37:42Z] [info] ambient_pick | local:peaceful-background-calm.mp3
[2026-06-22T01:37:42Z] [info] ambient_now_playing | peaceful background calm
[2026-06-22T01:39:48Z] [info] ambient_pick | local:positive-mood-ambient.mp3
[2026-06-22T01:39:48Z] [info] ambient_now_playing | positive mood ambient
[2026-06-22T01:45:03Z] [info] ambient_pick | local:relax-five-minute-calm.mp3
[2026-06-22T01:45:03Z] [info] ambient_now_playing | relax five minute calm
[2026-06-22T01:50:20Z] [info] ambient_pick | local:zen-instrumental-ambient.mp3
[2026-06-22T01:50:20Z] [info] ambient_now_playing | zen instrumental ambient
[2026-06-22T01:55:50Z] [info] ambient_pick | local:relaxing-piano-clavier.mp3
[2026-06-22T01:55:50Z] [info] ambient_now_playing | relaxing piano clavier
[2026-06-22T01:58:01Z] [info] ambient_pick | local:calm-my-mind.mp3
[2026-06-22T01:58:01Z] [info] ambient_now_playing | calm my mind
[2026-06-22T02:01:01Z] [info] ambient_pick | local:five-minute-royalty-calm.mp3
[2026-06-22T02:01:01Z] [info] ambient_now_playing | five minute royalty calm
[2026-06-22T02:06:23Z] [info] ambient_pick | local:mushroom-temple-drift.mp3
[2026-06-22T02:06:23Z] [info] ambient_now_playing | mushroom temple drift
[2026-06-22T02:14:27Z] [info] ambient_pick | local:lost-ambient-pads.mp3
[2026-06-22T02:14:27Z] [info] ambient_now_playing | lost ambient pads
[2026-06-22T02:17:47Z] [info] ambient_pick | local:fragments-aerhead-ambient.mp3
[2026-06-22T02:17:47Z] [info] ambient_now_playing | fragments aerhead ambient
[2026-06-22T02:23:21Z] [info] ambient_pick | local:spiritual-meditation-mountain.mp3
[2026-06-22T02:23:21Z] [info] ambient_now_playing | spiritual meditation mountain
[2026-06-22T02:28:51Z] [info] ambient_pick | local:five-minute-relaxing-calm.mp3
[2026-06-22T02:28:51Z] [info] ambient_now_playing | five minute relaxing calm
[2026-06-22T02:35:29Z] [info] ambient_pick | local:ambient_fallback.mp3
[2026-06-22T02:35:29Z] [info] ambient_now_playing | ambient fallback
[2026-06-22T02:40:50Z] [info] ambient_pick | local:meditation-leberch.mp3
[2026-06-22T02:40:50Z] [info] ambient_now_playing | meditation leberch
[2026-06-22T02:43:48Z] [info] ambient_pick | local:violet-orbit.mp3
[2026-06-22T02:43:48Z] [info] ambient_now_playing | violet orbit
[2026-06-22T02:49:29Z] [info] ambient_pick | local:relaxation-sleep-jean-angius.mp3
[2026-06-22T02:49:29Z] [info] ambient_now_playing | relaxation sleep jean angius
[2026-06-22T02:52:06Z] [info] ambient_pick | local:zen-instrumental-ambient.mp3
[2026-06-22T02:52:06Z] [info] ambient_now_playing | zen instrumental ambient
[2026-06-22T02:57:36Z] [info] ambient_pick | local:dreamcatcher-calm-ambient.mp3
[2026-06-22T02:57:36Z] [info] ambient_now_playing | dreamcatcher calm ambient
[2026-06-22T03:01:53Z] [info] ambient_pick | local:free-ambient-meditation.mp3
[2026-06-22T03:01:53Z] [info] ambient_now_playing | free ambient meditation
[2026-06-22T03:13:09Z] [info] ambient_pick | local:five-minute-royalty-calm.mp3
[2026-06-22T03:13:09Z] [info] ambient_now_playing | five minute royalty calm
[2026-06-22T03:18:31Z] [info] ambient_pick | local:calm-my-mind.mp3
[2026-06-22T03:18:31Z] [info] ambient_now_playing | calm my mind
[2026-06-22T03:21:31Z] [info] ambient_pick | local:lost-ambient-pads.mp3
[2026-06-22T03:21:31Z] [info] ambient_now_playing | lost ambient pads
[2026-06-22T03:24:51Z] [info] ambient_pick | local:mushroom-temple-drift.mp3
[2026-06-22T03:24:51Z] [info] ambient_now_playing | mushroom temple drift
[2026-06-22T03:32:55Z] [info] ambient_pick | local:relax-five-minute-calm.mp3
[2026-06-22T03:32:55Z] [info] ambient_now_playing | relax five minute calm
[2026-06-22T03:38:13Z] [info] ambient_pick | local:peaceful-background-calm.mp3
[2026-06-22T03:38:13Z] [info] ambient_now_playing | peaceful background calm
[2026-06-22T03:40:18Z] [info] ambient_pick | local:positive-mood-ambient.mp3
[2026-06-22T03:40:18Z] [info] ambient_now_playing | positive mood ambient
[2026-06-22T03:45:33Z] [info] ambient_pick | local:spiritual-meditation-mountain.mp3
[2026-06-22T03:45:33Z] [info] ambient_now_playing | spiritual meditation mountain
[2026-06-22T03:51:03Z] [info] ambient_pick | local:violet-orbit.mp3
[2026-06-22T03:51:03Z] [info] ambient_now_playing | violet orbit
[2026-06-22T03:56:43Z] [info] ambient_pick | local:meditation-leberch.mp3
[2026-06-22T03:56:43Z] [info] ambient_now_playing | meditation leberch
[2026-06-22T03:59:41Z] [info] ambient_pick | local:five-minute-relaxing-calm.mp3
[2026-06-22T03:59:41Z] [info] ambient_now_playing | five minute relaxing calm
[2026-06-22T04:04:37Z] [info] inspirational_post | ✨ Stillness is not laziness — it's repair.
[2026-06-22T04:04:37Z] [info] quote_posted | Stillness is not laziness — it's repair.
[2026-06-22T04:06:20Z] [info] ambient_pick | local:relaxation-sleep-jean-angius.mp3
[2026-06-22T04:06:20Z] [info] ambient_now_playing | relaxation sleep jean angius
[2026-06-22T04:08:57Z] [info] ambient_pick | local:relaxing-piano-clavier.mp3
[2026-06-22T04:08:57Z] [info] ambient_now_playing | relaxing piano clavier
[2026-06-22T04:11:08Z] [info] ambient_pick | local:five-minute-royalty-calm.mp3
[2026-06-22T04:11:08Z] [info] ambient_now_playing | five minute royalty calm
[2026-06-22T04:16:30Z] [info] ambient_pick | local:free-ambient-meditation.mp3
[2026-06-22T04:16:30Z] [info] ambient_now_playing | free ambient meditation
[2026-06-22T04:27:46Z] [info] ambient_pick | local:lost-ambient-pads.mp3
[2026-06-22T04:27:46Z] [info] ambient_now_playing | lost ambient pads
[2026-06-22T04:31:07Z] [info] ambient_pick | local:dreamcatcher-calm-ambient.mp3
[2026-06-22T04:31:07Z] [info] ambient_now_playing | dreamcatcher calm ambient
[2026-06-22T04:35:24Z] [info] ambient_pick | local:calm-my-mind.mp3
[2026-06-22T04:35:24Z] [info] ambient_now_playing | calm my mind
[2026-06-22T04:38:24Z] [info] ambient_pick | local:mushroom-temple-drift.mp3
[2026-06-22T04:38:24Z] [info] ambient_now_playing | mushroom temple drift
[2026-06-22T04:46:28Z] [info] ambient_pick | local:relax-five-minute-calm.mp3
[2026-06-22T04:46:28Z] [info] ambient_now_playing | relax five minute calm
[2026-06-22T04:51:45Z] [info] ambient_pick | local:fragments-aerhead-ambient.mp3
[2026-06-22T04:51:45Z] [info] ambient_now_playing | fragments aerhead ambient
[2026-06-22T04:57:19Z] [info] ambient_pick | local:peaceful-background-calm.mp3
[2026-06-22T04:57:19Z] [info] ambient_now_playing | peaceful background calm
[2026-06-22T04:59:24Z] [info] ambient_pick | local:positive-mood-ambient.mp3
[2026-06-22T04:59:24Z] [info] ambient_now_playing | positive mood ambient
[2026-06-22T05:04:39Z] [info] ambient_pick | local:five-minute-relaxing-calm.mp3
[2026-06-22T05:04:39Z] [info] ambient_now_playing | five minute relaxing calm
[2026-06-22T05:11:18Z] [info] ambient_pick | local:violet-orbit.mp3
[2026-06-22T05:11:18Z] [info] ambient_now_playing | violet orbit
[2026-06-22T05:16:58Z] [info] ambient_pick | local:zen-instrumental-ambient.mp3
[2026-06-22T05:16:58Z] [info] ambient_now_playing | zen instrumental ambient
[2026-06-22T05:22:28Z] [info] ambient_pick | local:five-minute-royalty-calm.mp3
[2026-06-22T05:22:28Z] [info] ambient_now_playing | five minute royalty calm
[2026-06-22T05:27:50Z] [info] ambient_pick | local:relaxing-piano-clavier.mp3
[2026-06-22T05:27:50Z] [info] ambient_now_playing | relaxing piano clavier
[2026-06-22T05:30:02Z] [info] ambient_pick | local:ambient_fallback.mp3
[2026-06-22T05:30:02Z] [info] ambient_now_playing | ambient fallback
[2026-06-22T05:35:23Z] [info] ambient_pick | local:lost-ambient-pads.mp3
[2026-06-22T05:35:23Z] [info] ambient_now_playing | lost ambient pads
[2026-06-22T05:38:43Z] [info] ambient_pick | local:spiritual-meditation-mountain.mp3
[2026-06-22T05:38:43Z] [info] ambient_now_playing | spiritual meditation mountain
[2026-06-22T05:44:13Z] [info] ambient_pick | local:dreamcatcher-calm-ambient.mp3
[2026-06-22T05:44:13Z] [info] ambient_now_playing | dreamcatcher calm ambient
[2026-06-22T05:48:30Z] [info] ambient_pick | local:meditation-leberch.mp3
[2026-06-22T05:48:30Z] [info] ambient_now_playing | meditation leberch
[2026-06-22T05:51:29Z] [info] ambient_pick | local:free-ambient-meditation.mp3
[2026-06-22T05:51:29Z] [info] ambient_now_playing | free ambient meditation
[2026-06-22T06:02:45Z] [info] ambient_pick | local:peaceful-background-calm.mp3
[2026-06-22T06:02:45Z] [info] ambient_now_playing | peaceful background calm
[2026-06-22T06:04:50Z] [info] ambient_pick | local:positive-mood-ambient.mp3
[2026-06-22T06:04:50Z] [info] ambient_now_playing | positive mood ambient
[2026-06-22T06:10:05Z] [info] ambient_pick | local:relaxation-sleep-jean-angius.mp3
[2026-06-22T06:10:05Z] [info] ambient_now_playing | relaxation sleep jean angius
[2026-06-22T06:12:42Z] [info] ambient_pick | local:five-minute-relaxing-calm.mp3
[2026-06-22T06:12:42Z] [info] ambient_now_playing | five minute relaxing calm
[2026-06-22T06:19:21Z] [info] ambient_pick | local:calm-my-mind.mp3
[2026-06-22T06:19:21Z] [info] ambient_now_playing | calm my mind
[2026-06-22T06:22:20Z] [info] ambient_pick | local:zen-instrumental-ambient.mp3
[2026-06-22T06:22:20Z] [info] ambient_now_playing | zen instrumental ambient
[2026-06-22T06:27:50Z] [info] ambient_pick | local:fragments-aerhead-ambient.mp3
[2026-06-22T06:27:50Z] [info] ambient_now_playing | fragments aerhead ambient
[2026-06-22T06:33:24Z] [info] ambient_pick | local:five-minute-royalty-calm.mp3
[2026-06-22T06:33:24Z] [info] ambient_now_playing | five minute royalty calm
[2026-06-22T06:38:46Z] [info] ambient_pick | local:ambient_fallback.mp3
[2026-06-22T06:38:46Z] [info] ambient_now_playing | ambient fallback
[2026-06-22T06:44:07Z] [info] ambient_pick | local:violet-orbit.mp3
[2026-06-22T06:44:07Z] [info] ambient_now_playing | violet orbit
[2026-06-22T06:49:47Z] [info] ambient_pick | local:relax-five-minute-calm.mp3
[2026-06-22T06:49:47Z] [info] ambient_now_playing | relax five minute calm
[2026-06-22T06:55:04Z] [info] ambient_pick | local:lost-ambient-pads.mp3
[2026-06-22T06:55:04Z] [info] ambient_now_playing | lost ambient pads
[2026-06-22T06:58:25Z] [info] ambient_pick | local:free-ambient-meditation.mp3
[2026-06-22T06:58:25Z] [info] ambient_now_playing | free ambient meditation
[2026-06-22T07:09:41Z] [info] ambient_pick | local:dreamcatcher-calm-ambient.mp3
[2026-06-22T07:09:41Z] [info] ambient_now_playing | dreamcatcher calm ambient
[2026-06-22T07:13:58Z] [info] ambient_pick | local:positive-mood-ambient.mp3
[2026-06-22T07:13:58Z] [info] ambient_now_playing | positive mood ambient
[2026-06-22T07:19:13Z] [info] ambient_pick | local:relaxing-piano-clavier.mp3
[2026-06-22T07:19:13Z] [info] ambient_now_playing | relaxing piano clavier
[2026-06-22T07:21:25Z] [info] ambient_pick | local:meditation-leberch.mp3
[2026-06-22T07:21:25Z] [info] ambient_now_playing | meditation leberch
[2026-06-22T07:24:23Z] [info] ambient_pick | local:spiritual-meditation-mountain.mp3
[2026-06-22T07:24:23Z] [info] ambient_now_playing | spiritual meditation mountain
[2026-06-22T07:29:53Z] [info] ambient_pick | local:five-minute-relaxing-calm.mp3
[2026-06-22T07:29:53Z] [info] ambient_now_playing | five minute relaxing calm
[2026-06-22T07:36:31Z] [info] ambient_pick | local:relaxation-sleep-jean-angius.mp3
[2026-06-22T07:36:31Z] [info] ambient_now_playing | relaxation sleep jean angius
[2026-06-22T07:39:08Z] [info] ambient_pick | local:five-minute-royalty-calm.mp3
[2026-06-22T07:39:08Z] [info] ambient_now_playing | five minute royalty calm
[2026-06-22T07:44:30Z] [info] ambient_pick | local:ambient_fallback.mp3
[2026-06-22T07:44:30Z] [info] ambient_now_playing | ambient fallback
[2026-06-22T07:49:51Z] [info] ambient_pick | local:calm-my-mind.mp3
[2026-06-22T07:49:51Z] [info] ambient_now_playing | calm my mind
[2026-06-22T07:52:50Z] [info] ambient_pick | local:mushroom-temple-drift.mp3
[2026-06-22T07:52:50Z] [info] ambient_now_playing | mushroom temple drift
[2026-06-22T08:00:54Z] [info] ambient_pick | local:fragments-aerhead-ambient.mp3
[2026-06-22T08:00:54Z] [info] ambient_now_playing | fragments aerhead ambient
[2026-06-22T08:04:37Z] [info] inspirational_post | ✨ You don't have to carry everything at once.
[2026-06-22T08:04:37Z] [info] quote_posted | You don't have to carry everything at once.
[2026-06-22T08:06:28Z] [info] ambient_pick | local:peaceful-background-calm.mp3
[2026-06-22T08:06:28Z] [info] ambient_now_playing | peaceful background calm
[2026-06-22T08:08:34Z] [info] ambient_pick | local:zen-instrumental-ambient.mp3
[2026-06-22T08:08:34Z] [info] ambient_now_playing | zen instrumental ambient
[2026-06-22T08:14:04Z] [info] ambient_pick | local:lost-ambient-pads.mp3
[2026-06-22T08:14:04Z] [info] ambient_now_playing | lost ambient pads
[2026-06-22T08:17:24Z] [info] ambient_pick | local:dreamcatcher-calm-ambient.mp3
[2026-06-22T08:17:24Z] [info] ambient_now_playing | dreamcatcher calm ambient
[2026-06-22T08:21:41Z] [info] ambient_pick | local:meditation-leberch.mp3
[2026-06-22T08:21:42Z] [info] ambient_now_playing | meditation leberch
[2026-06-22T08:24:40Z] [info] ambient_pick | local:relaxing-piano-clavier.mp3
[2026-06-22T08:24:40Z] [info] ambient_now_playing | relaxing piano clavier
[2026-06-22T08:26:51Z] [info] ambient_pick | local:violet-orbit.mp3
[2026-06-22T08:26:51Z] [info] ambient_now_playing | violet orbit
[2026-06-22T08:32:31Z] [info] ambient_pick | local:free-ambient-meditation.mp3
[2026-06-22T08:32:31Z] [info] ambient_now_playing | free ambient meditation
[2026-06-22T08:43:47Z] [info] ambient_pick | local:five-minute-royalty-calm.mp3
[2026-06-22T08:43:47Z] [info] ambient_now_playing | five minute royalty calm
[2026-06-22T08:49:09Z] [info] ambient_pick | local:positive-mood-ambient.mp3
[2026-06-22T08:49:09Z] [info] ambient_now_playing | positive mood ambient
[2026-06-22T08:54:24Z] [info] ambient_pick | local:calm-my-mind.mp3
[2026-06-22T08:54:24Z] [info] ambient_now_playing | calm my mind
[2026-06-22T08:57:24Z] [info] ambient_pick | local:ambient_fallback.mp3
[2026-06-22T08:57:24Z] [info] ambient_now_playing | ambient fallback
[2026-06-22T09:02:44Z] [info] ambient_pick | local:relaxation-sleep-jean-angius.mp3
[2026-06-22T09:02:44Z] [info] ambient_now_playing | relaxation sleep jean angius
[2026-06-22T09:05:22Z] [info] ambient_pick | local:fragments-aerhead-ambient.mp3
[2026-06-22T09:05:22Z] [info] ambient_now_playing | fragments aerhead ambient
[2026-06-22T09:10:55Z] [info] ambient_pick | local:five-minute-relaxing-calm.mp3
[2026-06-22T09:10:56Z] [info] ambient_now_playing | five minute relaxing calm
[2026-06-22T09:17:34Z] [info] ambient_pick | local:mushroom-temple-drift.mp3
[2026-06-22T09:17:34Z] [info] ambient_now_playing | mushroom temple drift
[2026-06-22T09:25:38Z] [info] ambient_pick | local:zen-instrumental-ambient.mp3
[2026-06-22T09:25:38Z] [info] ambient_now_playing | zen instrumental ambient
[2026-06-22T09:31:08Z] [info] ambient_pick | local:dreamcatcher-calm-ambient.mp3
[2026-06-22T09:31:08Z] [info] ambient_now_playing | dreamcatcher calm ambient
[2026-06-22T09:35:25Z] [info] ambient_pick | local:relax-five-minute-calm.mp3
[2026-06-22T09:35:25Z] [info] ambient_now_playing | relax five minute calm
[2026-06-22T09:40:43Z] [info] ambient_pick | local:peaceful-background-calm.mp3
[2026-06-22T09:40:43Z] [info] ambient_now_playing | peaceful background calm
[2026-06-22T09:42:48Z] [info] ambient_pick | local:meditation-leberch.mp3
[2026-06-22T09:42:48Z] [info] ambient_now_playing | meditation leberch
[2026-06-22T09:45:46Z] [info] ambient_pick | local:relaxing-piano-clavier.mp3
[2026-06-22T09:45:46Z] [info] ambient_now_playing | relaxing piano clavier
[2026-06-22T09:47:57Z] [info] ambient_pick | local:positive-mood-ambient.mp3
[2026-06-22T09:47:57Z] [info] ambient_now_playing | positive mood ambient
[2026-06-22T09:53:12Z] [info] ambient_pick | local:free-ambient-meditation.mp3
[2026-06-22T09:53:12Z] [info] ambient_now_playing | free ambient meditation
[2026-06-22T10:04:29Z] [info] ambient_pick | local:calm-my-mind.mp3
[2026-06-22T10:04:29Z] [info] ambient_now_playing | calm my mind
[2026-06-22T10:07:28Z] [info] ambient_pick | local:spiritual-meditation-mountain.mp3
[2026-06-22T10:07:28Z] [info] ambient_now_playing | spiritual meditation mountain
[2026-06-22T10:12:58Z] [info] ambient_pick | local:violet-orbit.mp3
[2026-06-22T10:12:58Z] [info] ambient_now_playing | violet orbit
[2026-06-22T10:18:38Z] [info] ambient_pick | local:fragments-aerhead-ambient.mp3
[2026-06-22T10:18:38Z] [info] ambient_now_playing | fragments aerhead ambient
[2026-06-22T10:24:12Z] [info] ambient_pick | local:five-minute-royalty-calm.mp3
[2026-06-22T10:24:12Z] [info] ambient_now_playing | five minute royalty calm
[2026-06-22T10:29:34Z] [info] ambient_pick | local:zen-instrumental-ambient.mp3
[2026-06-22T10:29:34Z] [info] ambient_now_playing | zen instrumental ambient
[2026-06-22T10:35:04Z] [info] ambient_pick | local:lost-ambient-pads.mp3
[2026-06-22T10:35:04Z] [info] ambient_now_playing | lost ambient pads
[2026-06-22T10:38:24Z] [info] ambient_pick | local:ambient_fallback.mp3
[2026-06-22T10:38:24Z] [info] ambient_now_playing | ambient fallback
[2026-06-22T10:43:45Z] [info] ambient_pick | local:dreamcatcher-calm-ambient.mp3
[2026-06-22T10:43:45Z] [info] ambient_now_playing | dreamcatcher calm ambient
[2026-06-22T10:48:03Z] [info] ambient_pick | local:five-minute-relaxing-calm.mp3
[2026-06-22T10:48:03Z] [info] ambient_now_playing | five minute relaxing calm
[2026-06-22T10:54:41Z] [info] ambient_pick | local:relaxation-sleep-jean-angius.mp3
[2026-06-22T10:54:41Z] [info] ambient_now_playing | relaxation sleep jean angius
[2026-06-22T10:57:18Z] [info] ambient_pick | local:relax-five-minute-calm.mp3
[2026-06-22T10:57:18Z] [info] ambient_now_playing | relax five minute calm
[2026-06-22T11:02:36Z] [info] ambient_pick | local:mushroom-temple-drift.mp3
[2026-06-22T11:02:36Z] [info] ambient_now_playing | mushroom temple drift
[2026-06-22T11:10:40Z] [info] ambient_pick | local:relaxing-piano-clavier.mp3
[2026-06-22T11:10:40Z] [info] ambient_now_playing | relaxing piano clavier
[2026-06-22T11:12:51Z] [info] ambient_pick | local:free-ambient-meditation.mp3
[2026-06-22T11:12:51Z] [info] ambient_now_playing | free ambient meditation
[2026-06-22T11:24:07Z] [info] ambient_pick | local:positive-mood-ambient.mp3
[2026-06-22T11:24:07Z] [info] ambient_now_playing | positive mood ambient
[2026-06-22T11:29:22Z] [info] ambient_pick | local:meditation-leberch.mp3
[2026-06-22T11:29:22Z] [info] ambient_now_playing | meditation leberch
[2026-06-22T11:32:20Z] [info] ambient_pick | local:violet-orbit.mp3
[2026-06-22T11:32:20Z] [info] ambient_now_playing | violet orbit
[2026-06-22T11:38:01Z] [info] ambient_pick | local:peaceful-background-calm.mp3
[2026-06-22T11:38:01Z] [info] ambient_now_playing | peaceful background calm
[2026-06-22T11:40:06Z] [info] ambient_pick | local:fragments-aerhead-ambient.mp3
[2026-06-22T11:40:06Z] [info] ambient_now_playing | fragments aerhead ambient
[2026-06-22T11:45:40Z] [info] ambient_pick | local:calm-my-mind.mp3
[2026-06-22T11:45:40Z] [info] ambient_now_playing | calm my mind
[2026-06-22T11:48:39Z] [info] ambient_pick | local:dreamcatcher-calm-ambient.mp3
[2026-06-22T11:48:39Z] [info] ambient_now_playing | dreamcatcher calm ambient
[2026-06-22T11:52:57Z] [info] ambient_pick | local:lost-ambient-pads.mp3
[2026-06-22T11:52:57Z] [info] ambient_now_playing | lost ambient pads
[2026-06-22T11:56:17Z] [info] ambient_pick | local:zen-instrumental-ambient.mp3
[2026-06-22T11:56:17Z] [info] ambient_now_playing | zen instrumental ambient
[2026-06-22T12:01:47Z] [info] ambient_pick | local:five-minute-relaxing-calm.mp3
[2026-06-22T12:01:47Z] [info] ambient_now_playing | five minute relaxing calm
[2026-06-22T12:04:38Z] [info] inspirational_post | ✨ Gentle consistency beats harsh intensity.
[2026-06-22T12:04:38Z] [info] quote_posted | Gentle consistency beats harsh intensity.
[2026-06-22T12:08:25Z] [info] ambient_pick | local:relaxation-sleep-jean-angius.mp3
[2026-06-22T12:08:25Z] [info] ambient_now_playing | relaxation sleep jean angius
[2026-06-22T12:11:02Z] [info] ambient_pick | local:mushroom-temple-drift.mp3
[2026-06-22T12:11:02Z] [info] ambient_now_playing | mushroom temple drift
[2026-06-22T12:19:06Z] [info] ambient_pick | local:spiritual-meditation-mountain.mp3
[2026-06-22T12:19:06Z] [info] ambient_now_playing | spiritual meditation mountain
[2026-06-22T12:24:37Z] [info] ambient_pick | local:five-minute-royalty-calm.mp3
[2026-06-22T12:24:37Z] [info] ambient_now_playing | five minute royalty calm
[2026-06-22T12:29:59Z] [info] ambient_pick | local:positive-mood-ambient.mp3
[2026-06-22T12:29:59Z] [info] ambient_now_playing | positive mood ambient
[2026-06-22T12:35:14Z] [info] ambient_pick | local:relax-five-minute-calm.mp3
[2026-06-22T12:35:14Z] [info] ambient_now_playing | relax five minute calm
[2026-06-22T12:40:31Z] [info] ambient_pick | local:violet-orbit.mp3
[2026-06-22T12:40:31Z] [info] ambient_now_playing | violet orbit
[2026-06-22T12:46:11Z] [info] ambient_pick | local:fragments-aerhead-ambient.mp3
[2026-06-22T12:46:11Z] [info] ambient_now_playing | fragments aerhead ambient
[2026-06-22T12:51:45Z] [info] ambient_pick | local:ambient_fallback.mp3
[2026-06-22T12:51:45Z] [info] ambient_now_playing | ambient fallback
[2026-06-22T12:57:06Z] [info] ambient_pick | local:meditation-leberch.mp3
[2026-06-22T12:57:06Z] [info] ambient_now_playing | meditation leberch
[2026-06-22T13:00:04Z] [info] ambient_pick | local:relaxing-piano-clavier.mp3
[2026-06-22T13:00:04Z] [info] ambient_now_playing | relaxing piano clavier
[2026-06-22T13:02:15Z] [info] ambient_pick | local:free-ambient-meditation.mp3
[2026-06-22T13:02:15Z] [info] ambient_now_playing | free ambient meditation
[2026-06-22T13:13:31Z] [info] ambient_pick | local:five-minute-relaxing-calm.mp3
[2026-06-22T13:13:31Z] [info] ambient_now_playing | five minute relaxing calm
[2026-06-22T13:20:10Z] [info] ambient_pick | local:zen-instrumental-ambient.mp3
[2026-06-22T13:20:10Z] [info] ambient_now_playing | zen instrumental ambient
[2026-06-22T13:25:40Z] [info] ambient_pick | local:relaxation-sleep-jean-angius.mp3
[2026-06-22T13:25:40Z] [info] ambient_now_playing | relaxation sleep jean angius
[2026-06-22T13:28:17Z] [info] ambient_pick | local:calm-my-mind.mp3
[2026-06-22T13:28:17Z] [info] ambient_now_playing | calm my mind
[2026-06-22T13:31:16Z] [info] ambient_pick | local:dreamcatcher-calm-ambient.mp3
[2026-06-22T13:31:16Z] [info] ambient_now_playing | dreamcatcher calm ambient
[2026-06-22T13:35:34Z] [info] ambient_pick | local:peaceful-background-calm.mp3
[2026-06-22T13:35:34Z] [info] ambient_now_playing | peaceful background calm
[2026-06-22T13:37:39Z] [info] ambient_pick | local:spiritual-meditation-mountain.mp3
[2026-06-22T13:37:39Z] [info] ambient_now_playing | spiritual meditation mountain
[2026-06-22T13:43:09Z] [info] ambient_pick | local:violet-orbit.mp3
[2026-06-22T13:43:09Z] [info] ambient_now_playing | violet orbit
[2026-06-22T13:48:49Z] [info] ambient_pick | local:fragments-aerhead-ambient.mp3
[2026-06-22T13:48:49Z] [info] ambient_now_playing | fragments aerhead ambient
[2026-06-22T13:54:23Z] [info] ambient_pick | local:ambient_fallback.mp3
[2026-06-22T13:54:23Z] [info] ambient_now_playing | ambient fallback
[2026-06-22T13:59:44Z] [info] ambient_pick | local:five-minute-royalty-calm.mp3
[2026-06-22T13:59:44Z] [info] ambient_now_playing | five minute royalty calm
[2026-06-22T14:05:06Z] [info] ambient_pick | local:mushroom-temple-drift.mp3
[2026-06-22T14:05:06Z] [info] ambient_now_playing | mushroom temple drift
[2026-06-22T14:13:10Z] [info] ambient_pick | local:relax-five-minute-calm.mp3
[2026-06-22T14:13:10Z] [info] ambient_now_playing | relax five minute calm
[2026-06-22T14:18:28Z] [info] ambient_pick | local:relaxing-piano-clavier.mp3
[2026-06-22T14:18:28Z] [info] ambient_now_playing | relaxing piano clavier
[2026-06-22T14:20:39Z] [info] ambient_pick | local:free-ambient-meditation.mp3
[2026-06-22T14:20:39Z] [info] ambient_now_playing | free ambient meditation
[2026-06-22T14:31:55Z] [info] ambient_pick | local:zen-instrumental-ambient.mp3
[2026-06-22T14:31:55Z] [info] ambient_now_playing | zen instrumental ambient
[2026-06-22T14:37:25Z] [info] ambient_pick | local:relaxation-sleep-jean-angius.mp3
[2026-06-22T14:37:25Z] [info] ambient_now_playing | relaxation sleep jean angius
[2026-06-22T14:40:02Z] [info] ambient_pick | local:dreamcatcher-calm-ambient.mp3
[2026-06-22T14:40:02Z] [info] ambient_now_playing | dreamcatcher calm ambient
[2026-06-22T14:44:20Z] [info] ambient_pick | local:peaceful-background-calm.mp3
[2026-06-22T14:44:20Z] [info] ambient_now_playing | peaceful background calm
[2026-06-22T14:46:25Z] [info] ambient_pick | local:five-minute-relaxing-calm.mp3
[2026-06-22T14:46:25Z] [info] ambient_now_playing | five minute relaxing calm
[2026-06-22T14:53:03Z] [info] ambient_pick | local:violet-orbit.mp3
[2026-06-22T14:53:03Z] [info] ambient_now_playing | violet orbit
[2026-06-22T14:58:44Z] [info] ambient_pick | local:lost-ambient-pads.mp3
[2026-06-22T14:58:44Z] [info] ambient_now_playing | lost ambient pads
[2026-06-22T15:02:04Z] [info] ambient_pick | local:spiritual-meditation-mountain.mp3
[2026-06-22T15:02:04Z] [info] ambient_now_playing | spiritual meditation mountain
[2026-06-22T15:07:34Z] [info] ambient_pick | local:fragments-aerhead-ambient.mp3
[2026-06-22T15:07:34Z] [info] ambient_now_playing | fragments aerhead ambient
[2026-06-22T15:13:08Z] [info] ambient_pick | local:calm-my-mind.mp3
[2026-06-22T15:13:08Z] [info] ambient_now_playing | calm my mind
[2026-06-22T15:16:07Z] [info] ambient_pick | local:mushroom-temple-drift.mp3
[2026-06-22T15:16:07Z] [info] ambient_now_playing | mushroom temple drift
[2026-06-22T15:24:11Z] [info] ambient_pick | local:meditation-leberch.mp3
[2026-06-22T15:24:11Z] [info] ambient_now_playing | meditation leberch
[2026-06-22T15:27:09Z] [info] ambient_pick | local:ambient_fallback.mp3
[2026-06-22T15:27:09Z] [info] ambient_now_playing | ambient fallback
[2026-06-22T15:32:31Z] [info] ambient_pick | local:free-ambient-meditation.mp3
[2026-06-22T15:32:31Z] [info] ambient_now_playing | free ambient meditation
[2026-06-22T15:43:47Z] [info] ambient_pick | local:five-minute-royalty-calm.mp3
[2026-06-22T15:43:47Z] [info] ambient_now_playing | five minute royalty calm
[2026-06-22T15:49:09Z] [info] ambient_pick | local:relaxation-sleep-jean-angius.mp3
[2026-06-22T15:49:09Z] [info] ambient_now_playing | relaxation sleep jean angius
[2026-06-22T15:51:46Z] [info] ambient_pick | local:peaceful-background-calm.mp3
[2026-06-22T15:51:46Z] [info] ambient_now_playing | peaceful background calm
[2026-06-22T15:53:52Z] [info] ambient_pick | local:zen-instrumental-ambient.mp3
[2026-06-22T15:53:52Z] [info] ambient_now_playing | zen instrumental ambient
[2026-06-22T15:59:21Z] [info] ambient_pick | local:violet-orbit.mp3
[2026-06-22T15:59:21Z] [info] ambient_now_playing | violet orbit
[2026-06-22T16:04:38Z] [info] inspirational_post | ✨ Trust the pace your nervous system asks for.
[2026-06-22T16:04:38Z] [info] quote_posted | Trust the pace your nervous system asks for.
[2026-06-22T16:05:02Z] [info] ambient_pick | local:five-minute-relaxing-calm.mp3
[2026-06-22T16:05:02Z] [info] ambient_now_playing | five minute relaxing calm
[2026-06-22T16:11:40Z] [info] ambient_pick | local:relaxing-piano-clavier.mp3
[2026-06-22T16:11:40Z] [info] ambient_now_playing | relaxing piano clavier
[2026-06-22T16:13:51Z] [info] ambient_pick | local:lost-ambient-pads.mp3
[2026-06-22T16:13:51Z] [info] ambient_now_playing | lost ambient pads
[2026-06-22T16:17:12Z] [info] ambient_pick | local:spiritual-meditation-mountain.mp3
[2026-06-22T16:17:12Z] [info] ambient_now_playing | spiritual meditation mountain
[2026-06-22T16:22:42Z] [info] ambient_pick | local:relax-five-minute-calm.mp3
[2026-06-22T16:22:42Z] [info] ambient_now_playing | relax five minute calm
[2026-06-22T16:27:59Z] [info] ambient_pick | local:mushroom-temple-drift.mp3
[2026-06-22T16:27:59Z] [info] ambient_now_playing | mushroom temple drift
[2026-06-22T16:36:03Z] [info] ambient_pick | local:positive-mood-ambient.mp3
[2026-06-22T16:36:03Z] [info] ambient_now_playing | positive mood ambient
[2026-06-22T16:41:18Z] [info] ambient_pick | local:free-ambient-meditation.mp3
[2026-06-22T16:41:18Z] [info] ambient_now_playing | free ambient meditation
[2026-06-22T16:52:34Z] [info] ambient_pick | local:ambient_fallback.mp3
[2026-06-22T16:52:34Z] [info] ambient_now_playing | ambient fallback
[2026-06-22T16:57:55Z] [info] ambient_pick | local:fragments-aerhead-ambient.mp3
[2026-06-22T16:57:55Z] [info] ambient_now_playing | fragments aerhead ambient
[2026-06-22T17:03:29Z] [info] ambient_pick | local:meditation-leberch.mp3
[2026-06-22T17:03:29Z] [info] ambient_now_playing | meditation leberch
[2026-06-22T17:06:27Z] [info] ambient_pick | local:peaceful-background-calm.mp3
[2026-06-22T17:06:27Z] [info] ambient_now_playing | peaceful background calm
[2026-06-22T17:08:33Z] [info] ambient_pick | local:relaxation-sleep-jean-angius.mp3
[2026-06-22T17:08:33Z] [info] ambient_now_playing | relaxation sleep jean angius
[2026-06-22T17:11:10Z] [info] ambient_pick | local:five-minute-royalty-calm.mp3
[2026-06-22T17:11:10Z] [info] ambient_now_playing | five minute royalty calm
[2026-06-22T17:16:32Z] [info] ambient_pick | local:five-minute-relaxing-calm.mp3
[2026-06-22T17:16:32Z] [info] ambient_now_playing | five minute relaxing calm
[2026-06-22T17:23:10Z] [info] ambient_pick | local:violet-orbit.mp3
[2026-06-22T17:23:10Z] [info] ambient_now_playing | violet orbit
[2026-06-22T17:28:50Z] [info] ambient_pick | local:spiritual-meditation-mountain.mp3
[2026-06-22T17:28:50Z] [info] ambient_now_playing | spiritual meditation mountain
[2026-06-22T17:34:20Z] [info] ambient_pick | local:relax-five-minute-calm.mp3
[2026-06-22T17:34:20Z] [info] ambient_now_playing | relax five minute calm
[2026-06-22T17:39:38Z] [info] ambient_pick | local:relaxing-piano-clavier.mp3
[2026-06-22T17:39:38Z] [info] ambient_now_playing | relaxing piano clavier
[2026-06-22T17:41:49Z] [info] ambient_pick | local:mushroom-temple-drift.mp3
[2026-06-22T17:41:49Z] [info] ambient_now_playing | mushroom temple drift
[2026-06-22T17:49:53Z] [info] ambient_pick | local:free-ambient-meditation.mp3
[2026-06-22T17:49:53Z] [info] ambient_now_playing | free ambient meditation
[2026-06-22T18:01:09Z] [info] ambient_pick | local:ambient_fallback.mp3
[2026-06-22T18:01:09Z] [info] ambient_now_playing | ambient fallback
[2026-06-22T18:06:30Z] [info] ambient_pick | local:lost-ambient-pads.mp3
[2026-06-22T18:06:30Z] [info] ambient_now_playing | lost ambient pads
[2026-06-22T18:09:51Z] [info] ambient_pick | local:positive-mood-ambient.mp3
[2026-06-22T18:09:51Z] [info] ambient_now_playing | positive mood ambient
[2026-06-22T18:15:06Z] [info] ambient_pick | local:peaceful-background-calm.mp3
[2026-06-22T18:15:06Z] [info] ambient_now_playing | peaceful background calm
[2026-06-22T18:17:11Z] [info] ambient_pick | local:dreamcatcher-calm-ambient.mp3
[2026-06-22T18:17:11Z] [info] ambient_now_playing | dreamcatcher calm ambient
[2026-06-22T18:21:28Z] [info] ambient_pick | local:zen-instrumental-ambient.mp3
[2026-06-22T18:21:28Z] [info] ambient_now_playing | zen instrumental ambient
[2026-06-22T18:26:58Z] [info] ambient_pick | local:fragments-aerhead-ambient.mp3
[2026-06-22T18:26:58Z] [info] ambient_now_playing | fragments aerhead ambient
[2026-06-22T18:32:32Z] [info] ambient_pick | local:meditation-leberch.mp3
[2026-06-22T18:32:32Z] [info] ambient_now_playing | meditation leberch
[2026-06-22T18:35:30Z] [info] ambient_pick | local:violet-orbit.mp3
[2026-06-22T18:35:30Z] [info] ambient_now_playing | violet orbit
[2026-06-22T18:41:11Z] [info] ambient_pick | local:calm-my-mind.mp3
[2026-06-22T18:41:11Z] [info] ambient_now_playing | calm my mind
[2026-06-22T18:44:10Z] [info] ambient_pick | local:relaxing-piano-clavier.mp3
[2026-06-22T18:44:10Z] [info] ambient_now_playing | relaxing piano clavier
[2026-06-22T18:46:21Z] [info] ambient_pick | local:five-minute-relaxing-calm.mp3
[2026-06-22T18:46:21Z] [info] ambient_now_playing | five minute relaxing calm
[2026-06-22T18:52:58Z] [info] ambient_pick | local:spiritual-meditation-mountain.mp3
[2026-06-22T18:52:58Z] [info] ambient_now_playing | spiritual meditation mountain
[2026-06-22T18:58:28Z] [info] ambient_pick | local:free-ambient-meditation.mp3
[2026-06-22T18:58:28Z] [info] ambient_now_playing | free ambient meditation
[2026-06-22T19:09:45Z] [info] ambient_pick | local:mushroom-temple-drift.mp3
[2026-06-22T19:09:45Z] [info] ambient_now_playing | mushroom temple drift
[2026-06-22T19:17:49Z] [info] ambient_pick | local:positive-mood-ambient.mp3
[2026-06-22T19:17:49Z] [info] ambient_now_playing | positive mood ambient
[2026-06-22T19:23:04Z] [info] ambient_pick | local:lost-ambient-pads.mp3
[2026-06-22T19:23:04Z] [info] ambient_now_playing | lost ambient pads
[2026-06-22T19:26:24Z] [info] ambient_pick | local:ambient_fallback.mp3
[2026-06-22T19:26:24Z] [info] ambient_now_playing | ambient fallback
[2026-06-22T19:31:45Z] [info] ambient_pick | local:relax-five-minute-calm.mp3
[2026-06-22T19:31:45Z] [info] ambient_now_playing | relax five minute calm
[2026-06-22T19:37:02Z] [info] ambient_pick | local:peaceful-background-calm.mp3
[2026-06-22T19:37:02Z] [info] ambient_now_playing | peaceful background calm
[2026-06-22T19:39:08Z] [info] ambient_pick | local:five-minute-royalty-calm.mp3
[2026-06-22T19:39:08Z] [info] ambient_now_playing | five minute royalty calm
[2026-06-22T19:44:30Z] [info] ambient_pick | local:meditation-leberch.mp3
[2026-06-22T19:44:30Z] [info] ambient_now_playing | meditation leberch
[2026-06-22T19:47:28Z] [info] ambient_pick | local:violet-orbit.mp3
[2026-06-22T19:47:28Z] [info] ambient_now_playing | violet orbit
[2026-06-22T19:53:08Z] [info] ambient_pick | local:relaxation-sleep-jean-angius.mp3
[2026-06-22T19:53:08Z] [info] ambient_now_playing | relaxation sleep jean angius
[2026-06-22T19:55:45Z] [info] ambient_pick | local:fragments-aerhead-ambient.mp3
[2026-06-22T19:55:45Z] [info] ambient_now_playing | fragments aerhead ambient
[2026-06-22T20:01:19Z] [info] ambient_pick | local:dreamcatcher-calm-ambient.mp3
[2026-06-22T20:01:19Z] [info] ambient_now_playing | dreamcatcher calm ambient
[2026-06-22T20:04:38Z] [info] inspirational_post | ✨ Small steps still move you forward.
[2026-06-22T20:04:38Z] [info] quote_posted | Small steps still move you forward.
[2026-06-22T20:05:37Z] [info] ambient_pick | local:five-minute-relaxing-calm.mp3
[2026-06-22T20:05:37Z] [info] ambient_now_playing | five minute relaxing calm
[2026-06-22T20:12:15Z] [info] ambient_pick | local:free-ambient-meditation.mp3
[2026-06-22T20:12:15Z] [info] ambient_now_playing | free ambient meditation
[2026-06-22T20:23:31Z] [info] ambient_pick | local:relaxing-piano-clavier.mp3
[2026-06-22T20:23:31Z] [info] ambient_now_playing | relaxing piano clavier
[2026-06-22T20:25:42Z] [info] ambient_pick | local:lost-ambient-pads.mp3
[2026-06-22T20:25:42Z] [info] ambient_now_playing | lost ambient pads
[2026-06-22T20:29:03Z] [info] ambient_pick | local:zen-instrumental-ambient.mp3
[2026-06-22T20:29:03Z] [info] ambient_now_playing | zen instrumental ambient
[2026-06-22T20:34:33Z] [info] ambient_pick | local:positive-mood-ambient.mp3
[2026-06-22T20:34:33Z] [info] ambient_now_playing | positive mood ambient
[2026-06-22T20:39:48Z] [info] ambient_pick | local:mushroom-temple-drift.mp3
[2026-06-22T20:39:48Z] [info] ambient_now_playing | mushroom temple drift
[2026-06-22T20:47:52Z] [info] ambient_pick | local:spiritual-meditation-mountain.mp3
[2026-06-22T20:47:52Z] [info] ambient_now_playing | spiritual meditation mountain
[2026-06-22T20:53:22Z] [info] ambient_pick | local:meditation-leberch.mp3
[2026-06-22T20:53:22Z] [info] ambient_now_playing | meditation leberch
[2026-06-22T20:56:20Z] [info] ambient_pick | local:five-minute-royalty-calm.mp3
[2026-06-22T20:56:20Z] [info] ambient_now_playing | five minute royalty calm
[2026-06-22T21:01:42Z] [info] ambient_pick | local:violet-orbit.mp3
[2026-06-22T21:01:42Z] [info] ambient_now_playing | violet orbit
[2026-06-22T21:07:22Z] [info] ambient_pick | local:relaxation-sleep-jean-angius.mp3
[2026-06-22T21:07:22Z] [info] ambient_now_playing | relaxation sleep jean angius
[2026-06-22T21:09:59Z] [info] ambient_pick | local:fragments-aerhead-ambient.mp3
[2026-06-22T21:09:59Z] [info] ambient_now_playing | fragments aerhead ambient
[2026-06-22T21:15:33Z] [info] ambient_pick | local:calm-my-mind.mp3
[2026-06-22T21:15:33Z] [info] ambient_now_playing | calm my mind
[2026-06-22T21:18:32Z] [info] ambient_pick | local:peaceful-background-calm.mp3
[2026-06-22T21:18:32Z] [info] ambient_now_playing | peaceful background calm
[2026-06-22T21:20:38Z] [info] ambient_pick | local:free-ambient-meditation.mp3
[2026-06-22T21:20:38Z] [info] ambient_now_playing | free ambient meditation
[2026-06-22T21:31:54Z] [info] ambient_pick | local:ambient_fallback.mp3
[2026-06-22T21:31:54Z] [info] ambient_now_playing | ambient fallback
[2026-06-22T21:37:15Z] [info] ambient_pick | local:relaxing-piano-clavier.mp3
[2026-06-22T21:37:15Z] [info] ambient_now_playing | relaxing piano clavier
[2026-06-22T21:39:26Z] [info] ambient_pick | local:positive-mood-ambient.mp3
[2026-06-22T21:39:26Z] [info] ambient_now_playing | positive mood ambient
[2026-06-22T21:44:41Z] [info] ambient_pick | local:zen-instrumental-ambient.mp3
[2026-06-22T21:44:41Z] [info] ambient_now_playing | zen instrumental ambient
[2026-06-22T21:50:11Z] [info] ambient_pick | local:spiritual-meditation-mountain.mp3
[2026-06-22T21:50:11Z] [info] ambient_now_playing | spiritual meditation mountain
[2026-06-22T21:55:41Z] [info] ambient_pick | local:mushroom-temple-drift.mp3
[2026-06-22T21:55:41Z] [info] ambient_now_playing | mushroom temple drift
[2026-06-22T22:03:45Z] [info] ambient_pick | local:relax-five-minute-calm.mp3
[2026-06-22T22:03:45Z] [info] ambient_now_playing | relax five minute calm
[2026-06-22T22:09:03Z] [info] ambient_pick | local:lost-ambient-pads.mp3
[2026-06-22T22:09:03Z] [info] ambient_now_playing | lost ambient pads
[2026-06-22T22:12:23Z] [info] ambient_pick | local:violet-orbit.mp3
[2026-06-22T22:12:23Z] [info] ambient_now_playing | violet orbit
[2026-06-22T22:18:03Z] [info] ambient_pick | local:dreamcatcher-calm-ambient.mp3
[2026-06-22T22:18:03Z] [info] ambient_now_playing | dreamcatcher calm ambient
[2026-06-22T22:22:21Z] [info] ambient_pick | local:fragments-aerhead-ambient.mp3
[2026-06-22T22:22:21Z] [info] ambient_now_playing | fragments aerhead ambient
[2026-06-22T22:27:55Z] [info] ambient_pick | local:five-minute-royalty-calm.mp3
[2026-06-22T22:27:55Z] [info] ambient_now_playing | five minute royalty calm
[2026-06-22T22:33:17Z] [info] ambient_pick | local:peaceful-background-calm.mp3
[2026-06-22T22:33:17Z] [info] ambient_now_playing | peaceful background calm
[2026-06-22T22:35:22Z] [info] ambient_pick | local:free-ambient-meditation.mp3
[2026-06-22T22:35:22Z] [info] ambient_now_playing | free ambient meditation
[2026-06-22T22:46:38Z] [info] ambient_pick | local:five-minute-relaxing-calm.mp3
[2026-06-22T22:46:38Z] [info] ambient_now_playing | five minute relaxing calm
[2026-06-22T22:53:16Z] [info] ambient_pick | local:calm-my-mind.mp3
[2026-06-22T22:53:16Z] [info] ambient_now_playing | calm my mind
[2026-06-22T22:56:16Z] [info] ambient_pick | local:ambient_fallback.mp3
[2026-06-22T22:56:16Z] [info] ambient_now_playing | ambient fallback
[2026-06-22T23:01:37Z] [info] ambient_pick | local:relaxing-piano-clavier.mp3
[2026-06-22T23:01:37Z] [info] ambient_now_playing | relaxing piano clavier
[2026-06-22T23:03:48Z] [info] ambient_pick | local:positive-mood-ambient.mp3
[2026-06-22T23:03:48Z] [info] ambient_now_playing | positive mood ambient
[2026-06-22T23:09:03Z] [info] ambient_pick | local:mushroom-temple-drift.mp3
[2026-06-22T23:09:03Z] [info] ambient_now_playing | mushroom temple drift
[2026-06-22T23:17:07Z] [info] ambient_pick | local:relaxation-sleep-jean-angius.mp3
[2026-06-22T23:17:07Z] [info] ambient_now_playing | relaxation sleep jean angius
[2026-06-22T23:19:44Z] [info] ambient_pick | local:lost-ambient-pads.mp3
[2026-06-22T23:19:44Z] [info] ambient_now_playing | lost ambient pads
[2026-06-22T23:23:05Z] [info] ambient_pick | local:meditation-leberch.mp3
[2026-06-22T23:23:05Z] [info] ambient_now_playing | meditation leberch
[2026-06-22T23:26:03Z] [info] ambient_pick | local:zen-instrumental-ambient.mp3
[2026-06-22T23:26:03Z] [info] ambient_now_playing | zen instrumental ambient
[2026-06-22T23:31:32Z] [info] ambient_pick | local:dreamcatcher-calm-ambient.mp3
[2026-06-22T23:31:32Z] [info] ambient_now_playing | dreamcatcher calm ambient
[2026-06-22T23:35:50Z] [info] ambient_pick | local:relax-five-minute-calm.mp3
[2026-06-22T23:35:50Z] [info] ambient_now_playing | relax five minute calm
[2026-06-22T23:41:07Z] [info] ambient_pick | local:spiritual-meditation-mountain.mp3
[2026-06-22T23:41:07Z] [info] ambient_now_playing | spiritual meditation mountain
[2026-06-22T23:46:38Z] [info] ambient_pick | local:five-minute-relaxing-calm.mp3
[2026-06-22T23:46:38Z] [info] ambient_now_playing | five minute relaxing calm
[2026-06-22T23:53:16Z] [info] ambient_pick | local:five-minute-royalty-calm.mp3
[2026-06-22T23:53:16Z] [info] ambient_now_playing | five minute royalty calm
[2026-06-22T23:58:38Z] [info] ambient_pick | local:peaceful-background-calm.mp3
[2026-06-22T23:58:38Z] [info] ambient_now_playing | peaceful background calm
