[2026-06-23T00:00:43Z] [info] ambient_pick | local:calm-my-mind.mp3
[2026-06-23T00:00:43Z] [info] ambient_now_playing | calm my mind
[2026-06-23T00:03:43Z] [info] ambient_pick | local:relaxing-piano-clavier.mp3
[2026-06-23T00:03:43Z] [info] ambient_now_playing | relaxing piano clavier
[2026-06-23T00:04:39Z] [info] inspirational_post | ✨ Calm is a skill you can practice.
[2026-06-23T00:04:39Z] [info] quote_posted | Calm is a skill you can practice.
[2026-06-23T00:05:54Z] [info] ambient_pick | local:free-ambient-meditation.mp3
[2026-06-23T00:05:54Z] [info] ambient_now_playing | free ambient meditation
[2026-06-23T00:17:10Z] [info] ambient_pick | local:mushroom-temple-drift.mp3
[2026-06-23T00:17:10Z] [info] ambient_now_playing | mushroom temple drift
[2026-06-23T00:25:14Z] [info] ambient_pick | local:violet-orbit.mp3
[2026-06-23T00:25:14Z] [info] ambient_now_playing | violet orbit
[2026-06-23T00:30:54Z] [info] ambient_pick | local:positive-mood-ambient.mp3
[2026-06-23T00:30:54Z] [info] ambient_now_playing | positive mood ambient
[2026-06-23T00:36:09Z] [info] ambient_pick | local:fragments-aerhead-ambient.mp3
[2026-06-23T00:36:09Z] [info] ambient_now_playing | fragments aerhead ambient
[2026-06-23T00:41:43Z] [info] ambient_pick | local:lost-ambient-pads.mp3
[2026-06-23T00:41:43Z] [info] ambient_now_playing | lost ambient pads
[2026-06-23T00:45:04Z] [info] ambient_pick | local:zen-instrumental-ambient.mp3
[2026-06-23T00:45:04Z] [info] ambient_now_playing | zen instrumental ambient
[2026-06-23T00:50:33Z] [info] ambient_pick | local:spiritual-meditation-mountain.mp3
[2026-06-23T00:50:33Z] [info] ambient_now_playing | spiritual meditation mountain
[2026-06-23T00:56:04Z] [info] ambient_pick | local:dreamcatcher-calm-ambient.mp3
[2026-06-23T00:56:04Z] [info] ambient_now_playing | dreamcatcher calm ambient
[2026-06-23T01:00:21Z] [info] ambient_pick | local:five-minute-relaxing-calm.mp3
[2026-06-23T01:00:21Z] [info] ambient_now_playing | five minute relaxing calm
[2026-06-23T01:06:59Z] [info] ambient_pick | local:relax-five-minute-calm.mp3
[2026-06-23T01:06:59Z] [info] ambient_now_playing | relax five minute calm
[2026-06-23T01:12:17Z] [info] ambient_pick | local:ambient_fallback.mp3
[2026-06-23T01:12:17Z] [info] ambient_now_playing | ambient fallback
[2026-06-23T01:17:38Z] [info] ambient_pick | local:meditation-leberch.mp3
[2026-06-23T01:17:38Z] [info] ambient_now_playing | meditation leberch
[2026-06-23T01:20:36Z] [info] ambient_pick | local:calm-my-mind.mp3
[2026-06-23T01:20:36Z] [info] ambient_now_playing | calm my mind
[2026-06-23T01:23:35Z] [info] ambient_pick | local:relaxation-sleep-jean-angius.mp3
[2026-06-23T01:23:35Z] [info] ambient_now_playing | relaxation sleep jean angius
[2026-06-23T01:26:12Z] [info] ambient_pick | local:five-minute-royalty-calm.mp3
[2026-06-23T01:26:12Z] [info] ambient_now_playing | five minute royalty calm
[2026-06-23T01:31:34Z] [info] ambient_pick | local:mushroom-temple-drift.mp3
[2026-06-23T01:31:34Z] [info] ambient_now_playing | mushroom temple drift
[2026-06-23T01:39:38Z] [info] ambient_pick | local:violet-orbit.mp3
[2026-06-23T01:39:38Z] [info] ambient_now_playing | violet orbit
[2026-06-23T01:45:19Z] [info] ambient_pick | local:peaceful-background-calm.mp3
[2026-06-23T01:45:19Z] [info] ambient_now_playing | peaceful background calm
[2026-06-23T01:47:24Z] [info] ambient_pick | local:positive-mood-ambient.mp3
[2026-06-23T01:47:24Z] [info] ambient_now_playing | positive mood ambient
[2026-06-23T01:52:39Z] [info] ambient_pick | local:fragments-aerhead-ambient.mp3
[2026-06-23T01:52:39Z] [info] ambient_now_playing | fragments aerhead ambient
[2026-06-23T01:58:13Z] [info] ambient_pick | local:lost-ambient-pads.mp3
[2026-06-23T01:58:13Z] [info] ambient_now_playing | lost ambient pads
[2026-06-23T02:01:33Z] [info] ambient_pick | local:five-minute-relaxing-calm.mp3
[2026-06-23T02:01:33Z] [info] ambient_now_playing | five minute relaxing calm
[2026-06-23T02:08:11Z] [info] ambient_pick | local:dreamcatcher-calm-ambient.mp3
[2026-06-23T02:08:12Z] [info] ambient_now_playing | dreamcatcher calm ambient
[2026-06-23T02:12:29Z] [info] ambient_pick | local:zen-instrumental-ambient.mp3
[2026-06-23T02:12:29Z] [info] ambient_now_playing | zen instrumental ambient
[2026-06-23T02:17:59Z] [info] ambient_pick | local:free-ambient-meditation.mp3
[2026-06-23T02:17:59Z] [info] ambient_now_playing | free ambient meditation
[2026-06-23T02:29:15Z] [info] ambient_pick | local:relaxing-piano-clavier.mp3
[2026-06-23T02:29:15Z] [info] ambient_now_playing | relaxing piano clavier
[2026-06-23T02:31:26Z] [info] ambient_pick | local:relax-five-minute-calm.mp3
[2026-06-23T02:31:26Z] [info] ambient_now_playing | relax five minute calm
[2026-06-23T02:36:44Z] [info] ambient_pick | local:calm-my-mind.mp3
[2026-06-23T02:36:44Z] [info] ambient_now_playing | calm my mind
[2026-06-23T02:39:43Z] [info] ambient_pick | local:spiritual-meditation-mountain.mp3
[2026-06-23T02:39:43Z] [info] ambient_now_playing | spiritual meditation mountain
[2026-06-23T02:45:13Z] [info] ambient_pick | local:mushroom-temple-drift.mp3
[2026-06-23T02:45:13Z] [info] ambient_now_playing | mushroom temple drift
[2026-06-23T02:53:17Z] [info] ambient_pick | local:five-minute-royalty-calm.mp3
[2026-06-23T02:53:17Z] [info] ambient_now_playing | five minute royalty calm
[2026-06-23T02:58:39Z] [info] ambient_pick | local:ambient_fallback.mp3
[2026-06-23T02:58:39Z] [info] ambient_now_playing | ambient fallback
[2026-06-23T03:04:00Z] [info] ambient_pick | local:positive-mood-ambient.mp3
[2026-06-23T03:04:00Z] [info] ambient_now_playing | positive mood ambient
[2026-06-23T03:09:15Z] [info] ambient_pick | local:meditation-leberch.mp3
[2026-06-23T03:09:15Z] [info] ambient_now_playing | meditation leberch
[2026-06-23T03:12:13Z] [info] ambient_pick | local:fragments-aerhead-ambient.mp3
[2026-06-23T03:12:13Z] [info] ambient_now_playing | fragments aerhead ambient
[2026-06-23T03:17:47Z] [info] ambient_pick | local:peaceful-background-calm.mp3
[2026-06-23T03:17:47Z] [info] ambient_now_playing | peaceful background calm
[2026-06-23T03:19:52Z] [info] ambient_pick | local:lost-ambient-pads.mp3
[2026-06-23T03:19:52Z] [info] ambient_now_playing | lost ambient pads
[2026-06-23T03:23:13Z] [info] ambient_pick | local:violet-orbit.mp3
[2026-06-23T03:23:13Z] [info] ambient_now_playing | violet orbit
[2026-06-23T03:28:53Z] [info] ambient_pick | local:free-ambient-meditation.mp3
[2026-06-23T03:28:53Z] [info] ambient_now_playing | free ambient meditation
[2026-06-23T03:40:09Z] [info] ambient_pick | local:dreamcatcher-calm-ambient.mp3
[2026-06-23T03:40:09Z] [info] ambient_now_playing | dreamcatcher calm ambient
[2026-06-23T03:44:27Z] [info] ambient_pick | local:relaxing-piano-clavier.mp3
[2026-06-23T03:44:27Z] [info] ambient_now_playing | relaxing piano clavier
[2026-06-23T03:46:38Z] [info] ambient_pick | local:five-minute-relaxing-calm.mp3
[2026-06-23T03:46:38Z] [info] ambient_now_playing | five minute relaxing calm
[2026-06-23T03:53:16Z] [info] ambient_pick | local:mushroom-temple-drift.mp3
[2026-06-23T03:53:16Z] [info] ambient_now_playing | mushroom temple drift
[2026-06-23T04:01:20Z] [info] ambient_pick | local:zen-instrumental-ambient.mp3
[2026-06-23T04:01:20Z] [info] ambient_now_playing | zen instrumental ambient
[2026-06-23T04:04:39Z] [info] inspirational_post | ✨ Small steps still move you forward.
[2026-06-23T04:04:39Z] [info] quote_posted | Small steps still move you forward.
[2026-06-23T04:06:50Z] [info] ambient_pick | local:relax-five-minute-calm.mp3
[2026-06-23T04:06:50Z] [info] ambient_now_playing | relax five minute calm
[2026-06-23T04:12:08Z] [info] ambient_pick | local:calm-my-mind.mp3
[2026-06-23T04:12:08Z] [info] ambient_now_playing | calm my mind
[2026-06-23T04:15:07Z] [info] ambient_pick | local:ambient_fallback.mp3
[2026-06-23T04:15:07Z] [info] ambient_now_playing | ambient fallback
[2026-06-23T04:20:28Z] [info] ambient_pick | local:relaxation-sleep-jean-angius.mp3
[2026-06-23T04:20:28Z] [info] ambient_now_playing | relaxation sleep jean angius
[2026-06-23T04:23:05Z] [info] ambient_pick | local:spiritual-meditation-mountain.mp3
[2026-06-23T04:23:05Z] [info] ambient_now_playing | spiritual meditation mountain
[2026-06-23T04:28:35Z] [info] ambient_pick | local:lost-ambient-pads.mp3
[2026-06-23T04:28:35Z] [info] ambient_now_playing | lost ambient pads
[2026-06-23T04:31:55Z] [info] ambient_pick | local:positive-mood-ambient.mp3
[2026-06-23T04:31:55Z] [info] ambient_now_playing | positive mood ambient
[2026-06-23T04:37:10Z] [info] ambient_pick | local:free-ambient-meditation.mp3
[2026-06-23T04:37:10Z] [info] ambient_now_playing | free ambient meditation
[2026-06-23T04:48:27Z] [info] ambient_pick | local:dreamcatcher-calm-ambient.mp3
[2026-06-23T04:48:27Z] [info] ambient_now_playing | dreamcatcher calm ambient
[2026-06-23T04:52:44Z] [info] ambient_pick | local:relaxing-piano-clavier.mp3
[2026-06-23T04:52:44Z] [info] ambient_now_playing | relaxing piano clavier
[2026-06-23T04:54:55Z] [info] ambient_pick | local:five-minute-royalty-calm.mp3
[2026-06-23T04:54:55Z] [info] ambient_now_playing | five minute royalty calm
[2026-06-23T05:00:17Z] [info] ambient_pick | local:violet-orbit.mp3
[2026-06-23T05:00:17Z] [info] ambient_now_playing | violet orbit
[2026-06-23T05:05:58Z] [info] ambient_pick | local:meditation-leberch.mp3
[2026-06-23T05:05:58Z] [info] ambient_now_playing | meditation leberch
[2026-06-23T05:08:56Z] [info] ambient_pick | local:mushroom-temple-drift.mp3
[2026-06-23T05:08:56Z] [info] ambient_now_playing | mushroom temple drift
[2026-06-23T05:17:00Z] [info] ambient_pick | local:relax-five-minute-calm.mp3
[2026-06-23T05:17:00Z] [info] ambient_now_playing | relax five minute calm
[2026-06-23T05:22:17Z] [info] ambient_pick | local:ambient_fallback.mp3
[2026-06-23T05:22:17Z] [info] ambient_now_playing | ambient fallback
[2026-06-23T05:27:38Z] [info] ambient_pick | local:peaceful-background-calm.mp3
[2026-06-23T05:27:38Z] [info] ambient_now_playing | peaceful background calm
[2026-06-23T05:29:43Z] [info] ambient_pick | local:zen-instrumental-ambient.mp3
[2026-06-23T05:29:43Z] [info] ambient_now_playing | zen instrumental ambient
[2026-06-23T05:35:13Z] [info] ambient_pick | local:spiritual-meditation-mountain.mp3
[2026-06-23T05:35:13Z] [info] ambient_now_playing | spiritual meditation mountain
[2026-06-23T05:40:43Z] [info] ambient_pick | local:lost-ambient-pads.mp3
[2026-06-23T05:40:43Z] [info] ambient_now_playing | lost ambient pads
[2026-06-23T05:44:04Z] [info] ambient_pick | local:fragments-aerhead-ambient.mp3
[2026-06-23T05:44:04Z] [info] ambient_now_playing | fragments aerhead ambient
[2026-06-23T05:49:38Z] [info] ambient_pick | local:positive-mood-ambient.mp3
[2026-06-23T05:49:38Z] [info] ambient_now_playing | positive mood ambient
[2026-06-23T05:54:53Z] [info] ambient_pick | local:five-minute-relaxing-calm.mp3
[2026-06-23T05:54:53Z] [info] ambient_now_playing | five minute relaxing calm
[2026-06-23T06:01:31Z] [info] ambient_pick | local:relaxation-sleep-jean-angius.mp3
[2026-06-23T06:01:31Z] [info] ambient_now_playing | relaxation sleep jean angius
[2026-06-23T06:04:08Z] [info] ambient_pick | local:calm-my-mind.mp3
[2026-06-23T06:04:08Z] [info] ambient_now_playing | calm my mind
[2026-06-23T06:07:08Z] [info] ambient_pick | local:meditation-leberch.mp3
[2026-06-23T06:07:08Z] [info] ambient_now_playing | meditation leberch
[2026-06-23T06:10:06Z] [info] ambient_pick | local:violet-orbit.mp3
[2026-06-23T06:10:06Z] [info] ambient_now_playing | violet orbit
[2026-06-23T06:15:46Z] [info] ambient_pick | local:free-ambient-meditation.mp3
[2026-06-23T06:15:46Z] [info] ambient_now_playing | free ambient meditation
[2026-06-23T06:27:02Z] [info] ambient_pick | local:relax-five-minute-calm.mp3
[2026-06-23T06:27:02Z] [info] ambient_now_playing | relax five minute calm
[2026-06-23T06:32:20Z] [info] ambient_pick | local:ambient_fallback.mp3
[2026-06-23T06:32:20Z] [info] ambient_now_playing | ambient fallback
[2026-06-23T06:37:40Z] [info] ambient_pick | local:mushroom-temple-drift.mp3
[2026-06-23T06:37:40Z] [info] ambient_now_playing | mushroom temple drift
[2026-06-23T06:45:44Z] [info] ambient_pick | local:zen-instrumental-ambient.mp3
[2026-06-23T06:45:44Z] [info] ambient_now_playing | zen instrumental ambient
[2026-06-23T06:51:14Z] [info] ambient_pick | local:peaceful-background-calm.mp3
[2026-06-23T06:51:14Z] [info] ambient_now_playing | peaceful background calm
[2026-06-23T06:53:20Z] [info] ambient_pick | local:fragments-aerhead-ambient.mp3
[2026-06-23T06:53:20Z] [info] ambient_now_playing | fragments aerhead ambient
[2026-06-23T06:58:54Z] [info] ambient_pick | local:lost-ambient-pads.mp3
[2026-06-23T06:58:54Z] [info] ambient_now_playing | lost ambient pads
[2026-06-23T07:02:14Z] [info] ambient_pick | local:dreamcatcher-calm-ambient.mp3
[2026-06-23T07:02:14Z] [info] ambient_now_playing | dreamcatcher calm ambient
[2026-06-23T07:06:31Z] [info] ambient_pick | local:relaxing-piano-clavier.mp3
[2026-06-23T07:06:31Z] [info] ambient_now_playing | relaxing piano clavier
[2026-06-23T07:08:43Z] [info] ambient_pick | local:calm-my-mind.mp3
[2026-06-23T07:08:43Z] [info] ambient_now_playing | calm my mind
[2026-06-23T07:11:42Z] [info] ambient_pick | local:five-minute-relaxing-calm.mp3
[2026-06-23T07:11:42Z] [info] ambient_now_playing | five minute relaxing calm
[2026-06-23T07:18:20Z] [info] ambient_pick | local:five-minute-royalty-calm.mp3
[2026-06-23T07:18:20Z] [info] ambient_now_playing | five minute royalty calm
[2026-06-23T07:23:42Z] [info] ambient_pick | local:free-ambient-meditation.mp3
[2026-06-23T07:23:42Z] [info] ambient_now_playing | free ambient meditation
[2026-06-23T07:34:58Z] [info] ambient_pick | local:positive-mood-ambient.mp3
[2026-06-23T07:34:58Z] [info] ambient_now_playing | positive mood ambient
[2026-06-23T07:40:13Z] [info] ambient_pick | local:meditation-leberch.mp3
[2026-06-23T07:40:13Z] [info] ambient_now_playing | meditation leberch
[2026-06-23T07:43:12Z] [info] ambient_pick | local:mushroom-temple-drift.mp3
[2026-06-23T07:43:12Z] [info] ambient_now_playing | mushroom temple drift
[2026-06-23T07:51:16Z] [info] ambient_pick | local:relax-five-minute-calm.mp3
[2026-06-23T07:51:16Z] [info] ambient_now_playing | relax five minute calm
[2026-06-23T07:56:33Z] [info] ambient_pick | local:peaceful-background-calm.mp3
[2026-06-23T07:56:33Z] [info] ambient_now_playing | peaceful background calm
[2026-06-23T07:58:38Z] [info] ambient_pick | local:fragments-aerhead-ambient.mp3
[2026-06-23T07:58:38Z] [info] ambient_now_playing | fragments aerhead ambient
[2026-06-23T08:04:12Z] [info] ambient_pick | local:zen-instrumental-ambient.mp3
[2026-06-23T08:04:12Z] [info] ambient_now_playing | zen instrumental ambient
[2026-06-23T08:04:39Z] [info] inspirational_post | ✨ Small steps still move you forward.
[2026-06-23T08:04:39Z] [info] quote_posted | Small steps still move you forward.
[2026-06-23T08:09:42Z] [info] ambient_pick | local:spiritual-meditation-mountain.mp3
[2026-06-23T08:09:42Z] [info] ambient_now_playing | spiritual meditation mountain
[2026-06-23T08:15:12Z] [info] ambient_pick | local:lost-ambient-pads.mp3
[2026-06-23T08:15:12Z] [info] ambient_now_playing | lost ambient pads
[2026-06-23T08:18:33Z] [info] ambient_pick | local:ambient_fallback.mp3
[2026-06-23T08:18:33Z] [info] ambient_now_playing | ambient fallback
[2026-06-23T08:23:53Z] [info] ambient_pick | local:relaxing-piano-clavier.mp3
[2026-06-23T08:23:53Z] [info] ambient_now_playing | relaxing piano clavier
[2026-06-23T08:26:05Z] [info] ambient_pick | local:dreamcatcher-calm-ambient.mp3
[2026-06-23T08:26:05Z] [info] ambient_now_playing | dreamcatcher calm ambient
[2026-06-23T08:30:22Z] [info] ambient_pick | local:violet-orbit.mp3
[2026-06-23T08:30:22Z] [info] ambient_now_playing | violet orbit
[2026-06-23T08:36:03Z] [info] ambient_pick | local:calm-my-mind.mp3
[2026-06-23T08:36:03Z] [info] ambient_now_playing | calm my mind
[2026-06-23T08:39:02Z] [info] ambient_pick | local:meditation-leberch.mp3
[2026-06-23T08:39:02Z] [info] ambient_now_playing | meditation leberch
[2026-06-23T08:42:00Z] [info] ambient_pick | local:free-ambient-meditation.mp3
[2026-06-23T08:42:00Z] [info] ambient_now_playing | free ambient meditation
[2026-06-23T08:53:16Z] [info] ambient_pick | local:mushroom-temple-drift.mp3
[2026-06-23T08:53:16Z] [info] ambient_now_playing | mushroom temple drift
[2026-06-23T09:01:20Z] [info] ambient_pick | local:positive-mood-ambient.mp3
[2026-06-23T09:01:20Z] [info] ambient_now_playing | positive mood ambient
[2026-06-23T09:06:35Z] [info] ambient_pick | local:relax-five-minute-calm.mp3
[2026-06-23T09:06:35Z] [info] ambient_now_playing | relax five minute calm
[2026-06-23T09:11:53Z] [info] ambient_pick | local:zen-instrumental-ambient.mp3
[2026-06-23T09:11:53Z] [info] ambient_now_playing | zen instrumental ambient
[2026-06-23T09:17:22Z] [info] ambient_pick | local:five-minute-royalty-calm.mp3
[2026-06-23T09:17:22Z] [info] ambient_now_playing | five minute royalty calm
[2026-06-23T09:22:44Z] [info] ambient_pick | local:lost-ambient-pads.mp3
[2026-06-23T09:22:44Z] [info] ambient_now_playing | lost ambient pads
[2026-06-23T09:26:05Z] [info] ambient_pick | local:five-minute-relaxing-calm.mp3
[2026-06-23T09:26:05Z] [info] ambient_now_playing | five minute relaxing calm
[2026-06-23T09:32:43Z] [info] ambient_pick | local:peaceful-background-calm.mp3
[2026-06-23T09:32:43Z] [info] ambient_now_playing | peaceful background calm
[2026-06-23T09:34:49Z] [info] ambient_pick | local:spiritual-meditation-mountain.mp3
[2026-06-23T09:34:49Z] [info] ambient_now_playing | spiritual meditation mountain
[2026-06-23T09:40:19Z] [info] ambient_pick | local:violet-orbit.mp3
[2026-06-23T09:40:19Z] [info] ambient_now_playing | violet orbit
[2026-06-23T09:45:59Z] [info] ambient_pick | local:calm-my-mind.mp3
[2026-06-23T09:45:59Z] [info] ambient_now_playing | calm my mind
[2026-06-23T09:48:58Z] [info] ambient_pick | local:relaxing-piano-clavier.mp3
[2026-06-23T09:48:58Z] [info] ambient_now_playing | relaxing piano clavier
[2026-06-23T09:51:10Z] [info] ambient_pick | local:ambient_fallback.mp3
[2026-06-23T09:51:10Z] [info] ambient_now_playing | ambient fallback
[2026-06-23T09:56:30Z] [info] ambient_pick | local:fragments-aerhead-ambient.mp3
[2026-06-23T09:56:30Z] [info] ambient_now_playing | fragments aerhead ambient
[2026-06-23T10:02:04Z] [info] ambient_pick | local:free-ambient-meditation.mp3
[2026-06-23T10:02:04Z] [info] ambient_now_playing | free ambient meditation
[2026-06-23T10:13:20Z] [info] ambient_pick | local:dreamcatcher-calm-ambient.mp3
[2026-06-23T10:13:20Z] [info] ambient_now_playing | dreamcatcher calm ambient
[2026-06-23T10:17:38Z] [info] ambient_pick | local:mushroom-temple-drift.mp3
[2026-06-23T10:17:38Z] [info] ambient_now_playing | mushroom temple drift
[2026-06-23T10:25:42Z] [info] ambient_pick | local:five-minute-royalty-calm.mp3
[2026-06-23T10:25:42Z] [info] ambient_now_playing | five minute royalty calm
[2026-06-23T10:31:04Z] [info] ambient_pick | local:meditation-leberch.mp3
[2026-06-23T10:31:04Z] [info] ambient_now_playing | meditation leberch
[2026-06-23T10:34:02Z] [info] ambient_pick | local:positive-mood-ambient.mp3
[2026-06-23T10:34:02Z] [info] ambient_now_playing | positive mood ambient
[2026-06-23T10:39:17Z] [info] ambient_pick | local:relax-five-minute-calm.mp3
[2026-06-23T10:39:17Z] [info] ambient_now_playing | relax five minute calm
[2026-06-23T10:44:34Z] [info] ambient_pick | local:peaceful-background-calm.mp3
[2026-06-23T10:44:34Z] [info] ambient_now_playing | peaceful background calm
[2026-06-23T10:46:40Z] [info] ambient_pick | local:five-minute-relaxing-calm.mp3
[2026-06-23T10:46:40Z] [info] ambient_now_playing | five minute relaxing calm
[2026-06-23T10:53:18Z] [info] ambient_pick | local:zen-instrumental-ambient.mp3
[2026-06-23T10:53:18Z] [info] ambient_now_playing | zen instrumental ambient
[2026-06-23T10:58:48Z] [info] ambient_pick | local:lost-ambient-pads.mp3
[2026-06-23T10:58:48Z] [info] ambient_now_playing | lost ambient pads
[2026-06-23T11:02:08Z] [info] ambient_pick | local:violet-orbit.mp3
[2026-06-23T11:02:08Z] [info] ambient_now_playing | violet orbit
[2026-06-23T11:07:49Z] [info] ambient_pick | local:relaxation-sleep-jean-angius.mp3
[2026-06-23T11:07:49Z] [info] ambient_now_playing | relaxation sleep jean angius
[2026-06-23T11:10:26Z] [info] ambient_pick | local:spiritual-meditation-mountain.mp3
[2026-06-23T11:10:26Z] [info] ambient_now_playing | spiritual meditation mountain
[2026-06-23T11:15:56Z] [info] ambient_pick | local:relaxing-piano-clavier.mp3
[2026-06-23T11:15:56Z] [info] ambient_now_playing | relaxing piano clavier
[2026-06-23T11:18:07Z] [info] ambient_pick | local:free-ambient-meditation.mp3
[2026-06-23T11:18:07Z] [info] ambient_now_playing | free ambient meditation
[2026-06-23T11:29:23Z] [info] ambient_pick | local:mushroom-temple-drift.mp3
[2026-06-23T11:29:23Z] [info] ambient_now_playing | mushroom temple drift
[2026-06-23T11:37:27Z] [info] ambient_pick | local:calm-my-mind.mp3
[2026-06-23T11:37:27Z] [info] ambient_now_playing | calm my mind
[2026-06-23T11:40:27Z] [info] ambient_pick | local:fragments-aerhead-ambient.mp3
[2026-06-23T11:40:27Z] [info] ambient_now_playing | fragments aerhead ambient
[2026-06-23T11:46:01Z] [info] ambient_pick | local:meditation-leberch.mp3
[2026-06-23T11:46:01Z] [info] ambient_now_playing | meditation leberch
[2026-06-23T11:48:59Z] [info] ambient_pick | local:positive-mood-ambient.mp3
[2026-06-23T11:48:59Z] [info] ambient_now_playing | positive mood ambient
[2026-06-23T11:54:14Z] [info] ambient_pick | local:ambient_fallback.mp3
[2026-06-23T11:54:14Z] [info] ambient_now_playing | ambient fallback
[2026-06-23T11:59:35Z] [info] ambient_pick | local:relax-five-minute-calm.mp3
[2026-06-23T11:59:35Z] [info] ambient_now_playing | relax five minute calm
[2026-06-23T12:04:40Z] [info] inspirational_post | ✨ Calm is a skill you can practice.
[2026-06-23T12:04:40Z] [info] quote_posted | Calm is a skill you can practice.
[2026-06-23T12:04:52Z] [info] ambient_pick | local:lost-ambient-pads.mp3
[2026-06-23T12:04:52Z] [info] ambient_now_playing | lost ambient pads
[2026-06-23T12:08:12Z] [info] ambient_pick | local:dreamcatcher-calm-ambient.mp3
[2026-06-23T12:08:12Z] [info] ambient_now_playing | dreamcatcher calm ambient
[2026-06-23T12:12:30Z] [info] ambient_pick | local:violet-orbit.mp3
[2026-06-23T12:12:30Z] [info] ambient_now_playing | violet orbit
[2026-06-23T12:18:10Z] [info] ambient_pick | local:relaxation-sleep-jean-angius.mp3
[2026-06-23T12:18:10Z] [info] ambient_now_playing | relaxation sleep jean angius
[2026-06-23T12:20:47Z] [info] ambient_pick | local:spiritual-meditation-mountain.mp3
[2026-06-23T12:20:47Z] [info] ambient_now_playing | spiritual meditation mountain
[2026-06-23T12:26:17Z] [info] ambient_pick | local:relaxing-piano-clavier.mp3
[2026-06-23T12:26:17Z] [info] ambient_now_playing | relaxing piano clavier
[2026-06-23T12:28:29Z] [info] ambient_pick | local:mushroom-temple-drift.mp3
[2026-06-23T12:28:29Z] [info] ambient_now_playing | mushroom temple drift
[2026-06-23T12:36:33Z] [info] ambient_pick | local:peaceful-background-calm.mp3
[2026-06-23T12:36:33Z] [info] ambient_now_playing | peaceful background calm
