[2026-05-30T00:01:37Z] [info] ambient_pick | local:relaxing-piano-clavier.mp3
[2026-05-30T00:01:37Z] [info] ambient_now_playing | relaxing piano clavier
[2026-05-30T00:03:49Z] [info] ambient_pick | local:five-minute-relaxing-calm.mp3
[2026-05-30T00:03:49Z] [info] ambient_now_playing | five minute relaxing calm
[2026-05-30T00:10:27Z] [info] ambient_pick | local:ambient_fallback.mp3
[2026-05-30T00:10:27Z] [info] ambient_now_playing | ambient fallback
[2026-05-30T00:15:48Z] [info] ambient_pick | local:mushroom-temple-drift.mp3
[2026-05-30T00:15:48Z] [info] ambient_now_playing | mushroom temple drift
[2026-05-30T00:23:52Z] [info] ambient_pick | local:positive-mood-ambient.mp3
[2026-05-30T00:23:52Z] [info] ambient_now_playing | positive mood ambient
[2026-05-30T00:29:07Z] [info] ambient_pick | local:violet-orbit.mp3
[2026-05-30T00:29:07Z] [info] ambient_now_playing | violet orbit
[2026-05-30T00:34:47Z] [info] ambient_pick | local:calm-my-mind.mp3
[2026-05-30T00:34:47Z] [info] ambient_now_playing | calm my mind
[2026-05-30T00:37:46Z] [info] ambient_pick | local:spiritual-meditation-mountain.mp3
[2026-05-30T00:37:46Z] [info] ambient_now_playing | spiritual meditation mountain
[2026-05-30T00:43:16Z] [info] ambient_pick | local:free-ambient-meditation.mp3
[2026-05-30T00:43:16Z] [info] ambient_now_playing | free ambient meditation
[2026-05-30T00:54:32Z] [info] ambient_pick | local:dreamcatcher-calm-ambient.mp3
[2026-05-30T00:54:32Z] [info] ambient_now_playing | dreamcatcher calm ambient
[2026-05-30T00:58:50Z] [info] ambient_pick | local:five-minute-royalty-calm.mp3
[2026-05-30T00:58:50Z] [info] ambient_now_playing | five minute royalty calm
[2026-05-30T01:04:12Z] [info] ambient_pick | local:meditation-leberch.mp3
[2026-05-30T01:04:12Z] [info] ambient_now_playing | meditation leberch
[2026-05-30T01:07:10Z] [info] ambient_pick | local:relaxation-sleep-jean-angius.mp3
[2026-05-30T01:07:10Z] [info] ambient_now_playing | relaxation sleep jean angius
[2026-05-30T01:09:47Z] [info] ambient_pick | local:zen-instrumental-ambient.mp3
[2026-05-30T01:09:47Z] [info] ambient_now_playing | zen instrumental ambient
[2026-05-30T01:15:17Z] [info] ambient_pick | local:relaxing-piano-clavier.mp3
[2026-05-30T01:15:17Z] [info] ambient_now_playing | relaxing piano clavier
[2026-05-30T01:17:28Z] [info] ambient_pick | local:lost-ambient-pads.mp3
[2026-05-30T01:17:28Z] [info] ambient_now_playing | lost ambient pads
[2026-05-30T01:20:49Z] [info] ambient_pick | local:mushroom-temple-drift.mp3
[2026-05-30T01:20:49Z] [info] ambient_now_playing | mushroom temple drift
[2026-05-30T01:28:53Z] [info] ambient_pick | local:relax-five-minute-calm.mp3
[2026-05-30T01:28:53Z] [info] ambient_now_playing | relax five minute calm
[2026-05-30T01:34:11Z] [info] ambient_pick | local:ambient_fallback.mp3
[2026-05-30T01:34:11Z] [info] ambient_now_playing | ambient fallback
[2026-05-30T01:39:32Z] [info] ambient_pick | local:calm-my-mind.mp3
[2026-05-30T01:39:32Z] [info] ambient_now_playing | calm my mind
[2026-05-30T01:42:29Z] [info] inspirational_post | ✨ Calm is a skill you can practice.
[2026-05-30T01:42:29Z] [info] quote_posted | Calm is a skill you can practice.
[2026-05-30T01:42:31Z] [info] ambient_pick | local:spiritual-meditation-mountain.mp3
[2026-05-30T01:42:31Z] [info] ambient_now_playing | spiritual meditation mountain
[2026-05-30T01:48:01Z] [info] ambient_pick | local:violet-orbit.mp3
[2026-05-30T01:48:01Z] [info] ambient_now_playing | violet orbit
[2026-05-30T01:53:42Z] [info] ambient_pick | local:fragments-aerhead-ambient.mp3
[2026-05-30T01:53:42Z] [info] ambient_now_playing | fragments aerhead ambient
[2026-05-30T01:59:16Z] [info] ambient_pick | local:dreamcatcher-calm-ambient.mp3
[2026-05-30T01:59:16Z] [info] ambient_now_playing | dreamcatcher calm ambient
[2026-05-30T02:03:33Z] [info] ambient_pick | local:meditation-leberch.mp3
[2026-05-30T02:03:33Z] [info] ambient_now_playing | meditation leberch
[2026-05-30T02:06:31Z] [info] ambient_pick | local:relaxation-sleep-jean-angius.mp3
[2026-05-30T02:06:31Z] [info] ambient_now_playing | relaxation sleep jean angius
[2026-05-30T02:09:08Z] [info] ambient_pick | local:free-ambient-meditation.mp3
[2026-05-30T02:09:08Z] [info] ambient_now_playing | free ambient meditation
[2026-05-30T02:20:24Z] [info] ambient_pick | local:peaceful-background-calm.mp3
[2026-05-30T02:20:24Z] [info] ambient_now_playing | peaceful background calm
[2026-05-30T02:22:30Z] [info] ambient_pick | local:five-minute-royalty-calm.mp3
[2026-05-30T02:22:30Z] [info] ambient_now_playing | five minute royalty calm
[2026-05-30T02:27:52Z] [info] ambient_pick | local:lost-ambient-pads.mp3
[2026-05-30T02:27:52Z] [info] ambient_now_playing | lost ambient pads
[2026-05-30T02:31:12Z] [info] ambient_pick | local:relax-five-minute-calm.mp3
[2026-05-30T02:31:12Z] [info] ambient_now_playing | relax five minute calm
[2026-05-30T02:36:30Z] [info] ambient_pick | local:mushroom-temple-drift.mp3
[2026-05-30T02:36:30Z] [info] ambient_now_playing | mushroom temple drift
[2026-05-30T02:44:34Z] [info] ambient_pick | local:five-minute-relaxing-calm.mp3
[2026-05-30T02:44:34Z] [info] ambient_now_playing | five minute relaxing calm
[2026-05-30T02:51:12Z] [info] ambient_pick | local:spiritual-meditation-mountain.mp3
[2026-05-30T02:51:12Z] [info] ambient_now_playing | spiritual meditation mountain
[2026-05-30T02:56:42Z] [info] ambient_pick | local:positive-mood-ambient.mp3
[2026-05-30T02:56:42Z] [info] ambient_now_playing | positive mood ambient
[2026-05-30T03:01:57Z] [info] ambient_pick | local:ambient_fallback.mp3
[2026-05-30T03:01:57Z] [info] ambient_now_playing | ambient fallback
[2026-05-30T03:07:18Z] [info] ambient_pick | local:violet-orbit.mp3
[2026-05-30T03:07:18Z] [info] ambient_now_playing | violet orbit
[2026-05-30T03:12:58Z] [info] ambient_pick | local:relaxing-piano-clavier.mp3
[2026-05-30T03:12:58Z] [info] ambient_now_playing | relaxing piano clavier
[2026-05-30T03:15:10Z] [info] ambient_pick | local:fragments-aerhead-ambient.mp3
[2026-05-30T03:15:10Z] [info] ambient_now_playing | fragments aerhead ambient
[2026-05-30T03:20:43Z] [info] ambient_pick | local:free-ambient-meditation.mp3
[2026-05-30T03:20:43Z] [info] ambient_now_playing | free ambient meditation
[2026-05-30T03:31:59Z] [info] ambient_pick | local:relaxation-sleep-jean-angius.mp3
[2026-05-30T03:31:59Z] [info] ambient_now_playing | relaxation sleep jean angius
[2026-05-30T03:34:37Z] [info] ambient_pick | local:meditation-leberch.mp3
[2026-05-30T03:34:37Z] [info] ambient_now_playing | meditation leberch
[2026-05-30T03:37:35Z] [info] ambient_pick | local:peaceful-background-calm.mp3
[2026-05-30T03:37:35Z] [info] ambient_now_playing | peaceful background calm
[2026-05-30T03:39:40Z] [info] ambient_pick | local:relax-five-minute-calm.mp3
[2026-05-30T03:39:40Z] [info] ambient_now_playing | relax five minute calm
[2026-05-30T03:44:58Z] [info] ambient_pick | local:calm-my-mind.mp3
[2026-05-30T03:44:58Z] [info] ambient_now_playing | calm my mind
[2026-05-30T03:47:57Z] [info] ambient_pick | local:five-minute-relaxing-calm.mp3
[2026-05-30T03:47:57Z] [info] ambient_now_playing | five minute relaxing calm
[2026-05-30T03:54:35Z] [info] ambient_pick | local:five-minute-royalty-calm.mp3
[2026-05-30T03:54:35Z] [info] ambient_now_playing | five minute royalty calm
[2026-05-30T03:59:57Z] [info] ambient_pick | local:mushroom-temple-drift.mp3
[2026-05-30T03:59:57Z] [info] ambient_now_playing | mushroom temple drift
[2026-05-30T04:08:01Z] [info] ambient_pick | local:ambient_fallback.mp3
[2026-05-30T04:08:01Z] [info] ambient_now_playing | ambient fallback
[2026-05-30T04:13:22Z] [info] ambient_pick | local:positive-mood-ambient.mp3
[2026-05-30T04:13:22Z] [info] ambient_now_playing | positive mood ambient
[2026-05-30T04:18:37Z] [info] ambient_pick | local:violet-orbit.mp3
[2026-05-30T04:18:37Z] [info] ambient_now_playing | violet orbit
[2026-05-30T04:24:17Z] [info] ambient_pick | local:lost-ambient-pads.mp3
[2026-05-30T04:24:17Z] [info] ambient_now_playing | lost ambient pads
[2026-05-30T04:27:38Z] [info] ambient_pick | local:spiritual-meditation-mountain.mp3
[2026-05-30T04:27:38Z] [info] ambient_now_playing | spiritual meditation mountain
[2026-05-30T04:33:08Z] [info] ambient_pick | local:dreamcatcher-calm-ambient.mp3
[2026-05-30T04:33:08Z] [info] ambient_now_playing | dreamcatcher calm ambient
[2026-05-30T04:37:25Z] [info] ambient_pick | local:meditation-leberch.mp3
[2026-05-30T04:37:25Z] [info] ambient_now_playing | meditation leberch
[2026-05-30T04:40:23Z] [info] ambient_pick | local:relaxing-piano-clavier.mp3
[2026-05-30T04:40:23Z] [info] ambient_now_playing | relaxing piano clavier
[2026-05-30T04:42:35Z] [info] ambient_pick | local:zen-instrumental-ambient.mp3
[2026-05-30T04:42:35Z] [info] ambient_now_playing | zen instrumental ambient
[2026-05-30T04:48:05Z] [info] ambient_pick | local:relax-five-minute-calm.mp3
[2026-05-30T04:48:05Z] [info] ambient_now_playing | relax five minute calm
[2026-05-30T04:53:22Z] [info] ambient_pick | local:peaceful-background-calm.mp3
[2026-05-30T04:53:22Z] [info] ambient_now_playing | peaceful background calm
[2026-05-30T04:55:28Z] [info] ambient_pick | local:calm-my-mind.mp3
[2026-05-30T04:55:28Z] [info] ambient_now_playing | calm my mind
[2026-05-30T04:58:27Z] [info] ambient_pick | local:five-minute-royalty-calm.mp3
[2026-05-30T04:58:27Z] [info] ambient_now_playing | five minute royalty calm
[2026-05-30T04:58:57Z] [info] garth_tool | skip_ambient_track {}
[2026-05-30T04:58:58Z] [info] ambient_pick | local:relaxation-sleep-jean-angius.mp3
[2026-05-30T04:58:58Z] [info] ambient_now_playing | relaxation sleep jean angius
[2026-05-30T05:01:35Z] [info] ambient_pick | local:free-ambient-meditation.mp3
[2026-05-30T05:01:35Z] [info] ambient_now_playing | free ambient meditation
[2026-05-30T05:12:51Z] [info] ambient_pick | local:ambient_fallback.mp3
[2026-05-30T05:12:51Z] [info] ambient_now_playing | ambient fallback
[2026-05-30T05:18:12Z] [info] ambient_pick | local:violet-orbit.mp3
[2026-05-30T05:18:12Z] [info] ambient_now_playing | violet orbit
[2026-05-30T05:23:52Z] [info] ambient_pick | local:fragments-aerhead-ambient.mp3
[2026-05-30T05:23:52Z] [info] ambient_now_playing | fragments aerhead ambient
[2026-05-30T05:29:26Z] [info] ambient_pick | local:positive-mood-ambient.mp3
[2026-05-30T05:29:26Z] [info] ambient_now_playing | positive mood ambient
[2026-05-30T05:34:41Z] [info] ambient_pick | local:meditation-leberch.mp3
[2026-05-30T05:34:41Z] [info] ambient_now_playing | meditation leberch
[2026-05-30T05:37:39Z] [info] ambient_pick | local:relaxing-piano-clavier.mp3
[2026-05-30T05:37:39Z] [info] ambient_now_playing | relaxing piano clavier
[2026-05-30T05:39:51Z] [info] ambient_pick | local:zen-instrumental-ambient.mp3
[2026-05-30T05:39:51Z] [info] ambient_now_playing | zen instrumental ambient
[2026-05-30T05:42:29Z] [info] inspirational_post | ✨ Small steps still move you forward.
[2026-05-30T05:42:29Z] [info] quote_posted | Small steps still move you forward.
[2026-05-30T05:45:20Z] [info] ambient_pick | local:five-minute-relaxing-calm.mp3
[2026-05-30T05:45:20Z] [info] ambient_now_playing | five minute relaxing calm
[2026-05-30T05:51:59Z] [info] ambient_pick | local:relax-five-minute-calm.mp3
[2026-05-30T05:51:59Z] [info] ambient_now_playing | relax five minute calm
[2026-05-30T05:57:16Z] [info] ambient_pick | local:lost-ambient-pads.mp3
[2026-05-30T05:57:16Z] [info] ambient_now_playing | lost ambient pads
[2026-05-30T06:00:37Z] [info] ambient_pick | local:peaceful-background-calm.mp3
[2026-05-30T06:00:37Z] [info] ambient_now_playing | peaceful background calm
[2026-05-30T06:02:42Z] [info] ambient_pick | local:relaxation-sleep-jean-angius.mp3
[2026-05-30T06:02:42Z] [info] ambient_now_playing | relaxation sleep jean angius
[2026-05-30T06:05:19Z] [info] ambient_pick | local:mushroom-temple-drift.mp3
[2026-05-30T06:05:19Z] [info] ambient_now_playing | mushroom temple drift
[2026-05-30T06:13:23Z] [info] ambient_pick | local:dreamcatcher-calm-ambient.mp3
[2026-05-30T06:13:23Z] [info] ambient_now_playing | dreamcatcher calm ambient
[2026-05-30T06:17:41Z] [info] ambient_pick | local:calm-my-mind.mp3
[2026-05-30T06:17:41Z] [info] ambient_now_playing | calm my mind
[2026-05-30T06:20:40Z] [info] ambient_pick | local:five-minute-royalty-calm.mp3
[2026-05-30T06:20:40Z] [info] ambient_now_playing | five minute royalty calm
[2026-05-30T06:26:02Z] [info] ambient_pick | local:free-ambient-meditation.mp3
[2026-05-30T06:26:02Z] [info] ambient_now_playing | free ambient meditation
[2026-05-30T06:37:18Z] [info] ambient_pick | local:violet-orbit.mp3
[2026-05-30T06:37:18Z] [info] ambient_now_playing | violet orbit
[2026-05-30T06:42:58Z] [info] ambient_pick | local:ambient_fallback.mp3
[2026-05-30T06:42:58Z] [info] ambient_now_playing | ambient fallback
[2026-05-30T06:48:19Z] [info] ambient_pick | local:spiritual-meditation-mountain.mp3
[2026-05-30T06:48:19Z] [info] ambient_now_playing | spiritual meditation mountain
[2026-05-30T06:53:49Z] [info] ambient_pick | local:positive-mood-ambient.mp3
[2026-05-30T06:53:49Z] [info] ambient_now_playing | positive mood ambient
[2026-05-30T06:59:04Z] [info] ambient_pick | local:zen-instrumental-ambient.mp3
[2026-05-30T06:59:04Z] [info] ambient_now_playing | zen instrumental ambient
[2026-05-30T07:04:34Z] [info] ambient_pick | local:relax-five-minute-calm.mp3
[2026-05-30T07:04:34Z] [info] ambient_now_playing | relax five minute calm
[2026-05-30T07:09:52Z] [info] ambient_pick | local:peaceful-background-calm.mp3
[2026-05-30T07:09:52Z] [info] ambient_now_playing | peaceful background calm
[2026-05-30T07:11:57Z] [info] ambient_pick | local:relaxation-sleep-jean-angius.mp3
[2026-05-30T07:11:57Z] [info] ambient_now_playing | relaxation sleep jean angius
[2026-05-30T07:14:34Z] [info] ambient_pick | local:fragments-aerhead-ambient.mp3
[2026-05-30T07:14:34Z] [info] ambient_now_playing | fragments aerhead ambient
[2026-05-30T07:20:08Z] [info] ambient_pick | local:dreamcatcher-calm-ambient.mp3
[2026-05-30T07:20:08Z] [info] ambient_now_playing | dreamcatcher calm ambient
[2026-05-30T07:24:26Z] [info] ambient_pick | local:lost-ambient-pads.mp3
[2026-05-30T07:24:26Z] [info] ambient_now_playing | lost ambient pads
[2026-05-30T07:27:46Z] [info] ambient_pick | local:relaxing-piano-clavier.mp3
[2026-05-30T07:27:46Z] [info] ambient_now_playing | relaxing piano clavier
[2026-05-30T07:29:57Z] [info] ambient_pick | local:meditation-leberch.mp3
[2026-05-30T07:29:57Z] [info] ambient_now_playing | meditation leberch
[2026-05-30T07:32:56Z] [info] ambient_pick | local:five-minute-relaxing-calm.mp3
[2026-05-30T07:32:56Z] [info] ambient_now_playing | five minute relaxing calm
[2026-05-30T07:39:34Z] [info] ambient_pick | local:calm-my-mind.mp3
[2026-05-30T07:39:34Z] [info] ambient_now_playing | calm my mind
[2026-05-30T07:42:33Z] [info] ambient_pick | local:ambient_fallback.mp3
[2026-05-30T07:42:33Z] [info] ambient_now_playing | ambient fallback
[2026-05-30T07:47:54Z] [info] ambient_pick | local:mushroom-temple-drift.mp3
[2026-05-30T07:47:54Z] [info] ambient_now_playing | mushroom temple drift
[2026-05-30T07:55:58Z] [info] ambient_pick | local:violet-orbit.mp3
[2026-05-30T07:55:58Z] [info] ambient_now_playing | violet orbit
[2026-05-30T08:01:38Z] [info] ambient_pick | local:relax-five-minute-calm.mp3
[2026-05-30T08:01:38Z] [info] ambient_now_playing | relax five minute calm
[2026-05-30T08:06:56Z] [info] ambient_pick | local:five-minute-royalty-calm.mp3
[2026-05-30T08:06:56Z] [info] ambient_now_playing | five minute royalty calm
[2026-05-30T08:12:18Z] [info] ambient_pick | local:spiritual-meditation-mountain.mp3
[2026-05-30T08:12:18Z] [info] ambient_now_playing | spiritual meditation mountain
[2026-05-30T08:17:48Z] [info] ambient_pick | local:peaceful-background-calm.mp3
[2026-05-30T08:17:48Z] [info] ambient_now_playing | peaceful background calm
[2026-05-30T08:19:53Z] [info] ambient_pick | local:dreamcatcher-calm-ambient.mp3
[2026-05-30T08:19:53Z] [info] ambient_now_playing | dreamcatcher calm ambient
[2026-05-30T08:24:11Z] [info] ambient_pick | local:fragments-aerhead-ambient.mp3
[2026-05-30T08:24:11Z] [info] ambient_now_playing | fragments aerhead ambient
[2026-05-30T08:29:45Z] [info] ambient_pick | local:lost-ambient-pads.mp3
[2026-05-30T08:29:45Z] [info] ambient_now_playing | lost ambient pads
[2026-05-30T08:33:05Z] [info] ambient_pick | local:relaxing-piano-clavier.mp3
[2026-05-30T08:33:05Z] [info] ambient_now_playing | relaxing piano clavier
[2026-05-30T08:35:16Z] [info] ambient_pick | local:positive-mood-ambient.mp3
[2026-05-30T08:35:16Z] [info] ambient_now_playing | positive mood ambient
[2026-05-30T08:40:31Z] [info] ambient_pick | local:relaxation-sleep-jean-angius.mp3
[2026-05-30T08:40:31Z] [info] ambient_now_playing | relaxation sleep jean angius
[2026-05-30T08:43:09Z] [info] ambient_pick | local:ambient_fallback.mp3
[2026-05-30T08:43:09Z] [info] ambient_now_playing | ambient fallback
[2026-05-30T08:48:29Z] [info] ambient_pick | local:mushroom-temple-drift.mp3
[2026-05-30T08:48:29Z] [info] ambient_now_playing | mushroom temple drift
[2026-05-30T08:56:33Z] [info] ambient_pick | local:calm-my-mind.mp3
[2026-05-30T08:56:33Z] [info] ambient_now_playing | calm my mind
[2026-05-30T08:59:33Z] [info] ambient_pick | local:violet-orbit.mp3
[2026-05-30T08:59:33Z] [info] ambient_now_playing | violet orbit
[2026-05-30T09:05:13Z] [info] ambient_pick | local:five-minute-royalty-calm.mp3
[2026-05-30T09:05:13Z] [info] ambient_now_playing | five minute royalty calm
[2026-05-30T09:05:52Z] [info] garth_tool | skip_ambient_track {"": {}}
[2026-05-30T09:05:52Z] [info] ambient_pick | local:relax-five-minute-calm.mp3
[2026-05-30T09:05:52Z] [info] ambient_now_playing | relax five minute calm
[2026-05-30T09:06:10Z] [info] garth_tool | skip_ambient_track {}
[2026-05-30T09:06:10Z] [info] ambient_pick | local:five-minute-relaxing-calm.mp3
[2026-05-30T09:06:10Z] [info] ambient_now_playing | five minute relaxing calm
[2026-05-30T09:12:49Z] [info] ambient_pick | local:dreamcatcher-calm-ambient.mp3
[2026-05-30T09:12:49Z] [info] ambient_now_playing | dreamcatcher calm ambient
[2026-05-30T09:17:06Z] [info] ambient_pick | local:zen-instrumental-ambient.mp3
[2026-05-30T09:17:06Z] [info] ambient_now_playing | zen instrumental ambient
[2026-05-30T09:22:36Z] [info] ambient_pick | local:meditation-leberch.mp3
[2026-05-30T09:22:36Z] [info] ambient_now_playing | meditation leberch
[2026-05-30T09:25:34Z] [info] ambient_pick | local:lost-ambient-pads.mp3
[2026-05-30T09:25:34Z] [info] ambient_now_playing | lost ambient pads
[2026-05-30T09:28:54Z] [info] ambient_pick | local:spiritual-meditation-mountain.mp3
[2026-05-30T09:28:54Z] [info] ambient_now_playing | spiritual meditation mountain
[2026-05-30T09:34:25Z] [info] ambient_pick | local:free-ambient-meditation.mp3
[2026-05-30T09:34:25Z] [info] ambient_now_playing | free ambient meditation
[2026-05-30T09:42:30Z] [info] inspirational_post | ✨ Gentle consistency beats harsh intensity.
[2026-05-30T09:42:30Z] [info] quote_posted | Gentle consistency beats harsh intensity.
[2026-05-30T09:45:41Z] [info] ambient_pick | local:relaxing-piano-clavier.mp3
[2026-05-30T09:45:41Z] [info] ambient_now_playing | relaxing piano clavier
[2026-05-30T09:47:52Z] [info] ambient_pick | local:relaxation-sleep-jean-angius.mp3
[2026-05-30T09:47:52Z] [info] ambient_now_playing | relaxation sleep jean angius
[2026-05-30T09:50:29Z] [info] ambient_pick | local:positive-mood-ambient.mp3
[2026-05-30T09:50:29Z] [info] ambient_now_playing | positive mood ambient
[2026-05-30T09:55:44Z] [info] ambient_pick | local:ambient_fallback.mp3
[2026-05-30T09:55:44Z] [info] ambient_now_playing | ambient fallback
[2026-05-30T10:01:05Z] [info] ambient_pick | local:violet-orbit.mp3
[2026-05-30T10:01:05Z] [info] ambient_now_playing | violet orbit
[2026-05-30T10:06:45Z] [info] ambient_pick | local:five-minute-royalty-calm.mp3
[2026-05-30T10:06:45Z] [info] ambient_now_playing | five minute royalty calm
[2026-05-30T10:12:07Z] [info] ambient_pick | local:peaceful-background-calm.mp3
[2026-05-30T10:12:07Z] [info] ambient_now_playing | peaceful background calm
[2026-05-30T10:14:13Z] [info] ambient_pick | local:fragments-aerhead-ambient.mp3
[2026-05-30T10:14:13Z] [info] ambient_now_playing | fragments aerhead ambient
[2026-05-30T10:19:47Z] [info] ambient_pick | local:relax-five-minute-calm.mp3
[2026-05-30T10:19:47Z] [info] ambient_now_playing | relax five minute calm
[2026-05-30T10:25:04Z] [info] ambient_pick | local:dreamcatcher-calm-ambient.mp3
[2026-05-30T10:25:04Z] [info] ambient_now_playing | dreamcatcher calm ambient
[2026-05-30T10:29:22Z] [info] ambient_pick | local:mushroom-temple-drift.mp3
[2026-05-30T10:29:22Z] [info] ambient_now_playing | mushroom temple drift
[2026-05-30T10:37:26Z] [info] ambient_pick | local:spiritual-meditation-mountain.mp3
[2026-05-30T10:37:26Z] [info] ambient_now_playing | spiritual meditation mountain
[2026-05-30T10:42:56Z] [info] ambient_pick | local:five-minute-relaxing-calm.mp3
[2026-05-30T10:42:56Z] [info] ambient_now_playing | five minute relaxing calm
[2026-05-30T10:49:34Z] [info] ambient_pick | local:calm-my-mind.mp3
[2026-05-30T10:49:34Z] [info] ambient_now_playing | calm my mind
[2026-05-30T10:52:33Z] [info] ambient_pick | local:lost-ambient-pads.mp3
[2026-05-30T10:52:33Z] [info] ambient_now_playing | lost ambient pads
[2026-05-30T10:55:54Z] [info] ambient_pick | local:relaxation-sleep-jean-angius.mp3
[2026-05-30T10:55:54Z] [info] ambient_now_playing | relaxation sleep jean angius
[2026-05-30T10:58:31Z] [info] ambient_pick | local:zen-instrumental-ambient.mp3
[2026-05-30T10:58:31Z] [info] ambient_now_playing | zen instrumental ambient
[2026-05-30T11:04:01Z] [info] ambient_pick | local:ambient_fallback.mp3
[2026-05-30T11:04:01Z] [info] ambient_now_playing | ambient fallback
[2026-05-30T11:09:22Z] [info] ambient_pick | local:violet-orbit.mp3
[2026-05-30T11:09:22Z] [info] ambient_now_playing | violet orbit
[2026-05-30T11:15:02Z] [info] ambient_pick | local:free-ambient-meditation.mp3
[2026-05-30T11:15:02Z] [info] ambient_now_playing | free ambient meditation
[2026-05-30T11:26:18Z] [info] ambient_pick | local:fragments-aerhead-ambient.mp3
[2026-05-30T11:26:18Z] [info] ambient_now_playing | fragments aerhead ambient
[2026-05-30T11:31:52Z] [info] ambient_pick | local:five-minute-royalty-calm.mp3
[2026-05-30T11:31:52Z] [info] ambient_now_playing | five minute royalty calm
[2026-05-30T11:37:14Z] [info] ambient_pick | local:relax-five-minute-calm.mp3
[2026-05-30T11:37:14Z] [info] ambient_now_playing | relax five minute calm
[2026-05-30T11:42:31Z] [info] ambient_pick | local:meditation-leberch.mp3
[2026-05-30T11:42:31Z] [info] ambient_now_playing | meditation leberch
[2026-05-30T11:45:29Z] [info] ambient_pick | local:positive-mood-ambient.mp3
[2026-05-30T11:45:29Z] [info] ambient_now_playing | positive mood ambient
[2026-05-30T11:50:44Z] [info] ambient_pick | local:spiritual-meditation-mountain.mp3
[2026-05-30T11:50:44Z] [info] ambient_now_playing | spiritual meditation mountain
[2026-05-30T11:56:14Z] [info] ambient_pick | local:calm-my-mind.mp3
[2026-05-30T11:56:14Z] [info] ambient_now_playing | calm my mind
[2026-05-30T11:59:14Z] [info] ambient_pick | local:mushroom-temple-drift.mp3
[2026-05-30T11:59:14Z] [info] ambient_now_playing | mushroom temple drift
[2026-05-30T12:07:18Z] [info] ambient_pick | local:five-minute-relaxing-calm.mp3
[2026-05-30T12:07:18Z] [info] ambient_now_playing | five minute relaxing calm
[2026-05-30T12:13:56Z] [info] ambient_pick | local:relaxation-sleep-jean-angius.mp3
[2026-05-30T12:13:56Z] [info] ambient_now_playing | relaxation sleep jean angius
[2026-05-30T12:16:33Z] [info] ambient_pick | local:lost-ambient-pads.mp3
[2026-05-30T12:16:33Z] [info] ambient_now_playing | lost ambient pads
[2026-05-30T12:19:54Z] [info] ambient_pick | local:peaceful-background-calm.mp3
[2026-05-30T12:19:54Z] [info] ambient_now_playing | peaceful background calm
[2026-05-30T12:21:59Z] [info] ambient_pick | local:relaxing-piano-clavier.mp3
[2026-05-30T12:21:59Z] [info] ambient_now_playing | relaxing piano clavier
[2026-05-30T12:24:10Z] [info] ambient_pick | local:ambient_fallback.mp3
[2026-05-30T12:24:10Z] [info] ambient_now_playing | ambient fallback
[2026-05-30T12:29:31Z] [info] ambient_pick | local:fragments-aerhead-ambient.mp3
[2026-05-30T12:29:31Z] [info] ambient_now_playing | fragments aerhead ambient
[2026-05-30T12:35:05Z] [info] ambient_pick | local:dreamcatcher-calm-ambient.mp3
[2026-05-30T12:35:05Z] [info] ambient_now_playing | dreamcatcher calm ambient
[2026-05-30T12:39:23Z] [info] ambient_pick | local:meditation-leberch.mp3
[2026-05-30T12:39:23Z] [info] ambient_now_playing | meditation leberch
[2026-05-30T12:42:21Z] [info] ambient_pick | local:zen-instrumental-ambient.mp3
[2026-05-30T12:42:21Z] [info] ambient_now_playing | zen instrumental ambient
[2026-05-30T12:47:50Z] [info] ambient_pick | local:spiritual-meditation-mountain.mp3
[2026-05-30T12:47:50Z] [info] ambient_now_playing | spiritual meditation mountain
[2026-05-30T12:53:21Z] [info] ambient_pick | local:violet-orbit.mp3
[2026-05-30T12:53:21Z] [info] ambient_now_playing | violet orbit
[2026-05-30T12:59:01Z] [info] ambient_pick | local:five-minute-royalty-calm.mp3
[2026-05-30T12:59:01Z] [info] ambient_now_playing | five minute royalty calm
[2026-05-30T13:04:23Z] [info] ambient_pick | local:mushroom-temple-drift.mp3
[2026-05-30T13:04:23Z] [info] ambient_now_playing | mushroom temple drift
[2026-05-30T13:12:27Z] [info] ambient_pick | local:calm-my-mind.mp3
[2026-05-30T13:12:27Z] [info] ambient_now_playing | calm my mind
[2026-05-30T13:15:26Z] [info] ambient_pick | local:five-minute-relaxing-calm.mp3
[2026-05-30T13:15:26Z] [info] ambient_now_playing | five minute relaxing calm
[2026-05-30T13:22:04Z] [info] ambient_pick | local:peaceful-background-calm.mp3
[2026-05-30T13:22:04Z] [info] ambient_now_playing | peaceful background calm
[2026-05-30T13:24:10Z] [info] ambient_pick | local:positive-mood-ambient.mp3
[2026-05-30T13:24:10Z] [info] ambient_now_playing | positive mood ambient
[2026-05-30T13:29:25Z] [info] ambient_pick | local:relaxing-piano-clavier.mp3
[2026-05-30T13:29:25Z] [info] ambient_now_playing | relaxing piano clavier
[2026-05-30T13:31:36Z] [info] ambient_pick | local:relaxation-sleep-jean-angius.mp3
[2026-05-30T13:31:36Z] [info] ambient_now_playing | relaxation sleep jean angius
[2026-05-30T13:34:13Z] [info] ambient_pick | local:lost-ambient-pads.mp3
[2026-05-30T13:34:13Z] [info] ambient_now_playing | lost ambient pads
[2026-05-30T13:37:34Z] [info] ambient_pick | local:relax-five-minute-calm.mp3
[2026-05-30T13:37:34Z] [info] ambient_now_playing | relax five minute calm
[2026-05-30T13:42:30Z] [info] inspirational_post | ✨ Trust the pace your nervous system asks for.
[2026-05-30T13:42:30Z] [info] quote_posted | Trust the pace your nervous system asks for.
[2026-05-30T13:42:51Z] [info] ambient_pick | local:free-ambient-meditation.mp3
[2026-05-30T13:42:51Z] [info] ambient_now_playing | free ambient meditation
[2026-05-30T13:54:07Z] [info] ambient_pick | local:zen-instrumental-ambient.mp3
[2026-05-30T13:54:07Z] [info] ambient_now_playing | zen instrumental ambient
[2026-05-30T13:59:37Z] [info] ambient_pick | local:spiritual-meditation-mountain.mp3
[2026-05-30T13:59:37Z] [info] ambient_now_playing | spiritual meditation mountain
[2026-05-30T14:05:07Z] [info] ambient_pick | local:violet-orbit.mp3
[2026-05-30T14:05:07Z] [info] ambient_now_playing | violet orbit
[2026-05-30T14:10:48Z] [info] ambient_pick | local:ambient_fallback.mp3
[2026-05-30T14:10:48Z] [info] ambient_now_playing | ambient fallback
[2026-05-30T14:16:08Z] [info] ambient_pick | local:mushroom-temple-drift.mp3
[2026-05-30T14:16:08Z] [info] ambient_now_playing | mushroom temple drift
[2026-05-30T14:24:12Z] [info] ambient_pick | local:fragments-aerhead-ambient.mp3
[2026-05-30T14:24:12Z] [info] ambient_now_playing | fragments aerhead ambient
[2026-05-30T14:29:46Z] [info] ambient_pick | local:meditation-leberch.mp3
[2026-05-30T14:29:46Z] [info] ambient_now_playing | meditation leberch
[2026-05-30T14:32:44Z] [info] ambient_pick | local:peaceful-background-calm.mp3
[2026-05-30T14:32:44Z] [info] ambient_now_playing | peaceful background calm
[2026-05-30T14:34:50Z] [info] ambient_pick | local:relaxing-piano-clavier.mp3
[2026-05-30T14:34:50Z] [info] ambient_now_playing | relaxing piano clavier
[2026-05-30T14:37:01Z] [info] ambient_pick | local:positive-mood-ambient.mp3
[2026-05-30T14:37:01Z] [info] ambient_now_playing | positive mood ambient
[2026-05-30T14:42:16Z] [info] ambient_pick | local:relaxation-sleep-jean-angius.mp3
[2026-05-30T14:42:16Z] [info] ambient_now_playing | relaxation sleep jean angius
[2026-05-30T14:44:53Z] [info] ambient_pick | local:five-minute-royalty-calm.mp3
[2026-05-30T14:44:53Z] [info] ambient_now_playing | five minute royalty calm
[2026-05-30T14:50:15Z] [info] ambient_pick | local:calm-my-mind.mp3
[2026-05-30T14:50:15Z] [info] ambient_now_playing | calm my mind
[2026-05-30T14:53:15Z] [info] ambient_pick | local:five-minute-relaxing-calm.mp3
[2026-05-30T14:53:15Z] [info] ambient_now_playing | five minute relaxing calm
[2026-05-30T14:59:53Z] [info] ambient_pick | local:free-ambient-meditation.mp3
[2026-05-30T14:59:53Z] [info] ambient_now_playing | free ambient meditation
[2026-05-30T15:11:09Z] [info] ambient_pick | local:relax-five-minute-calm.mp3
[2026-05-30T15:11:09Z] [info] ambient_now_playing | relax five minute calm
[2026-05-30T15:16:27Z] [info] ambient_pick | local:lost-ambient-pads.mp3
[2026-05-30T15:16:27Z] [info] ambient_now_playing | lost ambient pads
[2026-05-30T15:19:47Z] [info] ambient_pick | local:mushroom-temple-drift.mp3
[2026-05-30T15:19:47Z] [info] ambient_now_playing | mushroom temple drift
[2026-05-30T15:27:51Z] [info] ambient_pick | local:spiritual-meditation-mountain.mp3
[2026-05-30T15:27:51Z] [info] ambient_now_playing | spiritual meditation mountain
[2026-05-30T15:33:21Z] [info] ambient_pick | local:meditation-leberch.mp3
[2026-05-30T15:33:21Z] [info] ambient_now_playing | meditation leberch
[2026-05-30T15:36:19Z] [info] ambient_pick | local:peaceful-background-calm.mp3
[2026-05-30T15:36:19Z] [info] ambient_now_playing | peaceful background calm
[2026-05-30T15:38:24Z] [info] ambient_pick | local:fragments-aerhead-ambient.mp3
[2026-05-30T15:38:24Z] [info] ambient_now_playing | fragments aerhead ambient
[2026-05-30T15:43:58Z] [info] ambient_pick | local:positive-mood-ambient.mp3
[2026-05-30T15:43:58Z] [info] ambient_now_playing | positive mood ambient
[2026-05-30T15:49:13Z] [info] ambient_pick | local:violet-orbit.mp3
[2026-05-30T15:49:13Z] [info] ambient_now_playing | violet orbit
[2026-05-30T15:54:54Z] [info] ambient_pick | local:dreamcatcher-calm-ambient.mp3
[2026-05-30T15:54:54Z] [info] ambient_now_playing | dreamcatcher calm ambient
[2026-05-30T15:59:11Z] [info] ambient_pick | local:relaxing-piano-clavier.mp3
[2026-05-30T15:59:11Z] [info] ambient_now_playing | relaxing piano clavier
[2026-05-30T16:01:22Z] [info] ambient_pick | local:ambient_fallback.mp3
[2026-05-30T16:01:22Z] [info] ambient_now_playing | ambient fallback
[2026-05-30T16:06:43Z] [info] ambient_pick | local:calm-my-mind.mp3
[2026-05-30T16:06:43Z] [info] ambient_now_playing | calm my mind
[2026-05-30T16:09:43Z] [info] ambient_pick | local:zen-instrumental-ambient.mp3
[2026-05-30T16:09:43Z] [info] ambient_now_playing | zen instrumental ambient
[2026-05-30T16:15:12Z] [info] ambient_pick | local:lost-ambient-pads.mp3
[2026-05-30T16:15:12Z] [info] ambient_now_playing | lost ambient pads
[2026-05-30T16:18:33Z] [info] ambient_pick | local:five-minute-royalty-calm.mp3
[2026-05-30T16:18:33Z] [info] ambient_now_playing | five minute royalty calm
[2026-05-30T16:23:55Z] [info] ambient_pick | local:relaxation-sleep-jean-angius.mp3
[2026-05-30T16:23:55Z] [info] ambient_now_playing | relaxation sleep jean angius
[2026-05-30T16:26:32Z] [info] ambient_pick | local:relax-five-minute-calm.mp3
[2026-05-30T16:26:32Z] [info] ambient_now_playing | relax five minute calm
[2026-05-30T16:31:50Z] [info] ambient_pick | local:five-minute-relaxing-calm.mp3
[2026-05-30T16:31:50Z] [info] ambient_now_playing | five minute relaxing calm
[2026-05-30T16:38:28Z] [info] ambient_pick | local:meditation-leberch.mp3
[2026-05-30T16:38:28Z] [info] ambient_now_playing | meditation leberch
[2026-05-30T16:41:26Z] [info] ambient_pick | local:mushroom-temple-drift.mp3
[2026-05-30T16:41:26Z] [info] ambient_now_playing | mushroom temple drift
[2026-05-30T16:49:30Z] [info] ambient_pick | local:peaceful-background-calm.mp3
[2026-05-30T16:49:30Z] [info] ambient_now_playing | peaceful background calm
[2026-05-30T16:51:35Z] [info] ambient_pick | local:dreamcatcher-calm-ambient.mp3
[2026-05-30T16:51:35Z] [info] ambient_now_playing | dreamcatcher calm ambient
[2026-05-30T16:55:53Z] [info] ambient_pick | local:free-ambient-meditation.mp3
[2026-05-30T16:55:53Z] [info] ambient_now_playing | free ambient meditation
[2026-05-30T17:07:09Z] [info] ambient_pick | local:violet-orbit.mp3
[2026-05-30T17:07:09Z] [info] ambient_now_playing | violet orbit
[2026-05-30T17:12:49Z] [info] ambient_pick | local:fragments-aerhead-ambient.mp3
[2026-05-30T17:12:49Z] [info] ambient_now_playing | fragments aerhead ambient
[2026-05-30T17:18:23Z] [info] ambient_pick | local:relaxing-piano-clavier.mp3
[2026-05-30T17:18:23Z] [info] ambient_now_playing | relaxing piano clavier
[2026-05-30T17:20:34Z] [info] ambient_pick | local:calm-my-mind.mp3
[2026-05-30T17:20:34Z] [info] ambient_now_playing | calm my mind
[2026-05-30T17:23:34Z] [info] ambient_pick | local:lost-ambient-pads.mp3
[2026-05-30T17:23:34Z] [info] ambient_now_playing | lost ambient pads
[2026-05-30T17:26:54Z] [info] ambient_pick | local:positive-mood-ambient.mp3
[2026-05-30T17:26:54Z] [info] ambient_now_playing | positive mood ambient
[2026-05-30T17:32:09Z] [info] ambient_pick | local:relaxation-sleep-jean-angius.mp3
[2026-05-30T17:32:09Z] [info] ambient_now_playing | relaxation sleep jean angius
[2026-05-30T17:34:46Z] [info] ambient_pick | local:five-minute-relaxing-calm.mp3
[2026-05-30T17:34:46Z] [info] ambient_now_playing | five minute relaxing calm
[2026-05-30T17:41:25Z] [info] ambient_pick | local:five-minute-royalty-calm.mp3
[2026-05-30T17:41:25Z] [info] ambient_now_playing | five minute royalty calm
[2026-05-30T17:42:30Z] [info] inspirational_post | ✨ Your effort today is enough for today.
[2026-05-30T17:42:30Z] [info] quote_posted | Your effort today is enough for today.
[2026-05-30T17:46:47Z] [info] ambient_pick | local:ambient_fallback.mp3
[2026-05-30T17:46:47Z] [info] ambient_now_playing | ambient fallback
[2026-05-30T17:52:07Z] [info] ambient_pick | local:spiritual-meditation-mountain.mp3
[2026-05-30T17:52:07Z] [info] ambient_now_playing | spiritual meditation mountain
[2026-05-30T17:57:37Z] [info] ambient_pick | local:mushroom-temple-drift.mp3
[2026-05-30T17:57:37Z] [info] ambient_now_playing | mushroom temple drift
[2026-05-30T18:05:41Z] [info] ambient_pick | local:relax-five-minute-calm.mp3
[2026-05-30T18:05:41Z] [info] ambient_now_playing | relax five minute calm
[2026-05-30T18:10:59Z] [info] ambient_pick | local:dreamcatcher-calm-ambient.mp3
[2026-05-30T18:10:59Z] [info] ambient_now_playing | dreamcatcher calm ambient
[2026-05-30T18:15:16Z] [info] ambient_pick | local:peaceful-background-calm.mp3
[2026-05-30T18:15:16Z] [info] ambient_now_playing | peaceful background calm
[2026-05-30T18:17:22Z] [info] ambient_pick | local:zen-instrumental-ambient.mp3
[2026-05-30T18:17:22Z] [info] ambient_now_playing | zen instrumental ambient
[2026-05-30T18:22:52Z] [info] ambient_pick | local:calm-my-mind.mp3
[2026-05-30T18:22:52Z] [info] ambient_now_playing | calm my mind
[2026-05-30T18:25:51Z] [info] ambient_pick | local:free-ambient-meditation.mp3
[2026-05-30T18:25:51Z] [info] ambient_now_playing | free ambient meditation
[2026-05-30T18:37:07Z] [info] ambient_pick | local:lost-ambient-pads.mp3
[2026-05-30T18:37:07Z] [info] ambient_now_playing | lost ambient pads
[2026-05-30T18:40:28Z] [info] ambient_pick | local:meditation-leberch.mp3
[2026-05-30T18:40:28Z] [info] ambient_now_playing | meditation leberch
[2026-05-30T18:43:26Z] [info] ambient_pick | local:relaxation-sleep-jean-angius.mp3
[2026-05-30T18:43:26Z] [info] ambient_now_playing | relaxation sleep jean angius
[2026-05-30T18:46:03Z] [info] ambient_pick | local:fragments-aerhead-ambient.mp3
[2026-05-30T18:46:03Z] [info] ambient_now_playing | fragments aerhead ambient
[2026-05-30T18:51:37Z] [info] ambient_pick | local:positive-mood-ambient.mp3
[2026-05-30T18:51:37Z] [info] ambient_now_playing | positive mood ambient
[2026-05-30T18:56:52Z] [info] ambient_pick | local:five-minute-royalty-calm.mp3
[2026-05-30T18:56:52Z] [info] ambient_now_playing | five minute royalty calm
[2026-05-30T19:02:14Z] [info] ambient_pick | local:spiritual-meditation-mountain.mp3
[2026-05-30T19:02:14Z] [info] ambient_now_playing | spiritual meditation mountain
[2026-05-30T19:07:44Z] [info] ambient_pick | local:mushroom-temple-drift.mp3
[2026-05-30T19:07:44Z] [info] ambient_now_playing | mushroom temple drift
[2026-05-30T19:15:48Z] [info] ambient_pick | local:relaxing-piano-clavier.mp3
[2026-05-30T19:15:48Z] [info] ambient_now_playing | relaxing piano clavier
[2026-05-30T19:17:59Z] [info] ambient_pick | local:peaceful-background-calm.mp3
[2026-05-30T19:17:59Z] [info] ambient_now_playing | peaceful background calm
[2026-05-30T19:20:05Z] [info] ambient_pick | local:ambient_fallback.mp3
[2026-05-30T19:20:05Z] [info] ambient_now_playing | ambient fallback
[2026-05-30T19:25:25Z] [info] ambient_pick | local:five-minute-relaxing-calm.mp3
[2026-05-30T19:25:25Z] [info] ambient_now_playing | five minute relaxing calm
[2026-05-30T19:32:04Z] [info] ambient_pick | local:relax-five-minute-calm.mp3
[2026-05-30T19:32:04Z] [info] ambient_now_playing | relax five minute calm
[2026-05-30T19:37:21Z] [info] ambient_pick | local:dreamcatcher-calm-ambient.mp3
[2026-05-30T19:37:21Z] [info] ambient_now_playing | dreamcatcher calm ambient
[2026-05-30T19:41:39Z] [info] ambient_pick | local:lost-ambient-pads.mp3
[2026-05-30T19:41:39Z] [info] ambient_now_playing | lost ambient pads
[2026-05-30T19:44:59Z] [info] ambient_pick | local:calm-my-mind.mp3
[2026-05-30T19:44:59Z] [info] ambient_now_playing | calm my mind
[2026-05-30T19:47:58Z] [info] ambient_pick | local:free-ambient-meditation.mp3
[2026-05-30T19:47:58Z] [info] ambient_now_playing | free ambient meditation
[2026-05-30T19:59:14Z] [info] ambient_pick | local:relaxation-sleep-jean-angius.mp3
[2026-05-30T19:59:14Z] [info] ambient_now_playing | relaxation sleep jean angius
[2026-05-30T20:01:52Z] [info] ambient_pick | local:fragments-aerhead-ambient.mp3
[2026-05-30T20:01:52Z] [info] ambient_now_playing | fragments aerhead ambient
[2026-05-30T20:07:26Z] [info] ambient_pick | local:violet-orbit.mp3
[2026-05-30T20:07:26Z] [info] ambient_now_playing | violet orbit
[2026-05-30T20:13:06Z] [info] ambient_pick | local:five-minute-royalty-calm.mp3
[2026-05-30T20:13:06Z] [info] ambient_now_playing | five minute royalty calm
[2026-05-30T20:18:28Z] [info] ambient_pick | local:mushroom-temple-drift.mp3
[2026-05-30T20:18:28Z] [info] ambient_now_playing | mushroom temple drift
[2026-05-30T20:26:32Z] [info] ambient_pick | local:meditation-leberch.mp3
[2026-05-30T20:26:32Z] [info] ambient_now_playing | meditation leberch
[2026-05-30T20:29:30Z] [info] ambient_pick | local:peaceful-background-calm.mp3
[2026-05-30T20:29:30Z] [info] ambient_now_playing | peaceful background calm
[2026-05-30T20:31:35Z] [info] ambient_pick | local:zen-instrumental-ambient.mp3
[2026-05-30T20:31:35Z] [info] ambient_now_playing | zen instrumental ambient
[2026-05-30T20:37:05Z] [info] ambient_pick | local:spiritual-meditation-mountain.mp3
[2026-05-30T20:37:05Z] [info] ambient_now_playing | spiritual meditation mountain
[2026-05-30T20:42:35Z] [info] ambient_pick | local:dreamcatcher-calm-ambient.mp3
[2026-05-30T20:42:35Z] [info] ambient_now_playing | dreamcatcher calm ambient
[2026-05-30T20:46:53Z] [info] ambient_pick | local:relax-five-minute-calm.mp3
[2026-05-30T20:46:53Z] [info] ambient_now_playing | relax five minute calm
[2026-05-30T20:52:10Z] [info] ambient_pick | local:ambient_fallback.mp3
[2026-05-30T20:52:10Z] [info] ambient_now_playing | ambient fallback
[2026-05-30T20:57:31Z] [info] ambient_pick | local:free-ambient-meditation.mp3
[2026-05-30T20:57:31Z] [info] ambient_now_playing | free ambient meditation
[2026-05-30T21:08:47Z] [info] ambient_pick | local:relaxing-piano-clavier.mp3
[2026-05-30T21:08:47Z] [info] ambient_now_playing | relaxing piano clavier
[2026-05-30T21:10:59Z] [info] ambient_pick | local:five-minute-relaxing-calm.mp3
[2026-05-30T21:10:59Z] [info] ambient_now_playing | five minute relaxing calm
[2026-05-30T21:17:37Z] [info] ambient_pick | local:positive-mood-ambient.mp3
[2026-05-30T21:17:37Z] [info] ambient_now_playing | positive mood ambient
[2026-05-30T21:22:52Z] [info] ambient_pick | local:lost-ambient-pads.mp3
[2026-05-30T21:22:52Z] [info] ambient_now_playing | lost ambient pads
[2026-05-30T21:26:12Z] [info] ambient_pick | local:violet-orbit.mp3
[2026-05-30T21:26:12Z] [info] ambient_now_playing | violet orbit
[2026-05-30T21:31:52Z] [info] ambient_pick | local:calm-my-mind.mp3
[2026-05-30T21:31:52Z] [info] ambient_now_playing | calm my mind
[2026-05-30T21:34:52Z] [info] ambient_pick | local:meditation-leberch.mp3
[2026-05-30T21:34:52Z] [info] ambient_now_playing | meditation leberch
[2026-05-30T21:37:50Z] [info] ambient_pick | local:mushroom-temple-drift.mp3
[2026-05-30T21:37:50Z] [info] ambient_now_playing | mushroom temple drift
[2026-05-30T21:42:31Z] [info] inspirational_post | ✨ Stillness is not laziness — it's repair.
[2026-05-30T21:42:31Z] [info] quote_posted | Stillness is not laziness — it's repair.
[2026-05-30T21:45:54Z] [info] ambient_pick | local:peaceful-background-calm.mp3
[2026-05-30T21:45:54Z] [info] ambient_now_playing | peaceful background calm
[2026-05-30T21:47:59Z] [info] ambient_pick | local:five-minute-royalty-calm.mp3
[2026-05-30T21:47:59Z] [info] ambient_now_playing | five minute royalty calm
[2026-05-30T21:53:21Z] [info] ambient_pick | local:relax-five-minute-calm.mp3
[2026-05-30T21:53:21Z] [info] ambient_now_playing | relax five minute calm
[2026-05-30T21:58:39Z] [info] ambient_pick | local:ambient_fallback.mp3
[2026-05-30T21:58:39Z] [info] ambient_now_playing | ambient fallback
[2026-05-30T22:04:00Z] [info] ambient_pick | local:fragments-aerhead-ambient.mp3
[2026-05-30T22:04:00Z] [info] ambient_now_playing | fragments aerhead ambient
[2026-05-30T22:09:33Z] [info] ambient_pick | local:relaxation-sleep-jean-angius.mp3
[2026-05-30T22:09:33Z] [info] ambient_now_playing | relaxation sleep jean angius
[2026-05-30T22:12:11Z] [info] ambient_pick | local:free-ambient-meditation.mp3
[2026-05-30T22:12:11Z] [info] ambient_now_playing | free ambient meditation
[2026-05-30T22:23:27Z] [info] ambient_pick | local:dreamcatcher-calm-ambient.mp3
[2026-05-30T22:23:27Z] [info] ambient_now_playing | dreamcatcher calm ambient
[2026-05-30T22:27:44Z] [info] ambient_pick | local:lost-ambient-pads.mp3
[2026-05-30T22:27:44Z] [info] ambient_now_playing | lost ambient pads
[2026-05-30T22:31:05Z] [info] ambient_pick | local:spiritual-meditation-mountain.mp3
[2026-05-30T22:31:05Z] [info] ambient_now_playing | spiritual meditation mountain
[2026-05-30T22:36:35Z] [info] ambient_pick | local:five-minute-relaxing-calm.mp3
[2026-05-30T22:36:35Z] [info] ambient_now_playing | five minute relaxing calm
[2026-05-30T22:43:13Z] [info] ambient_pick | local:relaxing-piano-clavier.mp3
[2026-05-30T22:43:13Z] [info] ambient_now_playing | relaxing piano clavier
[2026-05-30T22:45:24Z] [info] ambient_pick | local:positive-mood-ambient.mp3
[2026-05-30T22:45:24Z] [info] ambient_now_playing | positive mood ambient
[2026-05-30T22:50:39Z] [info] ambient_pick | local:mushroom-temple-drift.mp3
[2026-05-30T22:50:39Z] [info] ambient_now_playing | mushroom temple drift
[2026-05-30T22:58:43Z] [info] ambient_pick | local:meditation-leberch.mp3
[2026-05-30T22:58:43Z] [info] ambient_now_playing | meditation leberch
[2026-05-30T23:01:41Z] [info] ambient_pick | local:zen-instrumental-ambient.mp3
[2026-05-30T23:01:41Z] [info] ambient_now_playing | zen instrumental ambient
[2026-05-30T23:07:11Z] [info] ambient_pick | local:peaceful-background-calm.mp3
[2026-05-30T23:07:11Z] [info] ambient_now_playing | peaceful background calm
[2026-05-30T23:09:17Z] [info] ambient_pick | local:calm-my-mind.mp3
[2026-05-30T23:09:17Z] [info] ambient_now_playing | calm my mind
[2026-05-30T23:12:16Z] [info] ambient_pick | local:relax-five-minute-calm.mp3
[2026-05-30T23:12:16Z] [info] ambient_now_playing | relax five minute calm
[2026-05-30T23:17:34Z] [info] ambient_pick | local:fragments-aerhead-ambient.mp3
[2026-05-30T23:17:34Z] [info] ambient_now_playing | fragments aerhead ambient
[2026-05-30T23:23:07Z] [info] ambient_pick | local:five-minute-royalty-calm.mp3
[2026-05-30T23:23:07Z] [info] ambient_now_playing | five minute royalty calm
[2026-05-30T23:28:29Z] [info] ambient_pick | local:free-ambient-meditation.mp3
[2026-05-30T23:28:29Z] [info] ambient_now_playing | free ambient meditation
[2026-05-30T23:39:46Z] [info] ambient_pick | local:spiritual-meditation-mountain.mp3
[2026-05-30T23:39:46Z] [info] ambient_now_playing | spiritual meditation mountain
[2026-05-30T23:45:16Z] [info] ambient_pick | local:lost-ambient-pads.mp3
[2026-05-30T23:45:16Z] [info] ambient_now_playing | lost ambient pads
[2026-05-30T23:48:36Z] [info] ambient_pick | local:relaxation-sleep-jean-angius.mp3
[2026-05-30T23:48:36Z] [info] ambient_now_playing | relaxation sleep jean angius
[2026-05-30T23:51:13Z] [info] ambient_pick | local:five-minute-relaxing-calm.mp3
[2026-05-30T23:51:13Z] [info] ambient_now_playing | five minute relaxing calm
[2026-05-30T23:57:51Z] [info] ambient_pick | local:mushroom-temple-drift.mp3
[2026-05-30T23:57:51Z] [info] ambient_now_playing | mushroom temple drift
