[2026-06-01T00:09:05Z] [info] ambient_pick | local:calm-my-mind.mp3
[2026-06-01T00:09:05Z] [info] ambient_now_playing | calm my mind
[2026-06-01T00:12:04Z] [info] ambient_pick | local:meditation-leberch.mp3
[2026-06-01T00:12:04Z] [info] ambient_now_playing | meditation leberch
[2026-06-01T00:15:02Z] [info] ambient_pick | local:fragments-aerhead-ambient.mp3
[2026-06-01T00:15:02Z] [info] ambient_now_playing | fragments aerhead ambient
[2026-06-01T00:20:36Z] [info] ambient_pick | local:positive-mood-ambient.mp3
[2026-06-01T00:20:36Z] [info] ambient_now_playing | positive mood ambient
[2026-06-01T00:25:51Z] [info] ambient_pick | local:relaxing-piano-clavier.mp3
[2026-06-01T00:25:51Z] [info] ambient_now_playing | relaxing piano clavier
[2026-06-01T00:28:02Z] [info] ambient_pick | local:dreamcatcher-calm-ambient.mp3
[2026-06-01T00:28:02Z] [info] ambient_now_playing | dreamcatcher calm ambient
[2026-06-01T00:32:20Z] [info] ambient_pick | local:violet-orbit.mp3
[2026-06-01T00:32:20Z] [info] ambient_now_playing | violet orbit
[2026-06-01T00:38:00Z] [info] ambient_pick | local:relaxation-sleep-jean-angius.mp3
[2026-06-01T00:38:00Z] [info] ambient_now_playing | relaxation sleep jean angius
[2026-06-01T00:40:37Z] [info] ambient_pick | local:mushroom-temple-drift.mp3
[2026-06-01T00:40:37Z] [info] ambient_now_playing | mushroom temple drift
[2026-06-01T00:48:41Z] [info] ambient_pick | local:five-minute-relaxing-calm.mp3
[2026-06-01T00:48:41Z] [info] ambient_now_playing | five minute relaxing calm
[2026-06-01T00:55:19Z] [info] ambient_pick | local:peaceful-background-calm.mp3
[2026-06-01T00:55:19Z] [info] ambient_now_playing | peaceful background calm
[2026-06-01T00:57:25Z] [info] ambient_pick | local:lost-ambient-pads.mp3
[2026-06-01T00:57:25Z] [info] ambient_now_playing | lost ambient pads
[2026-06-01T01:00:45Z] [info] ambient_pick | local:zen-instrumental-ambient.mp3
[2026-06-01T01:00:45Z] [info] ambient_now_playing | zen instrumental ambient
[2026-06-01T01:06:15Z] [info] ambient_pick | local:spiritual-meditation-mountain.mp3
[2026-06-01T01:06:15Z] [info] ambient_now_playing | spiritual meditation mountain
[2026-06-01T01:11:45Z] [info] ambient_pick | local:calm-my-mind.mp3
[2026-06-01T01:11:45Z] [info] ambient_now_playing | calm my mind
[2026-06-01T01:14:45Z] [info] ambient_pick | local:meditation-leberch.mp3
[2026-06-01T01:14:45Z] [info] ambient_now_playing | meditation leberch
[2026-06-01T01:17:43Z] [info] ambient_pick | local:ambient_fallback.mp3
[2026-06-01T01:17:43Z] [info] ambient_now_playing | ambient fallback
[2026-06-01T01:23:03Z] [info] ambient_pick | local:relax-five-minute-calm.mp3
[2026-06-01T01:23:03Z] [info] ambient_now_playing | relax five minute calm
[2026-06-01T01:28:21Z] [info] ambient_pick | local:free-ambient-meditation.mp3
[2026-06-01T01:28:21Z] [info] ambient_now_playing | free ambient meditation
[2026-06-01T01:39:37Z] [info] ambient_pick | local:violet-orbit.mp3
[2026-06-01T01:39:37Z] [info] ambient_now_playing | violet orbit
[2026-06-01T01:42:34Z] [info] inspirational_post | ✨ Let the noise settle. You can hear yourself again.
[2026-06-01T01:42:34Z] [info] quote_posted | Let the noise settle. You can hear yourself again.
[2026-06-01T01:45:17Z] [info] ambient_pick | local:fragments-aerhead-ambient.mp3
[2026-06-01T01:45:17Z] [info] ambient_now_playing | fragments aerhead ambient
[2026-06-01T01:50:51Z] [info] ambient_pick | local:mushroom-temple-drift.mp3
[2026-06-01T01:50:51Z] [info] ambient_now_playing | mushroom temple drift
[2026-06-01T01:58:55Z] [info] ambient_pick | local:relaxing-piano-clavier.mp3
[2026-06-01T01:58:55Z] [info] ambient_now_playing | relaxing piano clavier
[2026-06-01T02:01:07Z] [info] ambient_pick | local:five-minute-relaxing-calm.mp3
[2026-06-01T02:01:07Z] [info] ambient_now_playing | five minute relaxing calm
[2026-06-01T02:07:45Z] [info] ambient_pick | local:five-minute-royalty-calm.mp3
[2026-06-01T02:07:45Z] [info] ambient_now_playing | five minute royalty calm
[2026-06-01T02:13:07Z] [info] ambient_pick | local:lost-ambient-pads.mp3
[2026-06-01T02:13:07Z] [info] ambient_now_playing | lost ambient pads
[2026-06-01T02:16:27Z] [info] ambient_pick | local:peaceful-background-calm.mp3
[2026-06-01T02:16:27Z] [info] ambient_now_playing | peaceful background calm
[2026-06-01T02:18:33Z] [info] ambient_pick | local:spiritual-meditation-mountain.mp3
[2026-06-01T02:18:33Z] [info] ambient_now_playing | spiritual meditation mountain
[2026-06-01T02:24:03Z] [info] ambient_pick | local:positive-mood-ambient.mp3
[2026-06-01T02:24:03Z] [info] ambient_now_playing | positive mood ambient
[2026-06-01T02:29:18Z] [info] ambient_pick | local:relaxation-sleep-jean-angius.mp3
[2026-06-01T02:29:18Z] [info] ambient_now_playing | relaxation sleep jean angius
[2026-06-01T02:31:55Z] [info] ambient_pick | local:calm-my-mind.mp3
[2026-06-01T02:31:55Z] [info] ambient_now_playing | calm my mind
[2026-06-01T02:34:54Z] [info] ambient_pick | local:dreamcatcher-calm-ambient.mp3
[2026-06-01T02:34:54Z] [info] ambient_now_playing | dreamcatcher calm ambient
[2026-06-01T02:39:12Z] [info] ambient_pick | local:ambient_fallback.mp3
[2026-06-01T02:39:12Z] [info] ambient_now_playing | ambient fallback
[2026-06-01T02:44:33Z] [info] ambient_pick | local:violet-orbit.mp3
[2026-06-01T02:44:33Z] [info] ambient_now_playing | violet orbit
[2026-06-01T02:50:13Z] [info] ambient_pick | local:relax-five-minute-calm.mp3
[2026-06-01T02:50:13Z] [info] ambient_now_playing | relax five minute calm
[2026-06-01T02:55:30Z] [info] ambient_pick | local:mushroom-temple-drift.mp3
[2026-06-01T02:55:30Z] [info] ambient_now_playing | mushroom temple drift
[2026-06-01T02:59:54Z] [info] garth_tool | skip_ambient_track {}
[2026-06-01T02:59:54Z] [info] ambient_pick | local:five-minute-relaxing-calm.mp3
[2026-06-01T02:59:54Z] [info] ambient_now_playing | five minute relaxing calm
[2026-06-01T03:06:33Z] [info] ambient_pick | local:zen-instrumental-ambient.mp3
[2026-06-01T03:06:33Z] [info] ambient_now_playing | zen instrumental ambient
[2026-06-01T03:12:02Z] [info] ambient_pick | local:relaxing-piano-clavier.mp3
[2026-06-01T03:12:02Z] [info] ambient_now_playing | relaxing piano clavier
[2026-06-01T03:14:14Z] [info] ambient_pick | local:peaceful-background-calm.mp3
[2026-06-01T03:14:14Z] [info] ambient_now_playing | peaceful background calm
[2026-06-01T03:16:19Z] [info] ambient_pick | local:fragments-aerhead-ambient.mp3
[2026-06-01T03:16:19Z] [info] ambient_now_playing | fragments aerhead ambient
[2026-06-01T03:21:53Z] [info] ambient_pick | local:lost-ambient-pads.mp3
[2026-06-01T03:21:53Z] [info] ambient_now_playing | lost ambient pads
[2026-06-01T03:25:13Z] [info] ambient_pick | local:free-ambient-meditation.mp3
[2026-06-01T03:25:13Z] [info] ambient_now_playing | free ambient meditation
[2026-06-01T03:36:29Z] [info] ambient_pick | local:positive-mood-ambient.mp3
[2026-06-01T03:36:30Z] [info] ambient_now_playing | positive mood ambient
[2026-06-01T03:41:45Z] [info] ambient_pick | local:calm-my-mind.mp3
[2026-06-01T03:41:45Z] [info] ambient_now_playing | calm my mind
[2026-06-01T03:44:44Z] [info] ambient_pick | local:ambient_fallback.mp3
[2026-06-01T03:44:44Z] [info] ambient_now_playing | ambient fallback
[2026-06-01T03:50:05Z] [info] ambient_pick | local:violet-orbit.mp3
[2026-06-01T03:50:05Z] [info] ambient_now_playing | violet orbit
[2026-06-01T03:55:45Z] [info] ambient_pick | local:meditation-leberch.mp3
[2026-06-01T03:55:45Z] [info] ambient_now_playing | meditation leberch
[2026-06-01T03:58:43Z] [info] ambient_pick | local:dreamcatcher-calm-ambient.mp3
[2026-06-01T03:58:43Z] [info] ambient_now_playing | dreamcatcher calm ambient
[2026-06-01T04:03:00Z] [info] ambient_pick | local:five-minute-royalty-calm.mp3
[2026-06-01T04:03:00Z] [info] ambient_now_playing | five minute royalty calm
[2026-06-01T04:08:22Z] [info] ambient_pick | local:five-minute-relaxing-calm.mp3
[2026-06-01T04:08:23Z] [info] ambient_now_playing | five minute relaxing calm
[2026-06-01T04:15:01Z] [info] ambient_pick | local:spiritual-meditation-mountain.mp3
[2026-06-01T04:15:01Z] [info] ambient_now_playing | spiritual meditation mountain
[2026-06-01T04:20:31Z] [info] ambient_pick | local:zen-instrumental-ambient.mp3
[2026-06-01T04:20:31Z] [info] ambient_now_playing | zen instrumental ambient
[2026-06-01T04:26:01Z] [info] ambient_pick | local:mushroom-temple-drift.mp3
[2026-06-01T04:26:01Z] [info] ambient_now_playing | mushroom temple drift
[2026-06-01T04:34:05Z] [info] ambient_pick | local:relaxing-piano-clavier.mp3
[2026-06-01T04:34:05Z] [info] ambient_now_playing | relaxing piano clavier
[2026-06-01T04:36:16Z] [info] ambient_pick | local:free-ambient-meditation.mp3
[2026-06-01T04:36:16Z] [info] ambient_now_playing | free ambient meditation
[2026-06-01T04:47:32Z] [info] ambient_pick | local:relaxation-sleep-jean-angius.mp3
[2026-06-01T04:47:32Z] [info] ambient_now_playing | relaxation sleep jean angius
[2026-06-01T04:50:09Z] [info] ambient_pick | local:relax-five-minute-calm.mp3
[2026-06-01T04:50:09Z] [info] ambient_now_playing | relax five minute calm
[2026-06-01T04:55:27Z] [info] ambient_pick | local:calm-my-mind.mp3
[2026-06-01T04:55:27Z] [info] ambient_now_playing | calm my mind
[2026-06-01T04:58:26Z] [info] ambient_pick | local:lost-ambient-pads.mp3
[2026-06-01T04:58:26Z] [info] ambient_now_playing | lost ambient pads
[2026-06-01T05:01:47Z] [info] ambient_pick | local:meditation-leberch.mp3
[2026-06-01T05:01:47Z] [info] ambient_now_playing | meditation leberch
[2026-06-01T05:04:45Z] [info] ambient_pick | local:peaceful-background-calm.mp3
[2026-06-01T05:04:45Z] [info] ambient_now_playing | peaceful background calm
[2026-06-01T05:06:50Z] [info] ambient_pick | local:violet-orbit.mp3
[2026-06-01T05:06:50Z] [info] ambient_now_playing | violet orbit
[2026-06-01T05:12:30Z] [info] ambient_pick | local:dreamcatcher-calm-ambient.mp3
[2026-06-01T05:12:30Z] [info] ambient_now_playing | dreamcatcher calm ambient
[2026-06-01T05:16:48Z] [info] ambient_pick | local:spiritual-meditation-mountain.mp3
[2026-06-01T05:16:48Z] [info] ambient_now_playing | spiritual meditation mountain
[2026-06-01T05:22:18Z] [info] ambient_pick | local:fragments-aerhead-ambient.mp3
[2026-06-01T05:22:18Z] [info] ambient_now_playing | fragments aerhead ambient
[2026-06-01T05:27:52Z] [info] ambient_pick | local:mushroom-temple-drift.mp3
[2026-06-01T05:27:52Z] [info] ambient_now_playing | mushroom temple drift
[2026-06-01T05:35:56Z] [info] ambient_pick | local:five-minute-relaxing-calm.mp3
[2026-06-01T05:35:56Z] [info] ambient_now_playing | five minute relaxing calm
[2026-06-01T05:42:34Z] [info] ambient_pick | local:positive-mood-ambient.mp3
[2026-06-01T05:42:34Z] [info] ambient_now_playing | positive mood ambient
[2026-06-01T05:42:34Z] [info] inspirational_post | ✨ The present moment is enough to stand in.
[2026-06-01T05:42:34Z] [info] quote_posted | The present moment is enough to stand in.
[2026-06-01T05:47:49Z] [info] ambient_pick | local:free-ambient-meditation.mp3
[2026-06-01T05:47:49Z] [info] ambient_now_playing | free ambient meditation
[2026-06-01T05:59:05Z] [info] ambient_pick | local:relax-five-minute-calm.mp3
[2026-06-01T05:59:05Z] [info] ambient_now_playing | relax five minute calm
[2026-06-01T06:04:23Z] [info] ambient_pick | local:five-minute-royalty-calm.mp3
[2026-06-01T06:04:23Z] [info] ambient_now_playing | five minute royalty calm
[2026-06-01T06:09:45Z] [info] ambient_pick | local:relaxing-piano-clavier.mp3
[2026-06-01T06:09:45Z] [info] ambient_now_playing | relaxing piano clavier
[2026-06-01T06:11:56Z] [info] ambient_pick | local:zen-instrumental-ambient.mp3
[2026-06-01T06:11:56Z] [info] ambient_now_playing | zen instrumental ambient
[2026-06-01T06:17:25Z] [info] ambient_pick | local:relaxation-sleep-jean-angius.mp3
[2026-06-01T06:17:25Z] [info] ambient_now_playing | relaxation sleep jean angius
[2026-06-01T06:20:02Z] [info] ambient_pick | local:violet-orbit.mp3
[2026-06-01T06:20:02Z] [info] ambient_now_playing | violet orbit
[2026-06-01T06:25:42Z] [info] ambient_pick | local:calm-my-mind.mp3
[2026-06-01T06:25:42Z] [info] ambient_now_playing | calm my mind
[2026-06-01T06:28:42Z] [info] ambient_pick | local:spiritual-meditation-mountain.mp3
[2026-06-01T06:28:42Z] [info] ambient_now_playing | spiritual meditation mountain
[2026-06-01T06:34:12Z] [info] ambient_pick | local:meditation-leberch.mp3
[2026-06-01T06:34:12Z] [info] ambient_now_playing | meditation leberch
[2026-06-01T06:37:10Z] [info] ambient_pick | local:fragments-aerhead-ambient.mp3
[2026-06-01T06:37:10Z] [info] ambient_now_playing | fragments aerhead ambient
[2026-06-01T06:42:44Z] [info] ambient_pick | local:dreamcatcher-calm-ambient.mp3
[2026-06-01T06:42:44Z] [info] ambient_now_playing | dreamcatcher calm ambient
[2026-06-01T06:47:01Z] [info] ambient_pick | local:ambient_fallback.mp3
[2026-06-01T06:47:01Z] [info] ambient_now_playing | ambient fallback
[2026-06-01T06:52:22Z] [info] ambient_pick | local:positive-mood-ambient.mp3
[2026-06-01T06:52:22Z] [info] ambient_now_playing | positive mood ambient
[2026-06-01T06:57:37Z] [info] ambient_pick | local:relax-five-minute-calm.mp3
[2026-06-01T06:57:37Z] [info] ambient_now_playing | relax five minute calm
[2026-06-01T07:02:54Z] [info] ambient_pick | local:mushroom-temple-drift.mp3
[2026-06-01T07:02:54Z] [info] ambient_now_playing | mushroom temple drift
[2026-06-01T07:10:58Z] [info] ambient_pick | local:five-minute-relaxing-calm.mp3
[2026-06-01T07:10:58Z] [info] ambient_now_playing | five minute relaxing calm
[2026-06-01T07:17:37Z] [info] ambient_pick | local:five-minute-royalty-calm.mp3
[2026-06-01T07:17:37Z] [info] ambient_now_playing | five minute royalty calm
[2026-06-01T07:22:59Z] [info] ambient_pick | local:free-ambient-meditation.mp3
[2026-06-01T07:22:59Z] [info] ambient_now_playing | free ambient meditation
[2026-06-01T07:34:15Z] [info] ambient_pick | local:zen-instrumental-ambient.mp3
[2026-06-01T07:34:15Z] [info] ambient_now_playing | zen instrumental ambient
[2026-06-01T07:39:45Z] [info] ambient_pick | local:lost-ambient-pads.mp3
[2026-06-01T07:39:45Z] [info] ambient_now_playing | lost ambient pads
[2026-06-01T07:43:05Z] [info] ambient_pick | local:spiritual-meditation-mountain.mp3
[2026-06-01T07:43:05Z] [info] ambient_now_playing | spiritual meditation mountain
[2026-06-01T07:48:35Z] [info] ambient_pick | local:peaceful-background-calm.mp3
[2026-06-01T07:48:35Z] [info] ambient_now_playing | peaceful background calm
[2026-06-01T07:50:41Z] [info] ambient_pick | local:fragments-aerhead-ambient.mp3
[2026-06-01T07:50:41Z] [info] ambient_now_playing | fragments aerhead ambient
[2026-06-01T07:56:14Z] [info] ambient_pick | local:meditation-leberch.mp3
[2026-06-01T07:56:15Z] [info] ambient_now_playing | meditation leberch
[2026-06-01T07:59:13Z] [info] ambient_pick | local:violet-orbit.mp3
[2026-06-01T07:59:13Z] [info] ambient_now_playing | violet orbit
[2026-06-01T08:04:53Z] [info] ambient_pick | local:calm-my-mind.mp3
[2026-06-01T08:04:53Z] [info] ambient_now_playing | calm my mind
[2026-06-01T08:07:52Z] [info] ambient_pick | local:relaxing-piano-clavier.mp3
[2026-06-01T08:07:52Z] [info] ambient_now_playing | relaxing piano clavier
[2026-06-01T08:10:03Z] [info] ambient_pick | local:relaxation-sleep-jean-angius.mp3
[2026-06-01T08:10:03Z] [info] ambient_now_playing | relaxation sleep jean angius
[2026-06-01T08:12:41Z] [info] ambient_pick | local:ambient_fallback.mp3
[2026-06-01T08:12:41Z] [info] ambient_now_playing | ambient fallback
[2026-06-01T08:18:02Z] [info] ambient_pick | local:five-minute-royalty-calm.mp3
[2026-06-01T08:18:02Z] [info] ambient_now_playing | five minute royalty calm
[2026-06-01T08:23:24Z] [info] ambient_pick | local:dreamcatcher-calm-ambient.mp3
[2026-06-01T08:23:24Z] [info] ambient_now_playing | dreamcatcher calm ambient
[2026-06-01T08:27:41Z] [info] ambient_pick | local:relax-five-minute-calm.mp3
[2026-06-01T08:27:41Z] [info] ambient_now_playing | relax five minute calm
[2026-06-01T08:32:59Z] [info] ambient_pick | local:mushroom-temple-drift.mp3
[2026-06-01T08:32:59Z] [info] ambient_now_playing | mushroom temple drift
[2026-06-01T08:41:03Z] [info] ambient_pick | local:zen-instrumental-ambient.mp3
[2026-06-01T08:41:03Z] [info] ambient_now_playing | zen instrumental ambient
[2026-06-01T08:46:32Z] [info] ambient_pick | local:peaceful-background-calm.mp3
[2026-06-01T08:46:32Z] [info] ambient_now_playing | peaceful background calm
[2026-06-01T08:48:38Z] [info] ambient_pick | local:five-minute-relaxing-calm.mp3
[2026-06-01T08:48:38Z] [info] ambient_now_playing | five minute relaxing calm
[2026-06-01T08:55:16Z] [info] ambient_pick | local:positive-mood-ambient.mp3
[2026-06-01T08:55:16Z] [info] ambient_now_playing | positive mood ambient
[2026-06-01T09:00:31Z] [info] ambient_pick | local:meditation-leberch.mp3
[2026-06-01T09:00:31Z] [info] ambient_now_playing | meditation leberch
[2026-06-01T09:03:29Z] [info] ambient_pick | local:calm-my-mind.mp3
[2026-06-01T09:03:29Z] [info] ambient_now_playing | calm my mind
[2026-06-01T09:06:29Z] [info] ambient_pick | local:free-ambient-meditation.mp3
[2026-06-01T09:06:29Z] [info] ambient_now_playing | free ambient meditation
[2026-06-01T09:17:45Z] [info] ambient_pick | local:lost-ambient-pads.mp3
[2026-06-01T09:17:45Z] [info] ambient_now_playing | lost ambient pads
[2026-06-01T09:21:05Z] [info] ambient_pick | local:fragments-aerhead-ambient.mp3
[2026-06-01T09:21:05Z] [info] ambient_now_playing | fragments aerhead ambient
[2026-06-01T09:26:39Z] [info] ambient_pick | local:five-minute-royalty-calm.mp3
[2026-06-01T09:26:39Z] [info] ambient_now_playing | five minute royalty calm
[2026-06-01T09:32:01Z] [info] ambient_pick | local:violet-orbit.mp3
[2026-06-01T09:32:01Z] [info] ambient_now_playing | violet orbit
[2026-06-01T09:37:41Z] [info] ambient_pick | local:dreamcatcher-calm-ambient.mp3
[2026-06-01T09:37:41Z] [info] ambient_now_playing | dreamcatcher calm ambient
[2026-06-01T09:41:59Z] [info] ambient_pick | local:relaxing-piano-clavier.mp3
[2026-06-01T09:41:59Z] [info] ambient_now_playing | relaxing piano clavier
[2026-06-01T09:42:33Z] [info] inspirational_post | ✨ You don't have to carry everything at once.
[2026-06-01T09:42:33Z] [info] quote_posted | You don't have to carry everything at once.
[2026-06-01T09:44:10Z] [info] ambient_pick | local:relax-five-minute-calm.mp3
[2026-06-01T09:44:10Z] [info] ambient_now_playing | relax five minute calm
[2026-06-01T09:49:28Z] [info] ambient_pick | local:peaceful-background-calm.mp3
[2026-06-01T09:49:28Z] [info] ambient_now_playing | peaceful background calm
[2026-06-01T09:51:33Z] [info] ambient_pick | local:five-minute-relaxing-calm.mp3
[2026-06-01T09:51:33Z] [info] ambient_now_playing | five minute relaxing calm
[2026-06-01T09:58:11Z] [info] ambient_pick | local:positive-mood-ambient.mp3
[2026-06-01T09:58:11Z] [info] ambient_now_playing | positive mood ambient
[2026-06-01T10:03:26Z] [info] ambient_pick | local:meditation-leberch.mp3
[2026-06-01T10:03:26Z] [info] ambient_now_playing | meditation leberch
[2026-06-01T10:06:24Z] [info] ambient_pick | local:relaxation-sleep-jean-angius.mp3
[2026-06-01T10:06:24Z] [info] ambient_now_playing | relaxation sleep jean angius
[2026-06-01T10:09:02Z] [info] ambient_pick | local:calm-my-mind.mp3
[2026-06-01T10:09:02Z] [info] ambient_now_playing | calm my mind
[2026-06-01T10:12:01Z] [info] ambient_pick | local:spiritual-meditation-mountain.mp3
[2026-06-01T10:12:01Z] [info] ambient_now_playing | spiritual meditation mountain
[2026-06-01T10:17:31Z] [info] ambient_pick | local:zen-instrumental-ambient.mp3
[2026-06-01T10:17:31Z] [info] ambient_now_playing | zen instrumental ambient
[2026-06-01T10:23:01Z] [info] ambient_pick | local:free-ambient-meditation.mp3
[2026-06-01T10:23:01Z] [info] ambient_now_playing | free ambient meditation
[2026-06-01T10:34:17Z] [info] ambient_pick | local:ambient_fallback.mp3
[2026-06-01T10:34:17Z] [info] ambient_now_playing | ambient fallback
[2026-06-01T10:39:38Z] [info] ambient_pick | local:dreamcatcher-calm-ambient.mp3
[2026-06-01T10:39:38Z] [info] ambient_now_playing | dreamcatcher calm ambient
[2026-06-01T10:43:55Z] [info] ambient_pick | local:five-minute-royalty-calm.mp3
[2026-06-01T10:43:55Z] [info] ambient_now_playing | five minute royalty calm
[2026-06-01T10:49:17Z] [info] ambient_pick | local:relax-five-minute-calm.mp3
[2026-06-01T10:49:17Z] [info] ambient_now_playing | relax five minute calm
[2026-06-01T10:54:35Z] [info] ambient_pick | local:violet-orbit.mp3
[2026-06-01T10:54:35Z] [info] ambient_now_playing | violet orbit
[2026-06-01T11:00:15Z] [info] ambient_pick | local:mushroom-temple-drift.mp3
[2026-06-01T11:00:15Z] [info] ambient_now_playing | mushroom temple drift
[2026-06-01T11:08:19Z] [info] ambient_pick | local:peaceful-background-calm.mp3
[2026-06-01T11:08:19Z] [info] ambient_now_playing | peaceful background calm
[2026-06-01T11:10:25Z] [info] ambient_pick | local:fragments-aerhead-ambient.mp3
[2026-06-01T11:10:25Z] [info] ambient_now_playing | fragments aerhead ambient
[2026-06-01T11:15:58Z] [info] ambient_pick | local:relaxation-sleep-jean-angius.mp3
[2026-06-01T11:15:58Z] [info] ambient_now_playing | relaxation sleep jean angius
[2026-06-01T11:18:36Z] [info] ambient_pick | local:relaxing-piano-clavier.mp3
[2026-06-01T11:18:36Z] [info] ambient_now_playing | relaxing piano clavier
[2026-06-01T11:20:47Z] [info] ambient_pick | local:five-minute-relaxing-calm.mp3
[2026-06-01T11:20:47Z] [info] ambient_now_playing | five minute relaxing calm
[2026-06-01T11:27:25Z] [info] ambient_pick | local:calm-my-mind.mp3
[2026-06-01T11:27:25Z] [info] ambient_now_playing | calm my mind
[2026-06-01T11:30:25Z] [info] ambient_pick | local:spiritual-meditation-mountain.mp3
[2026-06-01T11:30:25Z] [info] ambient_now_playing | spiritual meditation mountain
[2026-06-01T11:35:55Z] [info] ambient_pick | local:zen-instrumental-ambient.mp3
[2026-06-01T11:35:55Z] [info] ambient_now_playing | zen instrumental ambient
[2026-06-01T11:41:25Z] [info] ambient_pick | local:lost-ambient-pads.mp3
[2026-06-01T11:41:25Z] [info] ambient_now_playing | lost ambient pads
[2026-06-01T11:44:45Z] [info] ambient_pick | local:meditation-leberch.mp3
[2026-06-01T11:44:45Z] [info] ambient_now_playing | meditation leberch
[2026-06-01T11:47:43Z] [info] ambient_pick | local:five-minute-royalty-calm.mp3
[2026-06-01T11:47:43Z] [info] ambient_now_playing | five minute royalty calm
[2026-06-01T11:53:05Z] [info] ambient_pick | local:violet-orbit.mp3
[2026-06-01T11:53:05Z] [info] ambient_now_playing | violet orbit
[2026-06-01T11:58:45Z] [info] ambient_pick | local:relax-five-minute-calm.mp3
[2026-06-01T11:58:45Z] [info] ambient_now_playing | relax five minute calm
[2026-06-01T12:04:03Z] [info] ambient_pick | local:peaceful-background-calm.mp3
[2026-06-01T12:04:03Z] [info] ambient_now_playing | peaceful background calm
[2026-06-01T12:06:08Z] [info] ambient_pick | local:dreamcatcher-calm-ambient.mp3
[2026-06-01T12:06:08Z] [info] ambient_now_playing | dreamcatcher calm ambient
[2026-06-01T12:10:26Z] [info] ambient_pick | local:mushroom-temple-drift.mp3
[2026-06-01T12:10:26Z] [info] ambient_now_playing | mushroom temple drift
[2026-06-01T12:18:30Z] [info] ambient_pick | local:ambient_fallback.mp3
[2026-06-01T12:18:30Z] [info] ambient_now_playing | ambient fallback
[2026-06-01T12:23:51Z] [info] ambient_pick | local:relaxation-sleep-jean-angius.mp3
[2026-06-01T12:23:51Z] [info] ambient_now_playing | relaxation sleep jean angius
[2026-06-01T12:26:28Z] [info] ambient_pick | local:calm-my-mind.mp3
[2026-06-01T12:26:28Z] [info] ambient_now_playing | calm my mind
[2026-06-01T12:29:27Z] [info] ambient_pick | local:positive-mood-ambient.mp3
[2026-06-01T12:29:27Z] [info] ambient_now_playing | positive mood ambient
[2026-06-01T12:34:42Z] [info] ambient_pick | local:free-ambient-meditation.mp3
[2026-06-01T12:34:42Z] [info] ambient_now_playing | free ambient meditation
[2026-06-01T12:45:58Z] [info] ambient_pick | local:five-minute-relaxing-calm.mp3
[2026-06-01T12:45:58Z] [info] ambient_now_playing | five minute relaxing calm
[2026-06-01T12:52:37Z] [info] ambient_pick | local:relaxing-piano-clavier.mp3
[2026-06-01T12:52:37Z] [info] ambient_now_playing | relaxing piano clavier
[2026-06-01T12:54:48Z] [info] ambient_pick | local:zen-instrumental-ambient.mp3
[2026-06-01T12:54:48Z] [info] ambient_now_playing | zen instrumental ambient
[2026-06-01T13:00:18Z] [info] ambient_pick | local:five-minute-royalty-calm.mp3
[2026-06-01T13:00:18Z] [info] ambient_now_playing | five minute royalty calm
[2026-06-01T13:05:40Z] [info] ambient_pick | local:meditation-leberch.mp3
[2026-06-01T13:05:40Z] [info] ambient_now_playing | meditation leberch
[2026-06-01T13:08:38Z] [info] ambient_pick | local:peaceful-background-calm.mp3
[2026-06-01T13:08:38Z] [info] ambient_now_playing | peaceful background calm
[2026-06-01T13:10:43Z] [info] ambient_pick | local:violet-orbit.mp3
[2026-06-01T13:10:43Z] [info] ambient_now_playing | violet orbit
[2026-06-01T13:16:23Z] [info] ambient_pick | local:lost-ambient-pads.mp3
[2026-06-01T13:16:24Z] [info] ambient_now_playing | lost ambient pads
[2026-06-01T13:19:44Z] [info] ambient_pick | local:ambient_fallback.mp3
[2026-06-01T13:19:44Z] [info] ambient_now_playing | ambient fallback
[2026-06-01T13:25:05Z] [info] ambient_pick | local:fragments-aerhead-ambient.mp3
[2026-06-01T13:25:05Z] [info] ambient_now_playing | fragments aerhead ambient
[2026-06-01T13:30:39Z] [info] ambient_pick | local:relax-five-minute-calm.mp3
[2026-06-01T13:30:39Z] [info] ambient_now_playing | relax five minute calm
[2026-06-01T13:35:56Z] [info] ambient_pick | local:calm-my-mind.mp3
[2026-06-01T13:35:56Z] [info] ambient_now_playing | calm my mind
[2026-06-01T13:38:55Z] [info] ambient_pick | local:free-ambient-meditation.mp3
[2026-06-01T13:38:55Z] [info] ambient_now_playing | free ambient meditation
[2026-06-01T13:42:34Z] [info] inspirational_post | ✨ Progress isn't always loud.
[2026-06-01T13:42:34Z] [info] quote_posted | Progress isn't always loud.
[2026-06-01T13:50:12Z] [info] ambient_pick | local:spiritual-meditation-mountain.mp3
[2026-06-01T13:50:12Z] [info] ambient_now_playing | spiritual meditation mountain
[2026-06-01T13:55:42Z] [info] ambient_pick | local:relaxing-piano-clavier.mp3
[2026-06-01T13:55:42Z] [info] ambient_now_playing | relaxing piano clavier
[2026-06-01T13:57:53Z] [info] ambient_pick | local:dreamcatcher-calm-ambient.mp3
[2026-06-01T13:57:53Z] [info] ambient_now_playing | dreamcatcher calm ambient
[2026-06-01T14:02:10Z] [info] ambient_pick | local:five-minute-relaxing-calm.mp3
[2026-06-01T14:02:10Z] [info] ambient_now_playing | five minute relaxing calm
[2026-06-01T14:08:49Z] [info] ambient_pick | local:five-minute-royalty-calm.mp3
[2026-06-01T14:08:49Z] [info] ambient_now_playing | five minute royalty calm
[2026-06-01T14:14:11Z] [info] ambient_pick | local:positive-mood-ambient.mp3
[2026-06-01T14:14:11Z] [info] ambient_now_playing | positive mood ambient
[2026-06-01T14:19:26Z] [info] ambient_pick | local:peaceful-background-calm.mp3
[2026-06-01T14:19:26Z] [info] ambient_now_playing | peaceful background calm
[2026-06-01T14:21:31Z] [info] ambient_pick | local:zen-instrumental-ambient.mp3
[2026-06-01T14:21:31Z] [info] ambient_now_playing | zen instrumental ambient
[2026-06-01T14:27:01Z] [info] ambient_pick | local:violet-orbit.mp3
[2026-06-01T14:27:01Z] [info] ambient_now_playing | violet orbit
[2026-06-01T14:32:41Z] [info] ambient_pick | local:mushroom-temple-drift.mp3
[2026-06-01T14:32:41Z] [info] ambient_now_playing | mushroom temple drift
[2026-06-01T14:40:45Z] [info] ambient_pick | local:meditation-leberch.mp3
[2026-06-01T14:40:45Z] [info] ambient_now_playing | meditation leberch
[2026-06-01T14:43:43Z] [info] ambient_pick | local:relaxation-sleep-jean-angius.mp3
[2026-06-01T14:43:43Z] [info] ambient_now_playing | relaxation sleep jean angius
[2026-06-01T14:46:21Z] [info] ambient_pick | local:relax-five-minute-calm.mp3
[2026-06-01T14:46:21Z] [info] ambient_now_playing | relax five minute calm
[2026-06-01T14:48:40Z] [info] garth_tool | stop_voice_session {"": {}}
[2026-06-01T17:42:34Z] [info] inspirational_post | ✨ Your effort today is enough for today.
[2026-06-01T17:42:34Z] [info] quote_posted | Your effort today is enough for today.
[2026-06-01T21:42:35Z] [info] inspirational_post | ✨ The present moment is enough to stand in.
[2026-06-01T21:42:35Z] [info] quote_posted | The present moment is enough to stand in.
